NR-TOA UE cfg: sdr=usrp clock=internal time=internal f=2114550000 Fs=30720000 rx_gain=60.0 tx_gain=0.0 mode=0 meas_mode=0 full_band_sweep=0 strict_center_freq=1 gain_sweep=0 target_pci=84 ssb_scs=15kHz anchor_db_path=targets/PROJECTS/NR-TOA/CONF/anchors.csv n_anchors=2
NR-TOA note: SSB mode now attempts real PBCH/MIB decode; treat ssb_locked=1 with mib=0 as a decode failure, not a successful cell accept.
NR-TOA note: IQ near-miss dump enabled, dir=/home/jfm/桌面/TOA_USRP_LimeSDR/precise_trials_live_20260409_194310/pci84_gain60_iq
relative_delay_csv: path=/tmp/nr_ssb_relative_delay_20260409_194354.csv
USRP: configured req(rate=30720000 rx=2114550000 tx=2114550000 gain=60.0) act(rate=30720000 rx=2114550000 tx=2114550000 rx_gain=60.0 tx_gain=0.0 rx_bw=56000000) lo_locked=1
USRP: RX streaming started
freq_sweep: plan_points=1 center=2114550000Hz first=2114550000Hz last=2114550000Hz step_iters=20
rx_gain_plan: count=1 start=60.0 end=60.0 current=60.0
sync_actor: ts=43572261 nsamps=623184 avg_pwr=1224906.9 peak=24908584.0
UE loop: state=2 locked=0 cum_tracking_shift_samp=0 dropped_sync=0 dropped_meas=0 dropped_solver=0
UE loop: state=2 locked=0 cum_tracking_shift_samp=0 dropped_sync=0 dropped_meas=0 dropped_solver=0
UE loop: state=2 locked=0 cum_tracking_shift_samp=0 dropped_sync=0 dropped_meas=0 dropped_solver=0
UE loop: state=2 locked=0 cum_tracking_shift_samp=0 dropped_sync=0 dropped_meas=0 dropped_solver=0
UE loop: state=2 locked=0 cum_tracking_shift_samp=0 dropped_sync=0 dropped_meas=0 dropped_solver=0
UE loop: state=2 locked=0 cum_tracking_shift_samp=0 dropped_sync=0 dropped_meas=0 dropped_solver=0
UE loop: state=2 locked=0 cum_tracking_shift_samp=0 dropped_sync=0 dropped_meas=0 dropped_solver=0
UE loop: state=2 locked=0 cum_tracking_shift_samp=0 dropped_sync=0 dropped_meas=0 dropped_solver=0
UE loop: state=2 locked=0 cum_tracking_shift_samp=0 dropped_sync=0 dropped_meas=0 dropped_solver=0
UE loop: state=2 locked=0 cum_tracking_shift_samp=0 dropped_sync=0 dropped_meas=0 dropped_solver=0
UE loop: state=2 locked=0 cum_tracking_shift_samp=0 dropped_sync=0 dropped_meas=0 dropped_solver=0
UE loop: state=2 locked=0 cum_tracking_shift_samp=0 dropped_sync=0 dropped_meas=0 dropped_solver=0
UE loop: state=2 locked=0 cum_tracking_shift_samp=0 dropped_sync=0 dropped_meas=0 dropped_solver=0
UE loop: state=2 locked=0 cum_tracking_shift_samp=0 dropped_sync=0 dropped_meas=0 dropped_solver=0
UE loop: state=2 locked=0 cum_tracking_shift_samp=0 dropped_sync=0 dropped_meas=0 dropped_solver=0
UE loop: state=2 locked=0 cum_tracking_shift_samp=0 dropped_sync=0 dropped_meas=0 dropped_solver=0
UE loop: state=2 locked=0 cum_tracking_shift_samp=0 dropped_sync=0 dropped_meas=0 dropped_solver=0
UE loop: state=2 locked=0 cum_tracking_shift_samp=0 dropped_sync=0 dropped_meas=0 dropped_solver=0
UE loop: state=2 locked=0 cum_tracking_shift_samp=0 dropped_sync=0 dropped_meas=0 dropped_solver=0
UE loop: state=2 locked=0 cum_tracking_shift_samp=0 dropped_sync=0 dropped_meas=0 dropped_solver=0
UE loop: state=2 locked=0 cum_tracking_shift_samp=0 dropped_sync=0 dropped_meas=0 dropped_solver=0
UE loop: state=2 locked=0 cum_tracking_shift_samp=0 dropped_sync=0 dropped_meas=0 dropped_solver=0
UE loop: state=2 locked=0 cum_tracking_shift_samp=0 dropped_sync=0 dropped_meas=0 dropped_solver=0
UE loop: state=2 locked=0 cum_tracking_shift_samp=0 dropped_sync=0 dropped_meas=0 dropped_solver=0
UE loop: state=2 locked=0 cum_tracking_shift_samp=0 dropped_sync=0 dropped_meas=0 dropped_solver=0
UE loop: state=2 locked=0 cum_tracking_shift_samp=0 dropped_sync=0 dropped_meas=0 dropped_solver=0
UE loop: state=2 locked=0 cum_tracking_shift_samp=0 dropped_sync=0 dropped_meas=0 dropped_solver=0
UE loop: state=2 locked=0 cum_tracking_shift_samp=0 dropped_sync=0 dropped_meas=0 dropped_solver=0
UE loop: state=2 locked=0 cum_tracking_shift_samp=0 dropped_sync=0 dropped_meas=0 dropped_solver=0
UE loop: state=2 locked=0 cum_tracking_shift_samp=0 dropped_sync=0 dropped_meas=0 dropped_solver=0
UE loop: state=2 locked=0 cum_tracking_shift_samp=0 dropped_sync=0 dropped_meas=0 dropped_solver=0
UE loop: state=2 locked=0 cum_tracking_shift_samp=0 dropped_sync=0 dropped_meas=0 dropped_solver=0
UE loop: state=2 locked=0 cum_tracking_shift_samp=0 dropped_sync=0 dropped_meas=0 dropped_solver=0
UE loop: state=2 locked=0 cum_tracking_shift_samp=0 dropped_sync=0 dropped_meas=0 dropped_solver=0
UE loop: state=2 locked=0 cum_tracking_shift_samp=0 dropped_sync=0 dropped_meas=0 dropped_solver=0
UE loop: state=2 locked=0 cum_tracking_shift_samp=0 dropped_sync=0 dropped_meas=0 dropped_solver=0
UE loop: state=2 locked=0 cum_tracking_shift_samp=0 dropped_sync=0 dropped_meas=0 dropped_solver=0
UE loop: state=2 locked=0 cum_tracking_shift_samp=0 dropped_sync=0 dropped_meas=0 dropped_solver=0
UE loop: state=2 locked=0 cum_tracking_shift_samp=0 dropped_sync=0 dropped_meas=0 dropped_solver=0
UE loop: state=2 locked=0 cum_tracking_shift_samp=0 dropped_sync=0 dropped_meas=0 dropped_solver=0
UE loop: state=2 locked=0 cum_tracking_shift_samp=0 dropped_sync=0 dropped_meas=0 dropped_solver=0
UE loop: state=2 locked=0 cum_tracking_shift_samp=0 dropped_sync=0 dropped_meas=0 dropped_solver=0
UE loop: state=2 locked=0 cum_tracking_shift_samp=0 dropped_sync=0 dropped_meas=0 dropped_solver=0
UE loop: state=2 locked=0 cum_tracking_shift_samp=0 dropped_sync=0 dropped_meas=0 dropped_solver=0
UE loop: state=2 locked=0 cum_tracking_shift_samp=0 dropped_sync=0 dropped_meas=0 dropped_solver=0
UE loop: state=2 locked=0 cum_tracking_shift_samp=0 dropped_sync=0 dropped_meas=0 dropped_solver=0
UE loop: state=2 locked=0 cum_tracking_shift_samp=0 dropped_sync=0 dropped_meas=0 dropped_solver=0
UE loop: state=2 locked=0 cum_tracking_shift_samp=0 dropped_sync=0 dropped_meas=0 dropped_solver=0
UE loop: state=2 locked=0 cum_tracking_shift_samp=0 dropped_sync=0 dropped_meas=0 dropped_solver=0
UE loop: state=2 locked=0 cum_tracking_shift_samp=0 dropped_sync=0 dropped_meas=0 dropped_solver=0
UE loop: state=2 locked=0 cum_tracking_shift_samp=0 dropped_sync=0 dropped_meas=0 dropped_solver=0
UE loop: state=2 locked=0 cum_tracking_shift_samp=0 dropped_sync=0 dropped_meas=0 dropped_solver=0
UE loop: state=2 locked=0 cum_tracking_shift_samp=0 dropped_sync=0 dropped_meas=0 dropped_solver=0
UE loop: state=2 locked=0 cum_tracking_shift_samp=0 dropped_sync=0 dropped_meas=0 dropped_solver=0
UE loop: state=2 locked=0 cum_tracking_shift_samp=0 dropped_sync=0 dropped_meas=0 dropped_solver=0
UE loop: state=2 locked=0 cum_tracking_shift_samp=0 dropped_sync=0 dropped_meas=0 dropped_solver=0
UE loop: state=2 locked=0 cum_tracking_shift_samp=0 dropped_sync=0 dropped_meas=0 dropped_solver=0
UE loop: state=2 locked=0 cum_tracking_shift_samp=0 dropped_sync=0 dropped_meas=0 dropped_solver=0
UE loop: state=2 locked=0 cum_tracking_shift_samp=0 dropped_sync=0 dropped_meas=0 dropped_solver=0
UE loop: state=2 locked=0 cum_tracking_shift_samp=0 dropped_sync=0 dropped_meas=0 dropped_solver=0
UE loop: state=2 locked=0 cum_tracking_shift_samp=0 dropped_sync=0 dropped_meas=0 dropped_solver=0
UE loop: state=2 locked=0 cum_tracking_shift_samp=0 dropped_sync=0 dropped_meas=0 dropped_solver=0
UE loop: state=2 locked=0 cum_tracking_shift_samp=0 dropped_sync=0 dropped_meas=0 dropped_solver=0
UE loop: state=2 locked=0 cum_tracking_shift_samp=0 dropped_sync=0 dropped_meas=0 dropped_solver=0
UE loop: state=2 locked=0 cum_tracking_shift_samp=0 dropped_sync=0 dropped_meas=0 dropped_solver=0
UE loop: state=2 locked=0 cum_tracking_shift_samp=0 dropped_sync=0 dropped_meas=0 dropped_solver=0
UE loop: state=2 locked=0 cum_tracking_shift_samp=0 dropped_sync=0 dropped_meas=0 dropped_solver=0
UE loop: state=2 locked=0 cum_tracking_shift_samp=0 dropped_sync=0 dropped_meas=0 dropped_solver=0
UE loop: state=2 locked=0 cum_tracking_shift_samp=0 dropped_sync=0 dropped_meas=0 dropped_solver=0
UE loop: state=2 locked=0 cum_tracking_shift_samp=0 dropped_sync=0 dropped_meas=0 dropped_solver=0
pss_hits: [0]nid2=0 off=99069 m=0.329 cfo=1392.8 [1]nid2=2 off=365671 m=0.128 [2]nid2=2 off=374132 m=0.119 [3]nid2=1 off=620934 m=0.042
UE loop: state=2 locked=0 cum_tracking_shift_samp=0 dropped_sync=0 dropped_meas=0 dropped_solver=0
UE loop: state=2 locked=0 cum_tracking_shift_samp=0 dropped_sync=0 dropped_meas=0 dropped_solver=0
acq_cands: count=1
  cand[0]: pci=84 nid2=0 nid1=28 off=99029 cfo=1392.8 rank=0.329 pss=0.329 hyps=1
GRID_DBG: pci=84 cfo=1392.8 pss_corr=0.0161 sss_corr=0.0656 pss_ph=88.9 sym_pow=[1025.1,2148.9,2035.6,2221.9]
  pci0_scan: pci=84 dt=0 dcfo=0 best_ssb=1 dmrs=0.0919
  pci0_scan: pci=84 dt=0 dcfo=-500 best_ssb=7 dmrs=0.0830
UE loop: state=2 locked=0 cum_tracking_shift_samp=0 dropped_sync=0 dropped_meas=0 dropped_solver=0
  pci0_scan: pci=84 dt=0 dcfo=500 best_ssb=1 dmrs=0.1082
  pci0_scan: pci=84 dt=-1 dcfo=0 best_ssb=7 dmrs=0.0994
  pci0_scan: pci=84 dt=-1 dcfo=-500 best_ssb=7 dmrs=0.1001
UE loop: state=2 locked=0 cum_tracking_shift_samp=0 dropped_sync=0 dropped_meas=0 dropped_solver=0
  pci0_scan: pci=84 dt=-1 dcfo=500 best_ssb=1 dmrs=0.1060
  pci0_scan: pci=84 dt=1 dcfo=0 best_ssb=5 dmrs=0.0973
  pci0_scan: pci=84 dt=1 dcfo=-500 best_ssb=5 dmrs=0.0943
UE loop: state=2 locked=0 cum_tracking_shift_samp=0 dropped_sync=0 dropped_meas=0 dropped_solver=0
  pci0_scan: pci=84 dt=1 dcfo=500 best_ssb=1 dmrs=0.1057
  pci0_scan: pci=84 dt=-2 dcfo=0 best_ssb=7 dmrs=0.1147
  pci0_scan: pci=84 dt=-2 dcfo=-500 best_ssb=7 dmrs=0.1137
UE loop: state=2 locked=0 cum_tracking_shift_samp=0 dropped_sync=0 dropped_meas=0 dropped_solver=0
  pci0_scan: pci=84 dt=-2 dcfo=500 best_ssb=7 dmrs=0.1141
  pci0_scan: pci=84 dt=2 dcfo=0 best_ssb=5 dmrs=0.1134
  pci0_scan: pci=84 dt=2 dcfo=-500 best_ssb=5 dmrs=0.1123
UE loop: state=2 locked=0 cum_tracking_shift_samp=0 dropped_sync=0 dropped_meas=0 dropped_solver=0
  pci0_scan: pci=84 dt=2 dcfo=500 best_ssb=5 dmrs=0.1103
  pci0_scan: pci=84 dt=-3 dcfo=0 best_ssb=7 dmrs=0.1204
UE loop: state=2 locked=0 cum_tracking_shift_samp=0 dropped_sync=0 dropped_meas=0 dropped_solver=0
  pci0_scan: pci=84 dt=-3 dcfo=-500 best_ssb=7 dmrs=0.1185
  pci0_scan: pci=84 dt=-3 dcfo=500 best_ssb=7 dmrs=0.1200
  pci0_scan: pci=84 dt=3 dcfo=0 best_ssb=5 dmrs=0.1283
UE loop: state=2 locked=0 cum_tracking_shift_samp=0 dropped_sync=0 dropped_meas=0 dropped_solver=0
  pci0_scan: pci=84 dt=3 dcfo=-500 best_ssb=5 dmrs=0.1291
  pci0_scan: pci=84 dt=3 dcfo=500 best_ssb=5 dmrs=0.1226
pbch_hyps: count=8 decode=8 best_pci=84 best_ssb=5 best_dmrs=0.129 cfo=1392.8
  hyp[0]: pci=84 ssb=5 dmrs=0.129 ds=0 dt=3 dcfo=-500.0
  hyp[1]: pci=84 ssb=5 dmrs=0.128 ds=0 dt=3 dcfo=0.0
  hyp[2]: pci=84 ssb=5 dmrs=0.123 ds=0 dt=3 dcfo=500.0
  hyp[3]: pci=84 ssb=7 dmrs=0.120 ds=0 dt=-3 dcfo=0.0
  hyp[4]: pci=84 ssb=7 dmrs=0.120 ds=0 dt=-3 dcfo=500.0
  hyp[5]: pci=84 ssb=7 dmrs=0.119 ds=0 dt=-3 dcfo=-500.0
  hyp[6]: pci=84 ssb=2 dmrs=0.118 ds=0 dt=-3 dcfo=0.0
  hyp[7]: pci=84 ssb=2 dmrs=0.117 ds=0 dt=-3 dcfo=500.0
  pbch_try[0]: pci=84 ssb=5 dmrs=0.129 noise=0.6116 cpe=0.003 dt=3 dcfo=-500.0
  LLR_PRE_SCR: pci=84 ssb=5 mean_abs=6.20 max=183.50 pos_frac=0.500
UE loop: state=2 locked=0 cum_tracking_shift_samp=0 dropped_sync=0 dropped_meas=0 dropped_solver=0
  pbch_try[1]: pci=84 ssb=5 dmrs=0.128 noise=0.6126 cpe=0.006 dt=3 dcfo=0.0
  pbch_try[2]: pci=84 ssb=5 dmrs=0.123 noise=0.6164 cpe=0.007 dt=3 dcfo=500.0
  pbch_try[3]: pci=84 ssb=7 dmrs=0.120 noise=0.7149 cpe=0.027 dt=-3 dcfo=0.0
UE loop: state=2 locked=0 cum_tracking_shift_samp=0 dropped_sync=0 dropped_meas=0 dropped_solver=0
  pbch_try[4]: pci=84 ssb=7 dmrs=0.120 noise=0.6950 cpe=0.024 dt=-3 dcfo=500.0
  pbch_try[5]: pci=84 ssb=7 dmrs=0.119 noise=0.7336 cpe=0.028 dt=-3 dcfo=-500.0
  pbch_try[6]: pci=84 ssb=2 dmrs=0.118 noise=0.6574 cpe=0.013 dt=-3 dcfo=0.0
UE loop: state=2 locked=0 cum_tracking_shift_samp=0 dropped_sync=0 dropped_meas=0 dropped_solver=0
  pbch_try[7]: pci=84 ssb=2 dmrs=0.117 noise=0.6559 cpe=0.014 dt=-3 dcfo=500.0
pbch_bch: crc-fail pci=84 ssb=5 dmrs=0.129 second=0.128 ds=0 dt=3 dcfo=-500.0 pss=0.329 snr=2.43
  pbch_cand[0]: pci=84 rc=-1 ok=0 dmrs=0.129 fail=3
iq_dump: saved tag=pbch_nearmiss reason=dmrs_weak iq=/home/jfm/桌面/TOA_USRP_LimeSDR/precise_trials_live_20260409_194310/pci84_gain60_iq/pbch_nearmiss_seq00_ts43572261_cf2114550000_fs30720000_pci84_ssb5_pss329_dmrs129.c16 meta=/home/jfm/桌面/TOA_USRP_LimeSDR/precise_trials_live_20260409_194310/pci84_gain60_iq/pbch_nearmiss_seq00_ts43572261_cf2114550000_fs30720000_pci84_ssb5_pss329_dmrs129.meta.txt
sync_result: not-detected ssb_locked=0 pbch=0 mib=0 pci=84 ssb=5 sfn=0 mib_payload=0x000000 offset=99032 cfo=892.84 snr=2.43 metric=0.329 miss_streak=1 det=0 nodet=1 dropped_sync=0 dropped_meas=0 dropped_solver=0
USRP: RX overflow count=1 timeout=0
UE loop: state=2 locked=0 cum_tracking_shift_samp=0 dropped_sync=0 dropped_meas=0 dropped_solver=0
UE loop: state=2 locked=0 cum_tracking_shift_samp=0 dropped_sync=0 dropped_meas=0 dropped_solver=0
UE loop: state=2 locked=0 cum_tracking_shift_samp=0 dropped_sync=0 dropped_meas=0 dropped_solver=0
pss_hits: [0]nid2=0 off=81501 m=0.327 cfo=1306.0 [1]nid2=2 off=344536 m=0.094 [2]nid2=0 off=338864 m=0.093 [3]nid2=0 off=620913 m=0.037
acq_cands: count=1
  cand[0]: pci=84 nid2=0 nid1=28 off=81461 cfo=1306.0 rank=0.327 pss=0.327 hyps=1
GRID_DBG: pci=84 cfo=1306.0 pss_corr=0.0247 sss_corr=0.0688 pss_ph=36.4 sym_pow=[1007.0,2216.8,2182.2,2201.9]
  pci0_scan: pci=84 dt=0 dcfo=0 best_ssb=5 dmrs=0.1226
  pci0_scan: pci=84 dt=0 dcfo=-500 best_ssb=7 dmrs=0.1237
  pci0_scan: pci=84 dt=0 dcfo=500 best_ssb=5 dmrs=0.1185
  pci0_scan: pci=84 dt=-1 dcfo=0 best_ssb=7 dmrs=0.1097
  pci0_scan: pci=84 dt=-1 dcfo=-500 best_ssb=7 dmrs=0.1306
  pci0_scan: pci=84 dt=-1 dcfo=500 best_ssb=5 dmrs=0.1067
  pci0_scan: pci=84 dt=1 dcfo=0 best_ssb=5 dmrs=0.1354
  pci0_scan: pci=84 dt=1 dcfo=-500 best_ssb=5 dmrs=0.1351
  pci0_scan: pci=84 dt=1 dcfo=500 best_ssb=5 dmrs=0.1298
  pci0_scan: pci=84 dt=-2 dcfo=0 best_ssb=2 dmrs=0.1266
  pci0_scan: pci=84 dt=-2 dcfo=-500 best_ssb=7 dmrs=0.1359
  pci0_scan: pci=84 dt=-2 dcfo=500 best_ssb=2 dmrs=0.1219
  pci0_scan: pci=84 dt=2 dcfo=0 best_ssb=5 dmrs=0.1481
  pci0_scan: pci=84 dt=2 dcfo=-500 best_ssb=5 dmrs=0.1478
  pci0_scan: pci=84 dt=2 dcfo=500 best_ssb=5 dmrs=0.1418
  pci0_scan: pci=84 dt=-3 dcfo=0 best_ssb=2 dmrs=0.1401
  pci0_scan: pci=84 dt=-3 dcfo=-500 best_ssb=7 dmrs=0.1349
  pci0_scan: pci=84 dt=-3 dcfo=500 best_ssb=2 dmrs=0.1412
  pci0_scan: pci=84 dt=3 dcfo=0 best_ssb=5 dmrs=0.1580
  pci0_scan: pci=84 dt=3 dcfo=-500 best_ssb=5 dmrs=0.1575
  pci0_scan: pci=84 dt=3 dcfo=500 best_ssb=5 dmrs=0.1515
pbch_hyps: count=8 decode=8 best_pci=84 best_ssb=5 best_dmrs=0.158 cfo=1306.0
  hyp[0]: pci=84 ssb=5 dmrs=0.158 ds=0 dt=3 dcfo=0.0
  hyp[1]: pci=84 ssb=5 dmrs=0.158 ds=0 dt=3 dcfo=-500.0
  hyp[2]: pci=84 ssb=5 dmrs=0.152 ds=0 dt=3 dcfo=500.0
  hyp[3]: pci=84 ssb=5 dmrs=0.148 ds=0 dt=2 dcfo=0.0
  hyp[4]: pci=84 ssb=5 dmrs=0.148 ds=0 dt=2 dcfo=-500.0
  hyp[5]: pci=84 ssb=5 dmrs=0.142 ds=0 dt=2 dcfo=500.0
  hyp[6]: pci=84 ssb=2 dmrs=0.141 ds=0 dt=-3 dcfo=500.0
  hyp[7]: pci=84 ssb=2 dmrs=0.140 ds=0 dt=-3 dcfo=0.0
  pbch_try[0]: pci=84 ssb=5 dmrs=0.158 noise=0.6791 cpe=0.012 dt=3 dcfo=0.0
  pbch_try[1]: pci=84 ssb=5 dmrs=0.158 noise=0.6497 cpe=0.007 dt=3 dcfo=-500.0
  pbch_try[2]: pci=84 ssb=5 dmrs=0.152 noise=0.7191 cpe=0.015 dt=3 dcfo=500.0
  pbch_try[3]: pci=84 ssb=5 dmrs=0.148 noise=0.6800 cpe=0.013 dt=2 dcfo=0.0
  pbch_try[4]: pci=84 ssb=5 dmrs=0.148 noise=0.6513 cpe=0.008 dt=2 dcfo=-500.0
  pbch_try[5]: pci=84 ssb=5 dmrs=0.142 noise=0.7193 cpe=0.016 dt=2 dcfo=500.0
  pbch_try[6]: pci=84 ssb=2 dmrs=0.141 noise=0.7436 cpe=0.013 dt=-3 dcfo=500.0
  pbch_try[7]: pci=84 ssb=2 dmrs=0.140 noise=0.8060 cpe=0.009 dt=-3 dcfo=0.0
pbch_bch: crc-fail pci=84 ssb=5 dmrs=0.158 second=0.158 ds=0 dt=3 dcfo=0.0 pss=0.327 snr=2.51
  pbch_cand[0]: pci=84 rc=-1 ok=0 dmrs=0.158 fail=3
iq_dump: saved tag=pbch_nearmiss reason=dmrs_weak iq=/home/jfm/桌面/TOA_USRP_LimeSDR/precise_trials_live_20260409_194310/pci84_gain60_iq/pbch_nearmiss_seq01_ts44818629_cf2114550000_fs30720000_pci84_ssb5_pss327_dmrs158.c16 meta=/home/jfm/桌面/TOA_USRP_LimeSDR/precise_trials_live_20260409_194310/pci84_gain60_iq/pbch_nearmiss_seq01_ts44818629_cf2114550000_fs30720000_pci84_ssb5_pss327_dmrs158.meta.txt
