NR-TOA UE cfg: sdr=usrp clock=internal time=internal f=2114550000 Fs=30720000 rx_gain=64.0 tx_gain=0.0 mode=0 meas_mode=0 full_band_sweep=0 strict_center_freq=1 gain_sweep=0 target_pci=84 ssb_scs=15kHz anchor_db_path=targets/PROJECTS/NR-TOA/CONF/anchors.csv n_anchors=2
NR-TOA note: SSB mode now attempts real PBCH/MIB decode; treat ssb_locked=1 with mib=0 as a decode failure, not a successful cell accept.
NR-TOA note: IQ near-miss dump enabled, dir=/home/jfm/桌面/TOA_USRP_LimeSDR/long_pci84_20260409_194847/iq
relative_delay_csv: path=/home/jfm/桌面/TOA_USRP_LimeSDR/long_pci84_20260409_194847/ssb_relative_delay.csv
USRP: configured req(rate=30720000 rx=2114550000 tx=2114550000 gain=64.0) act(rate=30720000 rx=2114550000 tx=2114550000 rx_gain=64.0 tx_gain=0.0 rx_bw=56000000) lo_locked=1
USRP: RX streaming started
freq_sweep: plan_points=1 center=2114550000Hz first=2114550000Hz last=2114550000Hz step_iters=20
rx_gain_plan: count=1 start=64.0 end=64.0 current=64.0
sync_actor: ts=43589593 nsamps=623184 avg_pwr=3036367.6 peak=46947880.0
UE loop: state=2 locked=0 cum_tracking_shift_samp=0 dropped_sync=0 dropped_meas=0 dropped_solver=0
UE loop: state=2 locked=0 cum_tracking_shift_samp=0 dropped_sync=0 dropped_meas=0 dropped_solver=0
UE loop: state=2 locked=0 cum_tracking_shift_samp=0 dropped_sync=0 dropped_meas=0 dropped_solver=0
UE loop: state=2 locked=0 cum_tracking_shift_samp=0 dropped_sync=0 dropped_meas=0 dropped_solver=0
UE loop: state=2 locked=0 cum_tracking_shift_samp=0 dropped_sync=0 dropped_meas=0 dropped_solver=0
UE loop: state=2 locked=0 cum_tracking_shift_samp=0 dropped_sync=0 dropped_meas=0 dropped_solver=0
UE loop: state=2 locked=0 cum_tracking_shift_samp=0 dropped_sync=0 dropped_meas=0 dropped_solver=0
UE loop: state=2 locked=0 cum_tracking_shift_samp=0 dropped_sync=0 dropped_meas=0 dropped_solver=0
UE loop: state=2 locked=0 cum_tracking_shift_samp=0 dropped_sync=0 dropped_meas=0 dropped_solver=0
UE loop: state=2 locked=0 cum_tracking_shift_samp=0 dropped_sync=0 dropped_meas=0 dropped_solver=0
UE loop: state=2 locked=0 cum_tracking_shift_samp=0 dropped_sync=0 dropped_meas=0 dropped_solver=0
UE loop: state=2 locked=0 cum_tracking_shift_samp=0 dropped_sync=0 dropped_meas=0 dropped_solver=0
UE loop: state=2 locked=0 cum_tracking_shift_samp=0 dropped_sync=0 dropped_meas=0 dropped_solver=0
UE loop: state=2 locked=0 cum_tracking_shift_samp=0 dropped_sync=0 dropped_meas=0 dropped_solver=0
UE loop: state=2 locked=0 cum_tracking_shift_samp=0 dropped_sync=0 dropped_meas=0 dropped_solver=0
UE loop: state=2 locked=0 cum_tracking_shift_samp=0 dropped_sync=0 dropped_meas=0 dropped_solver=0
UE loop: state=2 locked=0 cum_tracking_shift_samp=0 dropped_sync=0 dropped_meas=0 dropped_solver=0
UE loop: state=2 locked=0 cum_tracking_shift_samp=0 dropped_sync=0 dropped_meas=0 dropped_solver=0
UE loop: state=2 locked=0 cum_tracking_shift_samp=0 dropped_sync=0 dropped_meas=0 dropped_solver=0
UE loop: state=2 locked=0 cum_tracking_shift_samp=0 dropped_sync=0 dropped_meas=0 dropped_solver=0
UE loop: state=2 locked=0 cum_tracking_shift_samp=0 dropped_sync=0 dropped_meas=0 dropped_solver=0
UE loop: state=2 locked=0 cum_tracking_shift_samp=0 dropped_sync=0 dropped_meas=0 dropped_solver=0
UE loop: state=2 locked=0 cum_tracking_shift_samp=0 dropped_sync=0 dropped_meas=0 dropped_solver=0
UE loop: state=2 locked=0 cum_tracking_shift_samp=0 dropped_sync=0 dropped_meas=0 dropped_solver=0
UE loop: state=2 locked=0 cum_tracking_shift_samp=0 dropped_sync=0 dropped_meas=0 dropped_solver=0
UE loop: state=2 locked=0 cum_tracking_shift_samp=0 dropped_sync=0 dropped_meas=0 dropped_solver=0
UE loop: state=2 locked=0 cum_tracking_shift_samp=0 dropped_sync=0 dropped_meas=0 dropped_solver=0
UE loop: state=2 locked=0 cum_tracking_shift_samp=0 dropped_sync=0 dropped_meas=0 dropped_solver=0
UE loop: state=2 locked=0 cum_tracking_shift_samp=0 dropped_sync=0 dropped_meas=0 dropped_solver=0
UE loop: state=2 locked=0 cum_tracking_shift_samp=0 dropped_sync=0 dropped_meas=0 dropped_solver=0
UE loop: state=2 locked=0 cum_tracking_shift_samp=0 dropped_sync=0 dropped_meas=0 dropped_solver=0
UE loop: state=2 locked=0 cum_tracking_shift_samp=0 dropped_sync=0 dropped_meas=0 dropped_solver=0
UE loop: state=2 locked=0 cum_tracking_shift_samp=0 dropped_sync=0 dropped_meas=0 dropped_solver=0
UE loop: state=2 locked=0 cum_tracking_shift_samp=0 dropped_sync=0 dropped_meas=0 dropped_solver=0
UE loop: state=2 locked=0 cum_tracking_shift_samp=0 dropped_sync=0 dropped_meas=0 dropped_solver=0
UE loop: state=2 locked=0 cum_tracking_shift_samp=0 dropped_sync=0 dropped_meas=0 dropped_solver=0
UE loop: state=2 locked=0 cum_tracking_shift_samp=0 dropped_sync=0 dropped_meas=0 dropped_solver=0
UE loop: state=2 locked=0 cum_tracking_shift_samp=0 dropped_sync=0 dropped_meas=0 dropped_solver=0
UE loop: state=2 locked=0 cum_tracking_shift_samp=0 dropped_sync=0 dropped_meas=0 dropped_solver=0
UE loop: state=2 locked=0 cum_tracking_shift_samp=0 dropped_sync=0 dropped_meas=0 dropped_solver=0
UE loop: state=2 locked=0 cum_tracking_shift_samp=0 dropped_sync=0 dropped_meas=0 dropped_solver=0
UE loop: state=2 locked=0 cum_tracking_shift_samp=0 dropped_sync=0 dropped_meas=0 dropped_solver=0
UE loop: state=2 locked=0 cum_tracking_shift_samp=0 dropped_sync=0 dropped_meas=0 dropped_solver=0
UE loop: state=2 locked=0 cum_tracking_shift_samp=0 dropped_sync=0 dropped_meas=0 dropped_solver=0
UE loop: state=2 locked=0 cum_tracking_shift_samp=0 dropped_sync=0 dropped_meas=0 dropped_solver=0
UE loop: state=2 locked=0 cum_tracking_shift_samp=0 dropped_sync=0 dropped_meas=0 dropped_solver=0
UE loop: state=2 locked=0 cum_tracking_shift_samp=0 dropped_sync=0 dropped_meas=0 dropped_solver=0
UE loop: state=2 locked=0 cum_tracking_shift_samp=0 dropped_sync=0 dropped_meas=0 dropped_solver=0
UE loop: state=2 locked=0 cum_tracking_shift_samp=0 dropped_sync=0 dropped_meas=0 dropped_solver=0
UE loop: state=2 locked=0 cum_tracking_shift_samp=0 dropped_sync=0 dropped_meas=0 dropped_solver=0
UE loop: state=2 locked=0 cum_tracking_shift_samp=0 dropped_sync=0 dropped_meas=0 dropped_solver=0
UE loop: state=2 locked=0 cum_tracking_shift_samp=0 dropped_sync=0 dropped_meas=0 dropped_solver=0
UE loop: state=2 locked=0 cum_tracking_shift_samp=0 dropped_sync=0 dropped_meas=0 dropped_solver=0
UE loop: state=2 locked=0 cum_tracking_shift_samp=0 dropped_sync=0 dropped_meas=0 dropped_solver=0
UE loop: state=2 locked=0 cum_tracking_shift_samp=0 dropped_sync=0 dropped_meas=0 dropped_solver=0
UE loop: state=2 locked=0 cum_tracking_shift_samp=0 dropped_sync=0 dropped_meas=0 dropped_solver=0
UE loop: state=2 locked=0 cum_tracking_shift_samp=0 dropped_sync=0 dropped_meas=0 dropped_solver=0
UE loop: state=2 locked=0 cum_tracking_shift_samp=0 dropped_sync=0 dropped_meas=0 dropped_solver=0
UE loop: state=2 locked=0 cum_tracking_shift_samp=0 dropped_sync=0 dropped_meas=0 dropped_solver=0
UE loop: state=2 locked=0 cum_tracking_shift_samp=0 dropped_sync=0 dropped_meas=0 dropped_solver=0
UE loop: state=2 locked=0 cum_tracking_shift_samp=0 dropped_sync=0 dropped_meas=0 dropped_solver=0
UE loop: state=2 locked=0 cum_tracking_shift_samp=0 dropped_sync=0 dropped_meas=0 dropped_solver=0
UE loop: state=2 locked=0 cum_tracking_shift_samp=0 dropped_sync=0 dropped_meas=0 dropped_solver=0
UE loop: state=2 locked=0 cum_tracking_shift_samp=0 dropped_sync=0 dropped_meas=0 dropped_solver=0
UE loop: state=2 locked=0 cum_tracking_shift_samp=0 dropped_sync=0 dropped_meas=0 dropped_solver=0
UE loop: state=2 locked=0 cum_tracking_shift_samp=0 dropped_sync=0 dropped_meas=0 dropped_solver=0
UE loop: state=2 locked=0 cum_tracking_shift_samp=0 dropped_sync=0 dropped_meas=0 dropped_solver=0
UE loop: state=2 locked=0 cum_tracking_shift_samp=0 dropped_sync=0 dropped_meas=0 dropped_solver=0
pss_hits: [0]nid2=0 off=348200 m=0.260 cfo=1006.3 [1]nid2=0 off=377106 m=0.091 [2]nid2=0 off=384314 m=0.091 [3]nid2=2 off=620953 m=0.047
UE loop: state=2 locked=0 cum_tracking_shift_samp=0 dropped_sync=0 dropped_meas=0 dropped_solver=0
acq_cands: count=1
  cand[0]: pci=84 nid2=0 nid1=28 off=348120 cfo=1006.3 rank=0.260 pss=0.260 hyps=1
UE loop: state=2 locked=0 cum_tracking_shift_samp=0 dropped_sync=0 dropped_meas=0 dropped_solver=0
GRID_DBG: pci=84 cfo=1006.3 pss_corr=0.0769 sss_corr=0.1023 pss_ph=102.4 sym_pow=[1834.9,4119.4,3895.6,3998.9]
  pci0_scan: pci=84 dt=0 dcfo=0 best_ssb=0 dmrs=0.1113
  pci0_scan: pci=84 dt=0 dcfo=-500 best_ssb=0 dmrs=0.0965
  pci0_scan: pci=84 dt=0 dcfo=500 best_ssb=0 dmrs=0.1241
UE loop: state=2 locked=0 cum_tracking_shift_samp=0 dropped_sync=0 dropped_meas=0 dropped_solver=0
  pci0_scan: pci=84 dt=-1 dcfo=0 best_ssb=4 dmrs=0.1007
  pci0_scan: pci=84 dt=-1 dcfo=-500 best_ssb=0 dmrs=0.0831
  pci0_scan: pci=84 dt=-1 dcfo=500 best_ssb=4 dmrs=0.1273
UE loop: state=2 locked=0 cum_tracking_shift_samp=0 dropped_sync=0 dropped_meas=0 dropped_solver=0
  pci0_scan: pci=84 dt=1 dcfo=0 best_ssb=0 dmrs=0.1196
  pci0_scan: pci=84 dt=1 dcfo=-500 best_ssb=0 dmrs=0.1031
  pci0_scan: pci=84 dt=1 dcfo=500 best_ssb=0 dmrs=0.1333
UE loop: state=2 locked=0 cum_tracking_shift_samp=0 dropped_sync=0 dropped_meas=0 dropped_solver=0
  pci0_scan: pci=84 dt=-2 dcfo=0 best_ssb=4 dmrs=0.1029
  pci0_scan: pci=84 dt=-2 dcfo=-500 best_ssb=4 dmrs=0.0790
  pci0_scan: pci=84 dt=-2 dcfo=500 best_ssb=4 dmrs=0.1293
UE loop: state=2 locked=0 cum_tracking_shift_samp=0 dropped_sync=0 dropped_meas=0 dropped_solver=0
  pci0_scan: pci=84 dt=2 dcfo=0 best_ssb=0 dmrs=0.1201
  pci0_scan: pci=84 dt=2 dcfo=-500 best_ssb=0 dmrs=0.1024
  pci0_scan: pci=84 dt=2 dcfo=500 best_ssb=0 dmrs=0.1348
UE loop: state=2 locked=0 cum_tracking_shift_samp=0 dropped_sync=0 dropped_meas=0 dropped_solver=0
  pci0_scan: pci=84 dt=-3 dcfo=0 best_ssb=4 dmrs=0.1003
  pci0_scan: pci=84 dt=-3 dcfo=-500 best_ssb=4 dmrs=0.0825
UE loop: state=2 locked=0 cum_tracking_shift_samp=0 dropped_sync=0 dropped_meas=0 dropped_solver=0
  pci0_scan: pci=84 dt=-3 dcfo=500 best_ssb=4 dmrs=0.1245
  pci0_scan: pci=84 dt=3 dcfo=0 best_ssb=0 dmrs=0.1127
  pci0_scan: pci=84 dt=3 dcfo=-500 best_ssb=0 dmrs=0.0951
UE loop: state=2 locked=0 cum_tracking_shift_samp=0 dropped_sync=0 dropped_meas=0 dropped_solver=0
  pci0_scan: pci=84 dt=3 dcfo=500 best_ssb=0 dmrs=0.1274
pbch_hyps: count=8 decode=8 best_pci=84 best_ssb=0 best_dmrs=0.135 cfo=1006.3
  hyp[0]: pci=84 ssb=0 dmrs=0.135 ds=0 dt=2 dcfo=500.0
  hyp[1]: pci=84 ssb=0 dmrs=0.133 ds=0 dt=1 dcfo=500.0
  hyp[2]: pci=84 ssb=4 dmrs=0.129 ds=0 dt=-2 dcfo=500.0
  hyp[3]: pci=84 ssb=0 dmrs=0.127 ds=0 dt=3 dcfo=500.0
  hyp[4]: pci=84 ssb=4 dmrs=0.127 ds=0 dt=-1 dcfo=500.0
  hyp[5]: pci=84 ssb=4 dmrs=0.124 ds=0 dt=-3 dcfo=500.0
  hyp[6]: pci=84 ssb=0 dmrs=0.124 ds=0 dt=0 dcfo=500.0
  hyp[7]: pci=84 ssb=0 dmrs=0.120 ds=0 dt=2 dcfo=0.0
  pbch_try[0]: pci=84 ssb=0 dmrs=0.135 noise=0.7186 cpe=0.027 dt=2 dcfo=500.0
  LLR_PRE_SCR: pci=84 ssb=0 mean_abs=4.71 max=157.55 pos_frac=0.481
UE loop: state=2 locked=0 cum_tracking_shift_samp=0 dropped_sync=0 dropped_meas=0 dropped_solver=0
  pbch_try[1]: pci=84 ssb=0 dmrs=0.133 noise=0.7195 cpe=0.027 dt=1 dcfo=500.0
  pbch_try[2]: pci=84 ssb=4 dmrs=0.129 noise=0.6373 cpe=-0.026 dt=-2 dcfo=500.0
UE loop: state=2 locked=0 cum_tracking_shift_samp=0 dropped_sync=0 dropped_meas=0 dropped_solver=0
  pbch_try[3]: pci=84 ssb=0 dmrs=0.127 noise=0.7193 cpe=0.027 dt=3 dcfo=500.0
  pbch_try[4]: pci=84 ssb=4 dmrs=0.127 noise=0.6366 cpe=-0.027 dt=-1 dcfo=500.0
  pbch_try[5]: pci=84 ssb=4 dmrs=0.124 noise=0.6362 cpe=-0.026 dt=-3 dcfo=500.0
UE loop: state=2 locked=0 cum_tracking_shift_samp=0 dropped_sync=0 dropped_meas=0 dropped_solver=0
  pbch_try[6]: pci=84 ssb=0 dmrs=0.124 noise=0.7183 cpe=0.026 dt=0 dcfo=500.0
  pbch_try[7]: pci=84 ssb=0 dmrs=0.120 noise=0.7292 cpe=0.030 dt=2 dcfo=0.0
pbch_bch: crc-fail pci=84 ssb=0 dmrs=0.135 second=0.133 ds=0 dt=2 dcfo=500.0 pss=0.260 snr=2.36
  pbch_cand[0]: pci=84 rc=-1 ok=0 dmrs=0.135 fail=3
iq_dump: saved tag=pbch_nearmiss reason=dmrs_weak iq=/home/jfm/桌面/TOA_USRP_LimeSDR/long_pci84_20260409_194847/iq/pbch_nearmiss_seq00_ts43589593_cf2114550000_fs30720000_pci84_ssb0_pss260_dmrs135.c16 meta=/home/jfm/桌面/TOA_USRP_LimeSDR/long_pci84_20260409_194847/iq/pbch_nearmiss_seq00_ts43589593_cf2114550000_fs30720000_pci84_ssb0_pss260_dmrs135.meta.txt
sync_result: not-detected ssb_locked=0 pbch=0 mib=0 pci=84 ssb=0 sfn=0 mib_payload=0x000000 offset=348122 cfo=1506.35 snr=2.36 metric=0.260 miss_streak=1 det=0 nodet=1 dropped_sync=0 dropped_meas=0 dropped_solver=0
USRP: RX overflow count=1 timeout=0
UE loop: state=2 locked=0 cum_tracking_shift_samp=0 dropped_sync=0 dropped_meas=0 dropped_solver=0
UE loop: state=2 locked=0 cum_tracking_shift_samp=0 dropped_sync=0 dropped_meas=0 dropped_solver=0
UE loop: state=2 locked=0 cum_tracking_shift_samp=0 dropped_sync=0 dropped_meas=0 dropped_solver=0
UE loop: state=2 locked=0 cum_tracking_shift_samp=0 dropped_sync=0 dropped_meas=0 dropped_solver=0
UE loop: state=2 locked=0 cum_tracking_shift_samp=0 dropped_sync=0 dropped_meas=0 dropped_solver=0
UE loop: state=2 locked=0 cum_tracking_shift_samp=0 dropped_sync=0 dropped_meas=0 dropped_solver=0
UE loop: state=2 locked=0 cum_tracking_shift_samp=0 dropped_sync=0 dropped_meas=0 dropped_solver=0
UE loop: state=2 locked=0 cum_tracking_shift_samp=0 dropped_sync=0 dropped_meas=0 dropped_solver=0
UE loop: state=2 locked=0 cum_tracking_shift_samp=0 dropped_sync=0 dropped_meas=0 dropped_solver=0
UE loop: state=2 locked=0 cum_tracking_shift_samp=0 dropped_sync=0 dropped_meas=0 dropped_solver=0
UE loop: state=2 locked=0 cum_tracking_shift_samp=0 dropped_sync=0 dropped_meas=0 dropped_solver=0
UE loop: state=2 locked=0 cum_tracking_shift_samp=0 dropped_sync=0 dropped_meas=0 dropped_solver=0
UE loop: state=2 locked=0 cum_tracking_shift_samp=0 dropped_sync=0 dropped_meas=0 dropped_solver=0
UE loop: state=2 locked=0 cum_tracking_shift_samp=0 dropped_sync=0 dropped_meas=0 dropped_solver=0
UE loop: state=2 locked=0 cum_tracking_shift_samp=0 dropped_sync=0 dropped_meas=0 dropped_solver=0
UE loop: state=2 locked=0 cum_tracking_shift_samp=0 dropped_sync=0 dropped_meas=0 dropped_solver=0
UE loop: state=2 locked=0 cum_tracking_shift_samp=0 dropped_sync=0 dropped_meas=0 dropped_solver=0
UE loop: state=2 locked=0 cum_tracking_shift_samp=0 dropped_sync=0 dropped_meas=0 dropped_solver=0
UE loop: state=2 locked=0 cum_tracking_shift_samp=0 dropped_sync=0 dropped_meas=0 dropped_solver=0
UE loop: state=2 locked=0 cum_tracking_shift_samp=0 dropped_sync=0 dropped_meas=0 dropped_solver=0
UE loop: state=2 locked=0 cum_tracking_shift_samp=0 dropped_sync=0 dropped_meas=0 dropped_solver=0
UE loop: state=2 locked=0 cum_tracking_shift_samp=0 dropped_sync=0 dropped_meas=0 dropped_solver=0
UE loop: state=2 locked=0 cum_tracking_shift_samp=0 dropped_sync=0 dropped_meas=0 dropped_solver=0
UE loop: state=2 locked=0 cum_tracking_shift_samp=0 dropped_sync=0 dropped_meas=0 dropped_solver=0
UE loop: state=2 locked=0 cum_tracking_shift_samp=0 dropped_sync=0 dropped_meas=0 dropped_solver=0
UE loop: state=2 locked=0 cum_tracking_shift_samp=0 dropped_sync=0 dropped_meas=0 dropped_solver=0
UE loop: state=2 locked=0 cum_tracking_shift_samp=0 dropped_sync=0 dropped_meas=0 dropped_solver=0
UE loop: state=2 locked=0 cum_tracking_shift_samp=0 dropped_sync=0 dropped_meas=0 dropped_solver=0
UE loop: state=2 locked=0 cum_tracking_shift_samp=0 dropped_sync=0 dropped_meas=0 dropped_solver=0
UE loop: state=2 locked=0 cum_tracking_shift_samp=0 dropped_sync=0 dropped_meas=0 dropped_solver=0
UE loop: state=2 locked=0 cum_tracking_shift_samp=0 dropped_sync=0 dropped_meas=0 dropped_solver=0
UE loop: state=2 locked=0 cum_tracking_shift_samp=0 dropped_sync=0 dropped_meas=0 dropped_solver=0
UE loop: state=2 locked=0 cum_tracking_shift_samp=0 dropped_sync=0 dropped_meas=0 dropped_solver=0
UE loop: state=2 locked=0 cum_tracking_shift_samp=0 dropped_sync=0 dropped_meas=0 dropped_solver=0
UE loop: state=2 locked=0 cum_tracking_shift_samp=0 dropped_sync=0 dropped_meas=0 dropped_solver=0
UE loop: state=2 locked=0 cum_tracking_shift_samp=0 dropped_sync=0 dropped_meas=0 dropped_solver=0
UE loop: state=2 locked=0 cum_tracking_shift_samp=0 dropped_sync=0 dropped_meas=0 dropped_solver=0
UE loop: state=2 locked=0 cum_tracking_shift_samp=0 dropped_sync=0 dropped_meas=0 dropped_solver=0
UE loop: state=2 locked=0 cum_tracking_shift_samp=0 dropped_sync=0 dropped_meas=0 dropped_solver=0
UE loop: state=2 locked=0 cum_tracking_shift_samp=0 dropped_sync=0 dropped_meas=0 dropped_solver=0
UE loop: state=2 locked=0 cum_tracking_shift_samp=0 dropped_sync=0 dropped_meas=0 dropped_solver=0
UE loop: state=2 locked=0 cum_tracking_shift_samp=0 dropped_sync=0 dropped_meas=0 dropped_solver=0
UE loop: state=2 locked=0 cum_tracking_shift_samp=0 dropped_sync=0 dropped_meas=0 dropped_solver=0
UE loop: state=2 locked=0 cum_tracking_shift_samp=0 dropped_sync=0 dropped_meas=0 dropped_solver=0
UE loop: state=2 locked=0 cum_tracking_shift_samp=0 dropped_sync=0 dropped_meas=0 dropped_solver=0
UE loop: state=2 locked=0 cum_tracking_shift_samp=0 dropped_sync=0 dropped_meas=0 dropped_solver=0
UE loop: state=2 locked=0 cum_tracking_shift_samp=0 dropped_sync=0 dropped_meas=0 dropped_solver=0
UE loop: state=2 locked=0 cum_tracking_shift_samp=0 dropped_sync=0 dropped_meas=0 dropped_solver=0
UE loop: state=2 locked=0 cum_tracking_shift_samp=0 dropped_sync=0 dropped_meas=0 dropped_solver=0
UE loop: state=2 locked=0 cum_tracking_shift_samp=0 dropped_sync=0 dropped_meas=0 dropped_solver=0
UE loop: state=2 locked=0 cum_tracking_shift_samp=0 dropped_sync=0 dropped_meas=0 dropped_solver=0
UE loop: state=2 locked=0 cum_tracking_shift_samp=0 dropped_sync=0 dropped_meas=0 dropped_solver=0
UE loop: state=2 locked=0 cum_tracking_shift_samp=0 dropped_sync=0 dropped_meas=0 dropped_solver=0
UE loop: state=2 locked=0 cum_tracking_shift_samp=0 dropped_sync=0 dropped_meas=0 dropped_solver=0
UE loop: state=2 locked=0 cum_tracking_shift_samp=0 dropped_sync=0 dropped_meas=0 dropped_solver=0
UE loop: state=2 locked=0 cum_tracking_shift_samp=0 dropped_sync=0 dropped_meas=0 dropped_solver=0
UE loop: state=2 locked=0 cum_tracking_shift_samp=0 dropped_sync=0 dropped_meas=0 dropped_solver=0
UE loop: state=2 locked=0 cum_tracking_shift_samp=0 dropped_sync=0 dropped_meas=0 dropped_solver=0
UE loop: state=2 locked=0 cum_tracking_shift_samp=0 dropped_sync=0 dropped_meas=0 dropped_solver=0
UE loop: state=2 locked=0 cum_tracking_shift_samp=0 dropped_sync=0 dropped_meas=0 dropped_solver=0
UE loop: state=2 locked=0 cum_tracking_shift_samp=0 dropped_sync=0 dropped_meas=0 dropped_solver=0
UE loop: state=2 locked=0 cum_tracking_shift_samp=0 dropped_sync=0 dropped_meas=0 dropped_solver=0
UE loop: state=2 locked=0 cum_tracking_shift_samp=0 dropped_sync=0 dropped_meas=0 dropped_solver=0
UE loop: state=2 locked=0 cum_tracking_shift_samp=0 dropped_sync=0 dropped_meas=0 dropped_solver=0
UE loop: state=2 locked=0 cum_tracking_shift_samp=0 dropped_sync=0 dropped_meas=0 dropped_solver=0
UE loop: state=2 locked=0 cum_tracking_shift_samp=0 dropped_sync=0 dropped_meas=0 dropped_solver=0
UE loop: state=2 locked=0 cum_tracking_shift_samp=0 dropped_sync=0 dropped_meas=0 dropped_solver=0
UE loop: state=2 locked=0 cum_tracking_shift_samp=0 dropped_sync=0 dropped_meas=0 dropped_solver=0
pss_hits: [0]nid2=0 off=330633 m=0.252 cfo=928.3 [1]nid2=1 off=81204 m=0.092 [2]nid2=0 off=222603 m=0.087 [3]nid2=1 off=620926 m=0.036
UE loop: state=2 locked=0 cum_tracking_shift_samp=0 dropped_sync=0 dropped_meas=0 dropped_solver=0
acq_cands: count=1
  cand[0]: pci=84 nid2=0 nid1=28 off=330633 cfo=928.3 rank=0.252 pss=0.252 hyps=1
UE loop: state=2 locked=0 cum_tracking_shift_samp=0 dropped_sync=0 dropped_meas=0 dropped_solver=0
GRID_DBG: pci=84 cfo=928.3 pss_corr=0.7470 sss_corr=0.7404 pss_ph=-173.8 sym_pow=[1812.7,3843.6,4029.7,4069.5]
  pci0_scan: pci=84 dt=0 dcfo=0 best_ssb=3 dmrs=0.1800
  pci0_scan: pci=84 dt=0 dcfo=-500 best_ssb=3 dmrs=0.1567
  pci0_scan: pci=84 dt=0 dcfo=500 best_ssb=3 dmrs=0.1920
UE loop: state=2 locked=0 cum_tracking_shift_samp=0 dropped_sync=0 dropped_meas=0 dropped_solver=0
  pci0_scan: pci=84 dt=-1 dcfo=0 best_ssb=5 dmrs=0.0843
  pci0_scan: pci=84 dt=-1 dcfo=-500 best_ssb=5 dmrs=0.0877
  pci0_scan: pci=84 dt=-1 dcfo=500 best_ssb=5 dmrs=0.0790
UE loop: state=2 locked=0 cum_tracking_shift_samp=0 dropped_sync=0 dropped_meas=0 dropped_solver=0
  pci0_scan: pci=84 dt=1 dcfo=0 best_ssb=3 dmrs=0.3323
  pci0_scan: pci=84 dt=1 dcfo=-500 best_ssb=3 dmrs=0.2986
  pci0_scan: pci=84 dt=1 dcfo=500 best_ssb=3 dmrs=0.3488
UE loop: state=2 locked=0 cum_tracking_shift_samp=0 dropped_sync=0 dropped_meas=0 dropped_solver=0
  pci0_scan: pci=84 dt=-2 dcfo=0 best_ssb=3 dmrs=0.1016
  pci0_scan: pci=84 dt=-2 dcfo=-500 best_ssb=3 dmrs=0.1026
  pci0_scan: pci=84 dt=-2 dcfo=500 best_ssb=7 dmrs=0.0997
UE loop: state=2 locked=0 cum_tracking_shift_samp=0 dropped_sync=0 dropped_meas=0 dropped_solver=0
  pci0_scan: pci=84 dt=2 dcfo=0 best_ssb=3 dmrs=0.4765
  pci0_scan: pci=84 dt=2 dcfo=-500 best_ssb=3 dmrs=0.4336
UE loop: state=2 locked=0 cum_tracking_shift_samp=0 dropped_sync=0 dropped_meas=0 dropped_solver=0
  pci0_scan: pci=84 dt=2 dcfo=500 best_ssb=3 dmrs=0.4966
  pci0_scan: pci=84 dt=-3 dcfo=0 best_ssb=3 dmrs=0.2013
  pci0_scan: pci=84 dt=-3 dcfo=-500 best_ssb=3 dmrs=0.1940
UE loop: state=2 locked=0 cum_tracking_shift_samp=0 dropped_sync=0 dropped_meas=0 dropped_solver=0
  pci0_scan: pci=84 dt=-3 dcfo=500 best_ssb=3 dmrs=0.2037
  pci0_scan: pci=84 dt=3 dcfo=0 best_ssb=3 dmrs=0.5972
  pci0_scan: pci=84 dt=3 dcfo=-500 best_ssb=3 dmrs=0.5465
UE loop: state=2 locked=0 cum_tracking_shift_samp=0 dropped_sync=0 dropped_meas=0 dropped_solver=0
  pci0_scan: pci=84 dt=3 dcfo=500 best_ssb=3 dmrs=0.6203
pbch_hyps: count=8 decode=8 best_pci=84 best_ssb=3 best_dmrs=0.620 cfo=928.3
  hyp[0]: pci=84 ssb=3 dmrs=0.620 ds=0 dt=3 dcfo=500.0
  hyp[1]: pci=84 ssb=3 dmrs=0.597 ds=0 dt=3 dcfo=0.0
  hyp[2]: pci=84 ssb=3 dmrs=0.546 ds=0 dt=3 dcfo=-500.0
  hyp[3]: pci=84 ssb=3 dmrs=0.497 ds=0 dt=2 dcfo=500.0
  hyp[4]: pci=84 ssb=3 dmrs=0.476 ds=0 dt=2 dcfo=0.0
  hyp[5]: pci=84 ssb=3 dmrs=0.434 ds=0 dt=2 dcfo=-500.0
  hyp[6]: pci=84 ssb=3 dmrs=0.349 ds=0 dt=1 dcfo=500.0
  hyp[7]: pci=84 ssb=3 dmrs=0.332 ds=0 dt=1 dcfo=0.0
  pbch_try[0]: pci=84 ssb=3 dmrs=0.620 noise=0.0931 cpe=0.019 dt=3 dcfo=500.0
pbch_bch: ok pci=84 ssb=3 dmrs=0.620 dt=3 dcfo=500.0 pss=0.252 snr=2.37 sfn=646 mib=0xa02b15
  pbch_cand[0]: pci=84 rc=0 ok=1 dmrs=0.620 fail=0
iq_dump: saved tag=pbch_ok reason=none iq=/home/jfm/桌面/TOA_USRP_LimeSDR/long_pci84_20260409_194847/iq/pbch_ok_seq01_ts44835961_cf2114550000_fs30720000_pci84_ssb3_pss252_dmrs620.c16 meta=/home/jfm/桌面/TOA_USRP_LimeSDR/long_pci84_20260409_194847/iq/pbch_ok_seq01_ts44835961_cf2114550000_fs30720000_pci84_ssb3_pss252_dmrs620.meta.txt
SSB_LOCK_EVENT: pci=84 offset=330636 cfo=1428.27 snr=2.37 metric=0.252 pbch=1 mib=1 sfn=646 mib_payload=0xa02b15 det=1 nodet=1
relative_delay: row=1 rel_ns=10763406.09 ma_ns=10763406.09 jitter_ns=0.00 pci=84 ssb=3 snr=2.37 peak=4.430
relative_delay: row=2 rel_ns=10770391.93 ma_ns=10766899.01 jitter_ns=3492.92 pci=84 ssb=3 snr=2.37 peak=4.461
relative_delay: row=3 rel_ns=10770273.93 ma_ns=10768023.99 jitter_ns=3265.70 pci=84 ssb=3 snr=2.37 peak=4.935
relative_delay: row=4 rel_ns=10770276.57 ma_ns=10768587.13 jitter_ns=2991.65 pci=84 ssb=3 snr=2.37 peak=4.862
relative_delay: row=5 rel_ns=10770715.13 ma_ns=10769012.73 jitter_ns=2807.94 pci=84 ssb=3 snr=2.37 peak=5.298
UE loop: state=3 locked=1 cum_tracking_shift_samp=-5 dropped_sync=0 dropped_meas=497 dropped_solver=0
relative_delay: row=20 rel_ns=10770377.59 ma_ns=10766696.30 jitter_ns=3726.81 pci=84 ssb=3 snr=2.37 peak=5.048
pss_hits: [0]nid2=0 off=313064 m=0.257 cfo=633.8 [1]nid2=0 off=53860 m=0.090 [2]nid2=2 off=348243 m=0.086 [3]nid2=0 off=620851 m=0.063
acq_cands: count=1
  cand[0]: pci=84 nid2=0 nid1=28 off=313024 cfo=633.8 rank=0.257 pss=0.257 hyps=1
GRID_DBG: pci=84 cfo=633.8 pss_corr=0.0442 sss_corr=0.0677 pss_ph=-19.2 sym_pow=[1899.8,3983.0,4154.0,4191.8]
  pci0_scan: pci=84 dt=0 dcfo=0 best_ssb=7 dmrs=0.1326
  pci0_scan: pci=84 dt=0 dcfo=-500 best_ssb=7 dmrs=0.1231
  pci0_scan: pci=84 dt=0 dcfo=500 best_ssb=7 dmrs=0.1372
  pci0_scan: pci=84 dt=-1 dcfo=0 best_ssb=7 dmrs=0.1394
  pci0_scan: pci=84 dt=-1 dcfo=-500 best_ssb=7 dmrs=0.1263
  pci0_scan: pci=84 dt=-1 dcfo=500 best_ssb=7 dmrs=0.1463
  pci0_scan: pci=84 dt=1 dcfo=0 best_ssb=7 dmrs=0.1209
  pci0_scan: pci=84 dt=1 dcfo=-500 best_ssb=7 dmrs=0.1146
  pci0_scan: pci=84 dt=1 dcfo=500 best_ssb=7 dmrs=0.1235
  pci0_scan: pci=84 dt=-2 dcfo=0 best_ssb=7 dmrs=0.1383
  pci0_scan: pci=84 dt=-2 dcfo=-500 best_ssb=7 dmrs=0.1222
  pci0_scan: pci=84 dt=-2 dcfo=500 best_ssb=7 dmrs=0.1474
  pci0_scan: pci=84 dt=2 dcfo=0 best_ssb=7 dmrs=0.1048
  pci0_scan: pci=84 dt=2 dcfo=-500 best_ssb=7 dmrs=0.1009
  pci0_scan: pci=84 dt=2 dcfo=500 best_ssb=7 dmrs=0.1066
  pci0_scan: pci=84 dt=-3 dcfo=0 best_ssb=7 dmrs=0.1298
  pci0_scan: pci=84 dt=-3 dcfo=-500 best_ssb=7 dmrs=0.1112
  pci0_scan: pci=84 dt=-3 dcfo=500 best_ssb=7 dmrs=0.1408
  pci0_scan: pci=84 dt=3 dcfo=0 best_ssb=6 dmrs=0.1005
  pci0_scan: pci=84 dt=3 dcfo=-500 best_ssb=6 dmrs=0.0960
  pci0_scan: pci=84 dt=3 dcfo=500 best_ssb=6 dmrs=0.0999
pbch_hyps: count=8 decode=8 best_pci=84 best_ssb=7 best_dmrs=0.147 cfo=633.8
  hyp[0]: pci=84 ssb=7 dmrs=0.147 ds=0 dt=-2 dcfo=500.0
  hyp[1]: pci=84 ssb=7 dmrs=0.146 ds=0 dt=-1 dcfo=500.0
  hyp[2]: pci=84 ssb=7 dmrs=0.141 ds=0 dt=-3 dcfo=500.0
  hyp[3]: pci=84 ssb=7 dmrs=0.139 ds=0 dt=-1 dcfo=0.0
  hyp[4]: pci=84 ssb=7 dmrs=0.138 ds=0 dt=-2 dcfo=0.0
  hyp[5]: pci=84 ssb=7 dmrs=0.137 ds=0 dt=0 dcfo=500.0
  hyp[6]: pci=84 ssb=7 dmrs=0.133 ds=0 dt=0 dcfo=0.0
  hyp[7]: pci=84 ssb=7 dmrs=0.130 ds=0 dt=-3 dcfo=0.0
  pbch_try[0]: pci=84 ssb=7 dmrs=0.147 noise=0.8556 cpe=0.040 dt=-2 dcfo=500.0
  pbch_try[1]: pci=84 ssb=7 dmrs=0.146 noise=0.8642 cpe=0.040 dt=-1 dcfo=500.0
  pbch_try[2]: pci=84 ssb=7 dmrs=0.141 noise=0.8523 cpe=0.040 dt=-3 dcfo=500.0
  pbch_try[3]: pci=84 ssb=7 dmrs=0.139 noise=0.8956 cpe=0.038 dt=-1 dcfo=0.0
  pbch_try[4]: pci=84 ssb=7 dmrs=0.138 noise=0.8871 cpe=0.038 dt=-2 dcfo=0.0
  pbch_try[5]: pci=84 ssb=7 dmrs=0.137 noise=0.8688 cpe=0.039 dt=0 dcfo=500.0
  pbch_try[6]: pci=84 ssb=7 dmrs=0.133 noise=0.8997 cpe=0.037 dt=0 dcfo=0.0
  pbch_try[7]: pci=84 ssb=7 dmrs=0.130 noise=0.8836 cpe=0.039 dt=-3 dcfo=0.0
pbch_bch: crc-fail pci=84 ssb=7 dmrs=0.147 second=0.146 ds=0 dt=-2 dcfo=500.0 pss=0.257 snr=2.24
  pbch_cand[0]: pci=84 rc=-1 ok=0 dmrs=0.147 fail=3
iq_dump: saved tag=pbch_nearmiss reason=dmrs_weak iq=/home/jfm/桌面/TOA_USRP_LimeSDR/long_pci84_20260409_194847/iq/pbch_nearmiss_seq02_ts46082329_cf2114550000_fs30720000_pci84_ssb7_pss257_dmrs147.c16 meta=/home/jfm/桌面/TOA_USRP_LimeSDR/long_pci84_20260409_194847/iq/pbch_nearmiss_seq02_ts46082329_cf2114550000_fs30720000_pci84_ssb7_pss257_dmrs147.meta.txt
UE loop: state=2 locked=1 cum_tracking_shift_samp=-4 dropped_sync=0 dropped_meas=1076 dropped_solver=0
UE loop: state=2 locked=1 cum_tracking_shift_samp=-4 dropped_sync=0 dropped_meas=1076 dropped_solver=0
UE loop: state=2 locked=1 cum_tracking_shift_samp=-4 dropped_sync=0 dropped_meas=1076 dropped_solver=0
UE loop: state=2 locked=1 cum_tracking_shift_samp=-8 dropped_sync=0 dropped_meas=1076 dropped_solver=0
UE loop: state=2 locked=1 cum_tracking_shift_samp=-8 dropped_sync=0 dropped_meas=1076 dropped_solver=0
UE loop: state=2 locked=1 cum_tracking_shift_samp=-8 dropped_sync=0 dropped_meas=1076 dropped_solver=0
UE loop: state=2 locked=1 cum_tracking_shift_samp=-8 dropped_sync=0 dropped_meas=1076 dropped_solver=0
UE loop: state=2 locked=1 cum_tracking_shift_samp=-8 dropped_sync=0 dropped_meas=1076 dropped_solver=0
UE loop: state=2 locked=1 cum_tracking_shift_samp=-8 dropped_sync=0 dropped_meas=1076 dropped_solver=0
UE loop: state=2 locked=1 cum_tracking_shift_samp=-8 dropped_sync=0 dropped_meas=1076 dropped_solver=0
UE loop: state=2 locked=1 cum_tracking_shift_samp=-8 dropped_sync=0 dropped_meas=1076 dropped_solver=0
UE loop: state=2 locked=1 cum_tracking_shift_samp=-8 dropped_sync=0 dropped_meas=1076 dropped_solver=0
UE loop: state=2 locked=1 cum_tracking_shift_samp=-8 dropped_sync=0 dropped_meas=1076 dropped_solver=0
UE loop: state=2 locked=1 cum_tracking_shift_samp=-8 dropped_sync=0 dropped_meas=1076 dropped_solver=0
UE loop: state=2 locked=1 cum_tracking_shift_samp=-8 dropped_sync=0 dropped_meas=1076 dropped_solver=0
UE loop: state=2 locked=1 cum_tracking_shift_samp=-8 dropped_sync=0 dropped_meas=1076 dropped_solver=0
UE loop: state=2 locked=1 cum_tracking_shift_samp=-8 dropped_sync=0 dropped_meas=1076 dropped_solver=0
UE loop: state=2 locked=1 cum_tracking_shift_samp=-8 dropped_sync=0 dropped_meas=1076 dropped_solver=0
UE loop: state=2 locked=1 cum_tracking_shift_samp=-8 dropped_sync=0 dropped_meas=1076 dropped_solver=0
UE loop: state=2 locked=1 cum_tracking_shift_samp=-8 dropped_sync=0 dropped_meas=1076 dropped_solver=0
UE loop: state=2 locked=1 cum_tracking_shift_samp=-8 dropped_sync=0 dropped_meas=1076 dropped_solver=0
UE loop: state=2 locked=1 cum_tracking_shift_samp=-8 dropped_sync=0 dropped_meas=1076 dropped_solver=0
UE loop: state=2 locked=1 cum_tracking_shift_samp=-8 dropped_sync=0 dropped_meas=1076 dropped_solver=0
UE loop: state=2 locked=1 cum_tracking_shift_samp=-8 dropped_sync=0 dropped_meas=1076 dropped_solver=0
UE loop: state=2 locked=1 cum_tracking_shift_samp=-8 dropped_sync=0 dropped_meas=1076 dropped_solver=0
UE loop: state=2 locked=1 cum_tracking_shift_samp=-8 dropped_sync=0 dropped_meas=1076 dropped_solver=0
UE loop: state=2 locked=1 cum_tracking_shift_samp=-8 dropped_sync=0 dropped_meas=1076 dropped_solver=0
UE loop: state=2 locked=1 cum_tracking_shift_samp=-8 dropped_sync=0 dropped_meas=1076 dropped_solver=0
UE loop: state=2 locked=1 cum_tracking_shift_samp=-8 dropped_sync=0 dropped_meas=1076 dropped_solver=0
UE loop: state=2 locked=1 cum_tracking_shift_samp=-8 dropped_sync=0 dropped_meas=1076 dropped_solver=0
UE loop: state=2 locked=1 cum_tracking_shift_samp=-8 dropped_sync=0 dropped_meas=1076 dropped_solver=0
UE loop: state=2 locked=1 cum_tracking_shift_samp=-8 dropped_sync=0 dropped_meas=1076 dropped_solver=0
UE loop: state=2 locked=1 cum_tracking_shift_samp=-8 dropped_sync=0 dropped_meas=1076 dropped_solver=0
UE loop: state=2 locked=1 cum_tracking_shift_samp=-8 dropped_sync=0 dropped_meas=1076 dropped_solver=0
UE loop: state=2 locked=1 cum_tracking_shift_samp=-8 dropped_sync=0 dropped_meas=1076 dropped_solver=0
UE loop: state=2 locked=1 cum_tracking_shift_samp=-8 dropped_sync=0 dropped_meas=1076 dropped_solver=0
UE loop: state=2 locked=1 cum_tracking_shift_samp=-8 dropped_sync=0 dropped_meas=1076 dropped_solver=0
UE loop: state=2 locked=1 cum_tracking_shift_samp=-8 dropped_sync=0 dropped_meas=1076 dropped_solver=0
UE loop: state=2 locked=1 cum_tracking_shift_samp=-8 dropped_sync=0 dropped_meas=1076 dropped_solver=0
UE loop: state=2 locked=1 cum_tracking_shift_samp=-8 dropped_sync=0 dropped_meas=1076 dropped_solver=0
UE loop: state=2 locked=1 cum_tracking_shift_samp=-8 dropped_sync=0 dropped_meas=1076 dropped_solver=0
UE loop: state=2 locked=1 cum_tracking_shift_samp=-8 dropped_sync=0 dropped_meas=1076 dropped_solver=0
UE loop: state=2 locked=1 cum_tracking_shift_samp=-8 dropped_sync=0 dropped_meas=1076 dropped_solver=0
UE loop: state=2 locked=1 cum_tracking_shift_samp=-8 dropped_sync=0 dropped_meas=1076 dropped_solver=0
UE loop: state=2 locked=1 cum_tracking_shift_samp=-8 dropped_sync=0 dropped_meas=1076 dropped_solver=0
UE loop: state=2 locked=1 cum_tracking_shift_samp=-8 dropped_sync=0 dropped_meas=1076 dropped_solver=0
UE loop: state=2 locked=1 cum_tracking_shift_samp=-8 dropped_sync=0 dropped_meas=1076 dropped_solver=0
UE loop: state=2 locked=1 cum_tracking_shift_samp=-8 dropped_sync=0 dropped_meas=1076 dropped_solver=0
UE loop: state=2 locked=1 cum_tracking_shift_samp=-8 dropped_sync=0 dropped_meas=1076 dropped_solver=0
UE loop: state=2 locked=1 cum_tracking_shift_samp=-8 dropped_sync=0 dropped_meas=1076 dropped_solver=0
UE loop: state=2 locked=1 cum_tracking_shift_samp=-8 dropped_sync=0 dropped_meas=1076 dropped_solver=0
UE loop: state=2 locked=1 cum_tracking_shift_samp=-8 dropped_sync=0 dropped_meas=1076 dropped_solver=0
UE loop: state=2 locked=1 cum_tracking_shift_samp=-8 dropped_sync=0 dropped_meas=1076 dropped_solver=0
UE loop: state=2 locked=1 cum_tracking_shift_samp=-8 dropped_sync=0 dropped_meas=1076 dropped_solver=0
UE loop: state=2 locked=1 cum_tracking_shift_samp=-8 dropped_sync=0 dropped_meas=1076 dropped_solver=0
UE loop: state=2 locked=1 cum_tracking_shift_samp=-8 dropped_sync=0 dropped_meas=1076 dropped_solver=0
UE loop: state=2 locked=1 cum_tracking_shift_samp=-8 dropped_sync=0 dropped_meas=1076 dropped_solver=0
UE loop: state=2 locked=1 cum_tracking_shift_samp=-8 dropped_sync=0 dropped_meas=1076 dropped_solver=0
UE loop: state=2 locked=1 cum_tracking_shift_samp=-8 dropped_sync=0 dropped_meas=1076 dropped_solver=0
UE loop: state=2 locked=1 cum_tracking_shift_samp=-8 dropped_sync=0 dropped_meas=1076 dropped_solver=0
UE loop: state=2 locked=1 cum_tracking_shift_samp=-8 dropped_sync=0 dropped_meas=1076 dropped_solver=0
UE loop: state=2 locked=1 cum_tracking_shift_samp=-8 dropped_sync=0 dropped_meas=1076 dropped_solver=0
UE loop: state=2 locked=1 cum_tracking_shift_samp=-8 dropped_sync=0 dropped_meas=1076 dropped_solver=0
UE loop: state=2 locked=1 cum_tracking_shift_samp=-8 dropped_sync=0 dropped_meas=1076 dropped_solver=0
UE loop: state=2 locked=1 cum_tracking_shift_samp=-8 dropped_sync=0 dropped_meas=1076 dropped_solver=0
pss_hits: [0]nid2=0 off=295496 m=0.252 cfo=1061.3 [1]nid2=2 off=296727 m=0.093 [2]nid2=0 off=527133 m=0.092 [3]nid2=0 off=620859 m=0.059
UE loop: state=2 locked=1 cum_tracking_shift_samp=-8 dropped_sync=0 dropped_meas=1076 dropped_solver=0
acq_cands: count=1
  cand[0]: pci=84 nid2=0 nid1=28 off=295416 cfo=1061.3 rank=0.252 pss=0.252 hyps=1
UE loop: state=2 locked=1 cum_tracking_shift_samp=-8 dropped_sync=0 dropped_meas=1076 dropped_solver=0
GRID_DBG: pci=84 cfo=1061.3 pss_corr=0.0283 sss_corr=0.0106 pss_ph=-168.8 sym_pow=[1772.3,3995.3,4045.6,4003.0]
  pci0_scan: pci=84 dt=0 dcfo=0 best_ssb=7 dmrs=0.1248
  pci0_scan: pci=84 dt=0 dcfo=-500 best_ssb=7 dmrs=0.1125
  pci0_scan: pci=84 dt=0 dcfo=500 best_ssb=7 dmrs=0.1359
UE loop: state=2 locked=1 cum_tracking_shift_samp=-8 dropped_sync=0 dropped_meas=1076 dropped_solver=0
  pci0_scan: pci=84 dt=-1 dcfo=0 best_ssb=7 dmrs=0.1258
  pci0_scan: pci=84 dt=-1 dcfo=-500 best_ssb=7 dmrs=0.1132
  pci0_scan: pci=84 dt=-1 dcfo=500 best_ssb=7 dmrs=0.1364
UE loop: state=2 locked=1 cum_tracking_shift_samp=-8 dropped_sync=0 dropped_meas=1076 dropped_solver=0
  pci0_scan: pci=84 dt=1 dcfo=0 best_ssb=7 dmrs=0.1153
  pci0_scan: pci=84 dt=1 dcfo=-500 best_ssb=7 dmrs=0.1048
  pci0_scan: pci=84 dt=1 dcfo=500 best_ssb=7 dmrs=0.1257
UE loop: state=2 locked=1 cum_tracking_shift_samp=-8 dropped_sync=0 dropped_meas=1076 dropped_solver=0
  pci0_scan: pci=84 dt=-2 dcfo=0 best_ssb=7 dmrs=0.1194
  pci0_scan: pci=84 dt=-2 dcfo=-500 best_ssb=7 dmrs=0.1078
  pci0_scan: pci=84 dt=-2 dcfo=500 best_ssb=2 dmrs=0.1356
UE loop: state=2 locked=1 cum_tracking_shift_samp=-8 dropped_sync=0 dropped_meas=1076 dropped_solver=0
  pci0_scan: pci=84 dt=2 dcfo=0 best_ssb=7 dmrs=0.0982
  pci0_scan: pci=84 dt=2 dcfo=-500 best_ssb=7 dmrs=0.0909
  pci0_scan: pci=84 dt=2 dcfo=500 best_ssb=7 dmrs=0.1064
UE loop: state=2 locked=1 cum_tracking_shift_samp=-8 dropped_sync=0 dropped_meas=1076 dropped_solver=0
  pci0_scan: pci=84 dt=-3 dcfo=0 best_ssb=2 dmrs=0.1108
  pci0_scan: pci=84 dt=-3 dcfo=-500 best_ssb=7 dmrs=0.0944
  pci0_scan: pci=84 dt=-3 dcfo=500 best_ssb=2 dmrs=0.1299
UE loop: state=2 locked=1 cum_tracking_shift_samp=-8 dropped_sync=0 dropped_meas=1076 dropped_solver=0
  pci0_scan: pci=84 dt=3 dcfo=0 best_ssb=7 dmrs=0.0784
  pci0_scan: pci=84 dt=3 dcfo=-500 best_ssb=4 dmrs=0.0952
  pci0_scan: pci=84 dt=3 dcfo=500 best_ssb=7 dmrs=0.0831
pbch_hyps: count=8 decode=8 best_pci=84 best_ssb=7 best_dmrs=0.136 cfo=1061.3
  hyp[0]: pci=84 ssb=7 dmrs=0.136 ds=0 dt=-1 dcfo=500.0
  hyp[1]: pci=84 ssb=7 dmrs=0.136 ds=0 dt=0 dcfo=500.0
  hyp[2]: pci=84 ssb=2 dmrs=0.136 ds=0 dt=-2 dcfo=500.0
  hyp[3]: pci=84 ssb=2 dmrs=0.130 ds=0 dt=-1 dcfo=500.0
  hyp[4]: pci=84 ssb=2 dmrs=0.130 ds=0 dt=-3 dcfo=500.0
  hyp[5]: pci=84 ssb=7 dmrs=0.128 ds=0 dt=-2 dcfo=500.0
  hyp[6]: pci=84 ssb=7 dmrs=0.126 ds=0 dt=-1 dcfo=0.0
  hyp[7]: pci=84 ssb=7 dmrs=0.126 ds=0 dt=1 dcfo=500.0
UE loop: state=2 locked=1 cum_tracking_shift_samp=-8 dropped_sync=0 dropped_meas=1076 dropped_solver=0
  pbch_try[0]: pci=84 ssb=7 dmrs=0.136 noise=0.6926 cpe=0.036 dt=-1 dcfo=500.0
  pbch_try[1]: pci=84 ssb=7 dmrs=0.136 noise=0.6929 cpe=0.036 dt=0 dcfo=500.0
  pbch_try[2]: pci=84 ssb=2 dmrs=0.136 noise=0.6688 cpe=-0.000 dt=-2 dcfo=500.0
UE loop: state=2 locked=1 cum_tracking_shift_samp=-8 dropped_sync=0 dropped_meas=1076 dropped_solver=0
  pbch_try[3]: pci=84 ssb=2 dmrs=0.130 noise=0.6675 cpe=-0.001 dt=-1 dcfo=500.0
  LLR_PRE_SCR: pci=84 ssb=2 mean_abs=5.62 max=94.94 pos_frac=0.517
  pbch_try[4]: pci=84 ssb=2 dmrs=0.130 noise=0.6732 cpe=0.001 dt=-3 dcfo=500.0
  pbch_try[5]: pci=84 ssb=7 dmrs=0.128 noise=0.6952 cpe=0.036 dt=-2 dcfo=500.0
UE loop: state=2 locked=1 cum_tracking_shift_samp=-8 dropped_sync=0 dropped_meas=1076 dropped_solver=0
  pbch_try[6]: pci=84 ssb=7 dmrs=0.126 noise=0.6994 cpe=0.036 dt=-1 dcfo=0.0
  pbch_try[7]: pci=84 ssb=7 dmrs=0.126 noise=0.6933 cpe=0.036 dt=1 dcfo=500.0
pbch_bch: crc-fail pci=84 ssb=7 dmrs=0.136 second=0.136 ds=0 dt=-1 dcfo=500.0 pss=0.252 snr=2.29
  pbch_cand[0]: pci=84 rc=-1 ok=0 dmrs=0.136 fail=3
iq_dump: saved tag=pbch_nearmiss reason=dmrs_weak iq=/home/jfm/桌面/TOA_USRP_LimeSDR/long_pci84_20260409_194847/iq/pbch_nearmiss_seq03_ts47328697_cf2114550000_fs30720000_pci84_ssb7_pss252_dmrs136.c16 meta=/home/jfm/桌面/TOA_USRP_LimeSDR/long_pci84_20260409_194847/iq/pbch_nearmiss_seq03_ts47328697_cf2114550000_fs30720000_pci84_ssb7_pss252_dmrs136.meta.txt
UE loop: state=2 locked=0 cum_tracking_shift_samp=0 dropped_sync=0 dropped_meas=1076 dropped_solver=0
UE loop: state=2 locked=0 cum_tracking_shift_samp=0 dropped_sync=0 dropped_meas=1076 dropped_solver=0
UE loop: state=2 locked=0 cum_tracking_shift_samp=0 dropped_sync=0 dropped_meas=1076 dropped_solver=0
UE loop: state=2 locked=0 cum_tracking_shift_samp=0 dropped_sync=0 dropped_meas=1076 dropped_solver=0
UE loop: state=2 locked=0 cum_tracking_shift_samp=0 dropped_sync=0 dropped_meas=1076 dropped_solver=0
UE loop: state=2 locked=0 cum_tracking_shift_samp=0 dropped_sync=0 dropped_meas=1076 dropped_solver=0
UE loop: state=2 locked=0 cum_tracking_shift_samp=0 dropped_sync=0 dropped_meas=1076 dropped_solver=0
UE loop: state=2 locked=0 cum_tracking_shift_samp=0 dropped_sync=0 dropped_meas=1076 dropped_solver=0
UE loop: state=2 locked=0 cum_tracking_shift_samp=0 dropped_sync=0 dropped_meas=1076 dropped_solver=0
UE loop: state=2 locked=0 cum_tracking_shift_samp=0 dropped_sync=0 dropped_meas=1076 dropped_solver=0
UE loop: state=2 locked=0 cum_tracking_shift_samp=0 dropped_sync=0 dropped_meas=1076 dropped_solver=0
UE loop: state=2 locked=0 cum_tracking_shift_samp=0 dropped_sync=0 dropped_meas=1076 dropped_solver=0
UE loop: state=2 locked=0 cum_tracking_shift_samp=0 dropped_sync=0 dropped_meas=1076 dropped_solver=0
UE loop: state=2 locked=0 cum_tracking_shift_samp=0 dropped_sync=0 dropped_meas=1076 dropped_solver=0
UE loop: state=2 locked=0 cum_tracking_shift_samp=0 dropped_sync=0 dropped_meas=1076 dropped_solver=0
UE loop: state=2 locked=0 cum_tracking_shift_samp=0 dropped_sync=0 dropped_meas=1076 dropped_solver=0
UE loop: state=2 locked=0 cum_tracking_shift_samp=0 dropped_sync=0 dropped_meas=1076 dropped_solver=0
UE loop: state=2 locked=0 cum_tracking_shift_samp=0 dropped_sync=0 dropped_meas=1076 dropped_solver=0
UE loop: state=2 locked=0 cum_tracking_shift_samp=0 dropped_sync=0 dropped_meas=1076 dropped_solver=0
UE loop: state=2 locked=0 cum_tracking_shift_samp=0 dropped_sync=0 dropped_meas=1076 dropped_solver=0
UE loop: state=2 locked=0 cum_tracking_shift_samp=0 dropped_sync=0 dropped_meas=1076 dropped_solver=0
UE loop: state=2 locked=0 cum_tracking_shift_samp=0 dropped_sync=0 dropped_meas=1076 dropped_solver=0
UE loop: state=2 locked=0 cum_tracking_shift_samp=0 dropped_sync=0 dropped_meas=1076 dropped_solver=0
UE loop: state=2 locked=0 cum_tracking_shift_samp=0 dropped_sync=0 dropped_meas=1076 dropped_solver=0
UE loop: state=2 locked=0 cum_tracking_shift_samp=0 dropped_sync=0 dropped_meas=1076 dropped_solver=0
UE loop: state=2 locked=0 cum_tracking_shift_samp=0 dropped_sync=0 dropped_meas=1076 dropped_solver=0
UE loop: state=2 locked=0 cum_tracking_shift_samp=0 dropped_sync=0 dropped_meas=1076 dropped_solver=0
UE loop: state=2 locked=0 cum_tracking_shift_samp=0 dropped_sync=0 dropped_meas=1076 dropped_solver=0
UE loop: state=2 locked=0 cum_tracking_shift_samp=0 dropped_sync=0 dropped_meas=1076 dropped_solver=0
UE loop: state=2 locked=0 cum_tracking_shift_samp=0 dropped_sync=0 dropped_meas=1076 dropped_solver=0
UE loop: state=2 locked=0 cum_tracking_shift_samp=0 dropped_sync=0 dropped_meas=1076 dropped_solver=0
UE loop: state=2 locked=0 cum_tracking_shift_samp=0 dropped_sync=0 dropped_meas=1076 dropped_solver=0
UE loop: state=2 locked=0 cum_tracking_shift_samp=0 dropped_sync=0 dropped_meas=1076 dropped_solver=0
UE loop: state=2 locked=0 cum_tracking_shift_samp=0 dropped_sync=0 dropped_meas=1076 dropped_solver=0
UE loop: state=2 locked=0 cum_tracking_shift_samp=0 dropped_sync=0 dropped_meas=1076 dropped_solver=0
UE loop: state=2 locked=0 cum_tracking_shift_samp=0 dropped_sync=0 dropped_meas=1076 dropped_solver=0
UE loop: state=2 locked=0 cum_tracking_shift_samp=0 dropped_sync=0 dropped_meas=1076 dropped_solver=0
UE loop: state=2 locked=0 cum_tracking_shift_samp=0 dropped_sync=0 dropped_meas=1076 dropped_solver=0
UE loop: state=2 locked=0 cum_tracking_shift_samp=0 dropped_sync=0 dropped_meas=1076 dropped_solver=0
UE loop: state=2 locked=0 cum_tracking_shift_samp=0 dropped_sync=0 dropped_meas=1076 dropped_solver=0
UE loop: state=2 locked=0 cum_tracking_shift_samp=0 dropped_sync=0 dropped_meas=1076 dropped_solver=0
UE loop: state=2 locked=0 cum_tracking_shift_samp=0 dropped_sync=0 dropped_meas=1076 dropped_solver=0
UE loop: state=2 locked=0 cum_tracking_shift_samp=0 dropped_sync=0 dropped_meas=1076 dropped_solver=0
UE loop: state=2 locked=0 cum_tracking_shift_samp=0 dropped_sync=0 dropped_meas=1076 dropped_solver=0
UE loop: state=2 locked=0 cum_tracking_shift_samp=0 dropped_sync=0 dropped_meas=1076 dropped_solver=0
UE loop: state=2 locked=0 cum_tracking_shift_samp=0 dropped_sync=0 dropped_meas=1076 dropped_solver=0
UE loop: state=2 locked=0 cum_tracking_shift_samp=0 dropped_sync=0 dropped_meas=1076 dropped_solver=0
UE loop: state=2 locked=0 cum_tracking_shift_samp=0 dropped_sync=0 dropped_meas=1076 dropped_solver=0
UE loop: state=2 locked=0 cum_tracking_shift_samp=0 dropped_sync=0 dropped_meas=1076 dropped_solver=0
UE loop: state=2 locked=0 cum_tracking_shift_samp=0 dropped_sync=0 dropped_meas=1076 dropped_solver=0
UE loop: state=2 locked=0 cum_tracking_shift_samp=0 dropped_sync=0 dropped_meas=1076 dropped_solver=0
UE loop: state=2 locked=0 cum_tracking_shift_samp=0 dropped_sync=0 dropped_meas=1076 dropped_solver=0
UE loop: state=2 locked=0 cum_tracking_shift_samp=0 dropped_sync=0 dropped_meas=1076 dropped_solver=0
UE loop: state=2 locked=0 cum_tracking_shift_samp=0 dropped_sync=0 dropped_meas=1076 dropped_solver=0
UE loop: state=2 locked=0 cum_tracking_shift_samp=0 dropped_sync=0 dropped_meas=1076 dropped_solver=0
UE loop: state=2 locked=0 cum_tracking_shift_samp=0 dropped_sync=0 dropped_meas=1076 dropped_solver=0
UE loop: state=2 locked=0 cum_tracking_shift_samp=0 dropped_sync=0 dropped_meas=1076 dropped_solver=0
UE loop: state=2 locked=0 cum_tracking_shift_samp=0 dropped_sync=0 dropped_meas=1076 dropped_solver=0
UE loop: state=2 locked=0 cum_tracking_shift_samp=0 dropped_sync=0 dropped_meas=1076 dropped_solver=0
UE loop: state=2 locked=0 cum_tracking_shift_samp=0 dropped_sync=0 dropped_meas=1076 dropped_solver=0
UE loop: state=2 locked=0 cum_tracking_shift_samp=0 dropped_sync=0 dropped_meas=1076 dropped_solver=0
UE loop: state=2 locked=0 cum_tracking_shift_samp=0 dropped_sync=0 dropped_meas=1076 dropped_solver=0
UE loop: state=2 locked=0 cum_tracking_shift_samp=0 dropped_sync=0 dropped_meas=1076 dropped_solver=0
UE loop: state=2 locked=0 cum_tracking_shift_samp=0 dropped_sync=0 dropped_meas=1076 dropped_solver=0
UE loop: state=2 locked=0 cum_tracking_shift_samp=0 dropped_sync=0 dropped_meas=1076 dropped_solver=0
pss_hits: [0]nid2=0 off=277927 m=0.248 cfo=920.8 [1]nid2=1 off=60926 m=0.084 [2]nid2=1 off=446459 m=0.084 [3]nid2=0 off=620899 m=0.052
UE loop: state=2 locked=0 cum_tracking_shift_samp=0 dropped_sync=0 dropped_meas=1076 dropped_solver=0
UE loop: state=2 locked=0 cum_tracking_shift_samp=0 dropped_sync=0 dropped_meas=1076 dropped_solver=0
acq_cands: count=1
  cand[0]: pci=84 nid2=0 nid1=28 off=277887 cfo=920.8 rank=0.248 pss=0.248 hyps=1
GRID_DBG: pci=84 cfo=920.8 pss_corr=0.0819 sss_corr=0.0235 pss_ph=-154.3 sym_pow=[1772.3,3870.9,3753.5,3809.9]
  pci0_scan: pci=84 dt=0 dcfo=0 best_ssb=7 dmrs=0.1210
UE loop: state=2 locked=0 cum_tracking_shift_samp=0 dropped_sync=0 dropped_meas=1076 dropped_solver=0
  pci0_scan: pci=84 dt=0 dcfo=-500 best_ssb=7 dmrs=0.1075
  pci0_scan: pci=84 dt=0 dcfo=500 best_ssb=7 dmrs=0.1301
  pci0_scan: pci=84 dt=-1 dcfo=0 best_ssb=7 dmrs=0.1332
UE loop: state=2 locked=0 cum_tracking_shift_samp=0 dropped_sync=0 dropped_meas=1076 dropped_solver=0
  pci0_scan: pci=84 dt=-1 dcfo=-500 best_ssb=7 dmrs=0.1201
  pci0_scan: pci=84 dt=-1 dcfo=500 best_ssb=7 dmrs=0.1416
  pci0_scan: pci=84 dt=1 dcfo=0 best_ssb=6 dmrs=0.1077
UE loop: state=2 locked=0 cum_tracking_shift_samp=0 dropped_sync=0 dropped_meas=1076 dropped_solver=0
  pci0_scan: pci=84 dt=1 dcfo=-500 best_ssb=6 dmrs=0.1196
  pci0_scan: pci=84 dt=1 dcfo=500 best_ssb=7 dmrs=0.1149
  pci0_scan: pci=84 dt=-2 dcfo=0 best_ssb=7 dmrs=0.1382
  pci0_scan: pci=84 dt=-2 dcfo=-500 best_ssb=7 dmrs=0.1250
UE loop: state=2 locked=0 cum_tracking_shift_samp=0 dropped_sync=0 dropped_meas=1076 dropped_solver=0
  pci0_scan: pci=84 dt=-2 dcfo=500 best_ssb=7 dmrs=0.1459
  pci0_scan: pci=84 dt=2 dcfo=0 best_ssb=6 dmrs=0.1308
  pci0_scan: pci=84 dt=2 dcfo=-500 best_ssb=6 dmrs=0.1411
UE loop: state=2 locked=0 cum_tracking_shift_samp=0 dropped_sync=0 dropped_meas=1076 dropped_solver=0
  pci0_scan: pci=84 dt=2 dcfo=500 best_ssb=6 dmrs=0.1134
  pci0_scan: pci=84 dt=-3 dcfo=0 best_ssb=7 dmrs=0.1342
  pci0_scan: pci=84 dt=-3 dcfo=-500 best_ssb=7 dmrs=0.1210
UE loop: state=2 locked=0 cum_tracking_shift_samp=0 dropped_sync=0 dropped_meas=1076 dropped_solver=0
  pci0_scan: pci=84 dt=-3 dcfo=500 best_ssb=7 dmrs=0.1411
  pci0_scan: pci=84 dt=3 dcfo=0 best_ssb=6 dmrs=0.1486
  pci0_scan: pci=84 dt=3 dcfo=-500 best_ssb=6 dmrs=0.1557
UE loop: state=2 locked=0 cum_tracking_shift_samp=0 dropped_sync=0 dropped_meas=1076 dropped_solver=0
  pci0_scan: pci=84 dt=3 dcfo=500 best_ssb=6 dmrs=0.1332
pbch_hyps: count=8 decode=8 best_pci=84 best_ssb=6 best_dmrs=0.156 cfo=920.8
  hyp[0]: pci=84 ssb=6 dmrs=0.156 ds=0 dt=3 dcfo=-500.0
  hyp[1]: pci=84 ssb=6 dmrs=0.149 ds=0 dt=3 dcfo=0.0
  hyp[2]: pci=84 ssb=7 dmrs=0.146 ds=0 dt=-2 dcfo=500.0
  hyp[3]: pci=84 ssb=7 dmrs=0.142 ds=0 dt=-1 dcfo=500.0
  hyp[4]: pci=84 ssb=7 dmrs=0.141 ds=0 dt=-3 dcfo=500.0
  hyp[5]: pci=84 ssb=6 dmrs=0.141 ds=0 dt=2 dcfo=-500.0
  hyp[6]: pci=84 ssb=7 dmrs=0.138 ds=0 dt=-2 dcfo=0.0
  hyp[7]: pci=84 ssb=7 dmrs=0.134 ds=0 dt=-3 dcfo=0.0
  pbch_try[0]: pci=84 ssb=6 dmrs=0.156 noise=0.5679 cpe=-0.017 dt=3 dcfo=-500.0
  pbch_try[1]: pci=84 ssb=6 dmrs=0.149 noise=0.5682 cpe=-0.022 dt=3 dcfo=0.0
UE loop: state=2 locked=0 cum_tracking_shift_samp=0 dropped_sync=0 dropped_meas=1076 dropped_solver=0
  pbch_try[2]: pci=84 ssb=7 dmrs=0.146 noise=0.7615 cpe=0.032 dt=-2 dcfo=500.0
  pbch_try[3]: pci=84 ssb=7 dmrs=0.142 noise=0.7639 cpe=0.033 dt=-1 dcfo=500.0
  pbch_try[4]: pci=84 ssb=7 dmrs=0.141 noise=0.7603 cpe=0.031 dt=-3 dcfo=500.0
UE loop: state=2 locked=0 cum_tracking_shift_samp=0 dropped_sync=0 dropped_meas=1076 dropped_solver=0
  pbch_try[5]: pci=84 ssb=6 dmrs=0.141 noise=0.5667 cpe=-0.015 dt=2 dcfo=-500.0
  pbch_try[6]: pci=84 ssb=7 dmrs=0.138 noise=0.7745 cpe=0.034 dt=-2 dcfo=0.0
  pbch_try[7]: pci=84 ssb=7 dmrs=0.134 noise=0.7720 cpe=0.032 dt=-3 dcfo=0.0
pbch_bch: crc-fail pci=84 ssb=6 dmrs=0.156 second=0.149 ds=0 dt=3 dcfo=-500.0 pss=0.248 snr=2.28
  pbch_cand[0]: pci=84 rc=-1 ok=0 dmrs=0.156 fail=3
iq_dump: saved tag=pbch_nearmiss reason=dmrs_weak iq=/home/jfm/桌面/TOA_USRP_LimeSDR/long_pci84_20260409_194847/iq/pbch_nearmiss_seq04_ts48575065_cf2114550000_fs30720000_pci84_ssb6_pss248_dmrs156.c16 meta=/home/jfm/桌面/TOA_USRP_LimeSDR/long_pci84_20260409_194847/iq/pbch_nearmiss_seq04_ts48575065_cf2114550000_fs30720000_pci84_ssb6_pss248_dmrs156.meta.txt
UE loop: state=2 locked=0 cum_tracking_shift_samp=0 dropped_sync=0 dropped_meas=1076 dropped_solver=0
UE loop: state=2 locked=0 cum_tracking_shift_samp=0 dropped_sync=0 dropped_meas=1076 dropped_solver=0
UE loop: state=2 locked=0 cum_tracking_shift_samp=0 dropped_sync=0 dropped_meas=1076 dropped_solver=0
UE loop: state=2 locked=0 cum_tracking_shift_samp=0 dropped_sync=0 dropped_meas=1076 dropped_solver=0
UE loop: state=2 locked=0 cum_tracking_shift_samp=0 dropped_sync=0 dropped_meas=1076 dropped_solver=0
UE loop: state=2 locked=0 cum_tracking_shift_samp=0 dropped_sync=0 dropped_meas=1076 dropped_solver=0
UE loop: state=2 locked=0 cum_tracking_shift_samp=0 dropped_sync=0 dropped_meas=1076 dropped_solver=0
UE loop: state=2 locked=0 cum_tracking_shift_samp=0 dropped_sync=0 dropped_meas=1076 dropped_solver=0
UE loop: state=2 locked=0 cum_tracking_shift_samp=0 dropped_sync=0 dropped_meas=1076 dropped_solver=0
UE loop: state=2 locked=0 cum_tracking_shift_samp=0 dropped_sync=0 dropped_meas=1076 dropped_solver=0
UE loop: state=2 locked=0 cum_tracking_shift_samp=0 dropped_sync=0 dropped_meas=1076 dropped_solver=0
UE loop: state=2 locked=0 cum_tracking_shift_samp=0 dropped_sync=0 dropped_meas=1076 dropped_solver=0
UE loop: state=2 locked=0 cum_tracking_shift_samp=0 dropped_sync=0 dropped_meas=1076 dropped_solver=0
UE loop: state=2 locked=0 cum_tracking_shift_samp=0 dropped_sync=0 dropped_meas=1076 dropped_solver=0
UE loop: state=2 locked=0 cum_tracking_shift_samp=0 dropped_sync=0 dropped_meas=1076 dropped_solver=0
UE loop: state=2 locked=0 cum_tracking_shift_samp=0 dropped_sync=0 dropped_meas=1076 dropped_solver=0
UE loop: state=2 locked=0 cum_tracking_shift_samp=0 dropped_sync=0 dropped_meas=1076 dropped_solver=0
UE loop: state=2 locked=0 cum_tracking_shift_samp=0 dropped_sync=0 dropped_meas=1076 dropped_solver=0
UE loop: state=2 locked=0 cum_tracking_shift_samp=0 dropped_sync=0 dropped_meas=1076 dropped_solver=0
UE loop: state=2 locked=0 cum_tracking_shift_samp=0 dropped_sync=0 dropped_meas=1076 dropped_solver=0
UE loop: state=2 locked=0 cum_tracking_shift_samp=0 dropped_sync=0 dropped_meas=1076 dropped_solver=0
UE loop: state=2 locked=0 cum_tracking_shift_samp=0 dropped_sync=0 dropped_meas=1076 dropped_solver=0
UE loop: state=2 locked=0 cum_tracking_shift_samp=0 dropped_sync=0 dropped_meas=1076 dropped_solver=0
UE loop: state=2 locked=0 cum_tracking_shift_samp=0 dropped_sync=0 dropped_meas=1076 dropped_solver=0
UE loop: state=2 locked=0 cum_tracking_shift_samp=0 dropped_sync=0 dropped_meas=1076 dropped_solver=0
UE loop: state=2 locked=0 cum_tracking_shift_samp=0 dropped_sync=0 dropped_meas=1076 dropped_solver=0
UE loop: state=2 locked=0 cum_tracking_shift_samp=0 dropped_sync=0 dropped_meas=1076 dropped_solver=0
UE loop: state=2 locked=0 cum_tracking_shift_samp=0 dropped_sync=0 dropped_meas=1076 dropped_solver=0
UE loop: state=2 locked=0 cum_tracking_shift_samp=0 dropped_sync=0 dropped_meas=1076 dropped_solver=0
UE loop: state=2 locked=0 cum_tracking_shift_samp=0 dropped_sync=0 dropped_meas=1076 dropped_solver=0
UE loop: state=2 locked=0 cum_tracking_shift_samp=0 dropped_sync=0 dropped_meas=1076 dropped_solver=0
UE loop: state=2 locked=0 cum_tracking_shift_samp=0 dropped_sync=0 dropped_meas=1076 dropped_solver=0
UE loop: state=2 locked=0 cum_tracking_shift_samp=0 dropped_sync=0 dropped_meas=1076 dropped_solver=0
UE loop: state=2 locked=0 cum_tracking_shift_samp=0 dropped_sync=0 dropped_meas=1076 dropped_solver=0
UE loop: state=2 locked=0 cum_tracking_shift_samp=0 dropped_sync=0 dropped_meas=1076 dropped_solver=0
UE loop: state=2 locked=0 cum_tracking_shift_samp=0 dropped_sync=0 dropped_meas=1076 dropped_solver=0
UE loop: state=2 locked=0 cum_tracking_shift_samp=0 dropped_sync=0 dropped_meas=1076 dropped_solver=0
UE loop: state=2 locked=0 cum_tracking_shift_samp=0 dropped_sync=0 dropped_meas=1076 dropped_solver=0
UE loop: state=2 locked=0 cum_tracking_shift_samp=0 dropped_sync=0 dropped_meas=1076 dropped_solver=0
UE loop: state=2 locked=0 cum_tracking_shift_samp=0 dropped_sync=0 dropped_meas=1076 dropped_solver=0
UE loop: state=2 locked=0 cum_tracking_shift_samp=0 dropped_sync=0 dropped_meas=1076 dropped_solver=0
UE loop: state=2 locked=0 cum_tracking_shift_samp=0 dropped_sync=0 dropped_meas=1076 dropped_solver=0
UE loop: state=2 locked=0 cum_tracking_shift_samp=0 dropped_sync=0 dropped_meas=1076 dropped_solver=0
UE loop: state=2 locked=0 cum_tracking_shift_samp=0 dropped_sync=0 dropped_meas=1076 dropped_solver=0
UE loop: state=2 locked=0 cum_tracking_shift_samp=0 dropped_sync=0 dropped_meas=1076 dropped_solver=0
UE loop: state=2 locked=0 cum_tracking_shift_samp=0 dropped_sync=0 dropped_meas=1076 dropped_solver=0
UE loop: state=2 locked=0 cum_tracking_shift_samp=0 dropped_sync=0 dropped_meas=1076 dropped_solver=0
UE loop: state=2 locked=0 cum_tracking_shift_samp=0 dropped_sync=0 dropped_meas=1076 dropped_solver=0
UE loop: state=2 locked=0 cum_tracking_shift_samp=0 dropped_sync=0 dropped_meas=1076 dropped_solver=0
UE loop: state=2 locked=0 cum_tracking_shift_samp=0 dropped_sync=0 dropped_meas=1076 dropped_solver=0
UE loop: state=2 locked=0 cum_tracking_shift_samp=0 dropped_sync=0 dropped_meas=1076 dropped_solver=0
UE loop: state=2 locked=0 cum_tracking_shift_samp=0 dropped_sync=0 dropped_meas=1076 dropped_solver=0
UE loop: state=2 locked=0 cum_tracking_shift_samp=0 dropped_sync=0 dropped_meas=1076 dropped_solver=0
UE loop: state=2 locked=0 cum_tracking_shift_samp=0 dropped_sync=0 dropped_meas=1076 dropped_solver=0
UE loop: state=2 locked=0 cum_tracking_shift_samp=0 dropped_sync=0 dropped_meas=1076 dropped_solver=0
UE loop: state=2 locked=0 cum_tracking_shift_samp=0 dropped_sync=0 dropped_meas=1076 dropped_solver=0
UE loop: state=2 locked=0 cum_tracking_shift_samp=0 dropped_sync=0 dropped_meas=1076 dropped_solver=0
UE loop: state=2 locked=0 cum_tracking_shift_samp=0 dropped_sync=0 dropped_meas=1076 dropped_solver=0
UE loop: state=2 locked=0 cum_tracking_shift_samp=0 dropped_sync=0 dropped_meas=1076 dropped_solver=0
UE loop: state=2 locked=0 cum_tracking_shift_samp=0 dropped_sync=0 dropped_meas=1076 dropped_solver=0
UE loop: state=2 locked=0 cum_tracking_shift_samp=0 dropped_sync=0 dropped_meas=1076 dropped_solver=0
UE loop: state=2 locked=0 cum_tracking_shift_samp=0 dropped_sync=0 dropped_meas=1076 dropped_solver=0
UE loop: state=2 locked=0 cum_tracking_shift_samp=0 dropped_sync=0 dropped_meas=1076 dropped_solver=0
UE loop: state=2 locked=0 cum_tracking_shift_samp=0 dropped_sync=0 dropped_meas=1076 dropped_solver=0
UE loop: state=2 locked=0 cum_tracking_shift_samp=0 dropped_sync=0 dropped_meas=1076 dropped_solver=0
UE loop: state=2 locked=0 cum_tracking_shift_samp=0 dropped_sync=0 dropped_meas=1076 dropped_solver=0
pss_hits: [0]nid2=0 off=154200 m=0.248 cfo=901.4 [1]nid2=0 off=332045 m=0.094 [2]nid2=0 off=391215 m=0.090 [3]nid2=2 off=620931 m=0.044
UE loop: state=2 locked=0 cum_tracking_shift_samp=0 dropped_sync=0 dropped_meas=1076 dropped_solver=0
UE loop: state=2 locked=0 cum_tracking_shift_samp=0 dropped_sync=0 dropped_meas=1076 dropped_solver=0
acq_cands: count=1
  cand[0]: pci=84 nid2=0 nid1=28 off=154120 cfo=901.4 rank=0.248 pss=0.248 hyps=1
GRID_DBG: pci=84 cfo=901.4 pss_corr=0.0659 sss_corr=0.0049 pss_ph=-115.8 sym_pow=[1813.9,3803.0,3693.8,4125.3]
  pci0_scan: pci=84 dt=0 dcfo=0 best_ssb=4 dmrs=0.0973
UE loop: state=2 locked=0 cum_tracking_shift_samp=0 dropped_sync=0 dropped_meas=1076 dropped_solver=0
  pci0_scan: pci=84 dt=0 dcfo=-500 best_ssb=1 dmrs=0.0888
  pci0_scan: pci=84 dt=0 dcfo=500 best_ssb=4 dmrs=0.1030
UE loop: state=2 locked=0 cum_tracking_shift_samp=0 dropped_sync=0 dropped_meas=1076 dropped_solver=0
  pci0_scan: pci=84 dt=-1 dcfo=0 best_ssb=4 dmrs=0.1130
  pci0_scan: pci=84 dt=-1 dcfo=-500 best_ssb=4 dmrs=0.1008
  pci0_scan: pci=84 dt=-1 dcfo=500 best_ssb=4 dmrs=0.1207
UE loop: state=2 locked=0 cum_tracking_shift_samp=0 dropped_sync=0 dropped_meas=1076 dropped_solver=0
  pci0_scan: pci=84 dt=1 dcfo=0 best_ssb=1 dmrs=0.0848
  pci0_scan: pci=84 dt=1 dcfo=-500 best_ssb=1 dmrs=0.0845
  pci0_scan: pci=84 dt=1 dcfo=500 best_ssb=1 dmrs=0.0848
UE loop: state=2 locked=0 cum_tracking_shift_samp=0 dropped_sync=0 dropped_meas=1076 dropped_solver=0
  pci0_scan: pci=84 dt=-2 dcfo=0 best_ssb=4 dmrs=0.1226
  pci0_scan: pci=84 dt=-2 dcfo=-500 best_ssb=4 dmrs=0.1081
  pci0_scan: pci=84 dt=-2 dcfo=500 best_ssb=4 dmrs=0.1322
UE loop: state=2 locked=0 cum_tracking_shift_samp=0 dropped_sync=0 dropped_meas=1076 dropped_solver=0
  pci0_scan: pci=84 dt=2 dcfo=0 best_ssb=1 dmrs=0.0926
  pci0_scan: pci=84 dt=2 dcfo=-500 best_ssb=1 dmrs=0.0850
UE loop: state=2 locked=0 cum_tracking_shift_samp=0 dropped_sync=0 dropped_meas=1076 dropped_solver=0
  pci0_scan: pci=84 dt=2 dcfo=500 best_ssb=1 dmrs=0.0994
  pci0_scan: pci=84 dt=-3 dcfo=0 best_ssb=4 dmrs=0.1244
  pci0_scan: pci=84 dt=-3 dcfo=-500 best_ssb=4 dmrs=0.1077
UE loop: state=2 locked=0 cum_tracking_shift_samp=0 dropped_sync=0 dropped_meas=1076 dropped_solver=0
  pci0_scan: pci=84 dt=-3 dcfo=500 best_ssb=4 dmrs=0.1363
  pci0_scan: pci=84 dt=3 dcfo=0 best_ssb=1 dmrs=0.1018
  pci0_scan: pci=84 dt=3 dcfo=-500 best_ssb=1 dmrs=0.0893
UE loop: state=2 locked=0 cum_tracking_shift_samp=0 dropped_sync=0 dropped_meas=1076 dropped_solver=0
  pci0_scan: pci=84 dt=3 dcfo=500 best_ssb=1 dmrs=0.1122
pbch_hyps: count=8 decode=8 best_pci=84 best_ssb=4 best_dmrs=0.136 cfo=901.4
  hyp[0]: pci=84 ssb=4 dmrs=0.136 ds=0 dt=-3 dcfo=500.0
  hyp[1]: pci=84 ssb=4 dmrs=0.132 ds=0 dt=-2 dcfo=500.0
  hyp[2]: pci=84 ssb=4 dmrs=0.124 ds=0 dt=-3 dcfo=0.0
  hyp[3]: pci=84 ssb=4 dmrs=0.123 ds=0 dt=-2 dcfo=0.0
  hyp[4]: pci=84 ssb=4 dmrs=0.121 ds=0 dt=-1 dcfo=500.0
  hyp[5]: pci=84 ssb=4 dmrs=0.113 ds=0 dt=-1 dcfo=0.0
  hyp[6]: pci=84 ssb=1 dmrs=0.112 ds=0 dt=3 dcfo=500.0
  hyp[7]: pci=84 ssb=4 dmrs=0.108 ds=0 dt=-2 dcfo=-500.0
  pbch_try[0]: pci=84 ssb=4 dmrs=0.136 noise=0.6335 cpe=0.011 dt=-3 dcfo=500.0
  pbch_try[1]: pci=84 ssb=4 dmrs=0.132 noise=0.6341 cpe=0.011 dt=-2 dcfo=500.0
UE loop: state=2 locked=0 cum_tracking_shift_samp=0 dropped_sync=0 dropped_meas=1076 dropped_solver=0
  pbch_try[2]: pci=84 ssb=4 dmrs=0.124 noise=0.6378 cpe=0.009 dt=-3 dcfo=0.0
  pbch_try[3]: pci=84 ssb=4 dmrs=0.123 noise=0.6389 cpe=0.008 dt=-2 dcfo=0.0
UE loop: state=2 locked=0 cum_tracking_shift_samp=0 dropped_sync=0 dropped_meas=1076 dropped_solver=0
  pbch_try[4]: pci=84 ssb=4 dmrs=0.121 noise=0.6346 cpe=0.012 dt=-1 dcfo=500.0
  pbch_try[5]: pci=84 ssb=4 dmrs=0.113 noise=0.6394 cpe=0.009 dt=-1 dcfo=0.0
  pbch_try[6]: pci=84 ssb=1 dmrs=0.112 noise=0.8506 cpe=0.015 dt=3 dcfo=500.0
UE loop: state=2 locked=0 cum_tracking_shift_samp=0 dropped_sync=0 dropped_meas=1076 dropped_solver=0
  pbch_try[7]: pci=84 ssb=4 dmrs=0.108 noise=0.6446 cpe=0.006 dt=-2 dcfo=-500.0
  LLR_PRE_SCR: pci=84 ssb=4 mean_abs=6.19 max=96.39 pos_frac=0.465
pbch_bch: crc-fail pci=84 ssb=4 dmrs=0.136 second=0.132 ds=0 dt=-3 dcfo=500.0 pss=0.248 snr=2.35
  pbch_cand[0]: pci=84 rc=-1 ok=0 dmrs=0.136 fail=3
iq_dump: saved tag=pbch_nearmiss reason=dmrs_weak iq=/home/jfm/桌面/TOA_USRP_LimeSDR/long_pci84_20260409_194847/iq/pbch_nearmiss_seq05_ts672314484_cf2114550000_fs30720000_pci84_ssb4_pss248_dmrs136.c16 meta=/home/jfm/桌面/TOA_USRP_LimeSDR/long_pci84_20260409_194847/iq/pbch_nearmiss_seq05_ts672314484_cf2114550000_fs30720000_pci84_ssb4_pss248_dmrs136.meta.txt
UE loop: state=2 locked=0 cum_tracking_shift_samp=0 dropped_sync=0 dropped_meas=1076 dropped_solver=0
UE loop: state=2 locked=0 cum_tracking_shift_samp=0 dropped_sync=0 dropped_meas=1076 dropped_solver=0
UE loop: state=2 locked=0 cum_tracking_shift_samp=0 dropped_sync=0 dropped_meas=1076 dropped_solver=0
UE loop: state=2 locked=0 cum_tracking_shift_samp=0 dropped_sync=0 dropped_meas=1076 dropped_solver=0
UE loop: state=2 locked=0 cum_tracking_shift_samp=0 dropped_sync=0 dropped_meas=1076 dropped_solver=0
UE loop: state=2 locked=0 cum_tracking_shift_samp=0 dropped_sync=0 dropped_meas=1076 dropped_solver=0
UE loop: state=2 locked=0 cum_tracking_shift_samp=0 dropped_sync=0 dropped_meas=1076 dropped_solver=0
UE loop: state=2 locked=0 cum_tracking_shift_samp=0 dropped_sync=0 dropped_meas=1076 dropped_solver=0
UE loop: state=2 locked=0 cum_tracking_shift_samp=0 dropped_sync=0 dropped_meas=1076 dropped_solver=0
UE loop: state=2 locked=0 cum_tracking_shift_samp=0 dropped_sync=0 dropped_meas=1076 dropped_solver=0
UE loop: state=2 locked=0 cum_tracking_shift_samp=0 dropped_sync=0 dropped_meas=1076 dropped_solver=0
UE loop: state=2 locked=0 cum_tracking_shift_samp=0 dropped_sync=0 dropped_meas=1076 dropped_solver=0
UE loop: state=2 locked=0 cum_tracking_shift_samp=0 dropped_sync=0 dropped_meas=1076 dropped_solver=0
UE loop: state=2 locked=0 cum_tracking_shift_samp=0 dropped_sync=0 dropped_meas=1076 dropped_solver=0
UE loop: state=2 locked=0 cum_tracking_shift_samp=0 dropped_sync=0 dropped_meas=1076 dropped_solver=0
UE loop: state=2 locked=0 cum_tracking_shift_samp=0 dropped_sync=0 dropped_meas=1076 dropped_solver=0
UE loop: state=2 locked=0 cum_tracking_shift_samp=0 dropped_sync=0 dropped_meas=1076 dropped_solver=0
UE loop: state=2 locked=0 cum_tracking_shift_samp=0 dropped_sync=0 dropped_meas=1076 dropped_solver=0
UE loop: state=2 locked=0 cum_tracking_shift_samp=0 dropped_sync=0 dropped_meas=1076 dropped_solver=0
UE loop: state=2 locked=0 cum_tracking_shift_samp=0 dropped_sync=0 dropped_meas=1076 dropped_solver=0
UE loop: state=2 locked=0 cum_tracking_shift_samp=0 dropped_sync=0 dropped_meas=1076 dropped_solver=0
UE loop: state=2 locked=0 cum_tracking_shift_samp=0 dropped_sync=0 dropped_meas=1076 dropped_solver=0
UE loop: state=2 locked=0 cum_tracking_shift_samp=0 dropped_sync=0 dropped_meas=1076 dropped_solver=0
UE loop: state=2 locked=0 cum_tracking_shift_samp=0 dropped_sync=0 dropped_meas=1076 dropped_solver=0
UE loop: state=2 locked=0 cum_tracking_shift_samp=0 dropped_sync=0 dropped_meas=1076 dropped_solver=0
UE loop: state=2 locked=0 cum_tracking_shift_samp=0 dropped_sync=0 dropped_meas=1076 dropped_solver=0
UE loop: state=2 locked=0 cum_tracking_shift_samp=0 dropped_sync=0 dropped_meas=1076 dropped_solver=0
UE loop: state=2 locked=0 cum_tracking_shift_samp=0 dropped_sync=0 dropped_meas=1076 dropped_solver=0
UE loop: state=2 locked=0 cum_tracking_shift_samp=0 dropped_sync=0 dropped_meas=1076 dropped_solver=0
UE loop: state=2 locked=0 cum_tracking_shift_samp=0 dropped_sync=0 dropped_meas=1076 dropped_solver=0
UE loop: state=2 locked=0 cum_tracking_shift_samp=0 dropped_sync=0 dropped_meas=1076 dropped_solver=0
UE loop: state=2 locked=0 cum_tracking_shift_samp=0 dropped_sync=0 dropped_meas=1076 dropped_solver=0
UE loop: state=2 locked=0 cum_tracking_shift_samp=0 dropped_sync=0 dropped_meas=1076 dropped_solver=0
UE loop: state=2 locked=0 cum_tracking_shift_samp=0 dropped_sync=0 dropped_meas=1076 dropped_solver=0
UE loop: state=2 locked=0 cum_tracking_shift_samp=0 dropped_sync=0 dropped_meas=1076 dropped_solver=0
UE loop: state=2 locked=0 cum_tracking_shift_samp=0 dropped_sync=0 dropped_meas=1076 dropped_solver=0
UE loop: state=2 locked=0 cum_tracking_shift_samp=0 dropped_sync=0 dropped_meas=1076 dropped_solver=0
UE loop: state=2 locked=0 cum_tracking_shift_samp=0 dropped_sync=0 dropped_meas=1076 dropped_solver=0
UE loop: state=2 locked=0 cum_tracking_shift_samp=0 dropped_sync=0 dropped_meas=1076 dropped_solver=0
UE loop: state=2 locked=0 cum_tracking_shift_samp=0 dropped_sync=0 dropped_meas=1076 dropped_solver=0
UE loop: state=2 locked=0 cum_tracking_shift_samp=0 dropped_sync=0 dropped_meas=1076 dropped_solver=0
UE loop: state=2 locked=0 cum_tracking_shift_samp=0 dropped_sync=0 dropped_meas=1076 dropped_solver=0
UE loop: state=2 locked=0 cum_tracking_shift_samp=0 dropped_sync=0 dropped_meas=1076 dropped_solver=0
UE loop: state=2 locked=0 cum_tracking_shift_samp=0 dropped_sync=0 dropped_meas=1076 dropped_solver=0
UE loop: state=2 locked=0 cum_tracking_shift_samp=0 dropped_sync=0 dropped_meas=1076 dropped_solver=0
UE loop: state=2 locked=0 cum_tracking_shift_samp=0 dropped_sync=0 dropped_meas=1076 dropped_solver=0
UE loop: state=2 locked=0 cum_tracking_shift_samp=0 dropped_sync=0 dropped_meas=1076 dropped_solver=0
UE loop: state=2 locked=0 cum_tracking_shift_samp=0 dropped_sync=0 dropped_meas=1076 dropped_solver=0
UE loop: state=2 locked=0 cum_tracking_shift_samp=0 dropped_sync=0 dropped_meas=1076 dropped_solver=0
UE loop: state=2 locked=0 cum_tracking_shift_samp=0 dropped_sync=0 dropped_meas=1076 dropped_solver=0
UE loop: state=2 locked=0 cum_tracking_shift_samp=0 dropped_sync=0 dropped_meas=1076 dropped_solver=0
UE loop: state=2 locked=0 cum_tracking_shift_samp=0 dropped_sync=0 dropped_meas=1076 dropped_solver=0
UE loop: state=2 locked=0 cum_tracking_shift_samp=0 dropped_sync=0 dropped_meas=1076 dropped_solver=0
UE loop: state=2 locked=0 cum_tracking_shift_samp=0 dropped_sync=0 dropped_meas=1076 dropped_solver=0
UE loop: state=2 locked=0 cum_tracking_shift_samp=0 dropped_sync=0 dropped_meas=1076 dropped_solver=0
UE loop: state=2 locked=0 cum_tracking_shift_samp=0 dropped_sync=0 dropped_meas=1076 dropped_solver=0
UE loop: state=2 locked=0 cum_tracking_shift_samp=0 dropped_sync=0 dropped_meas=1076 dropped_solver=0
UE loop: state=2 locked=0 cum_tracking_shift_samp=0 dropped_sync=0 dropped_meas=1076 dropped_solver=0
UE loop: state=2 locked=0 cum_tracking_shift_samp=0 dropped_sync=0 dropped_meas=1076 dropped_solver=0
UE loop: state=2 locked=0 cum_tracking_shift_samp=0 dropped_sync=0 dropped_meas=1076 dropped_solver=0
UE loop: state=2 locked=0 cum_tracking_shift_samp=0 dropped_sync=0 dropped_meas=1076 dropped_solver=0
UE loop: state=2 locked=0 cum_tracking_shift_samp=0 dropped_sync=0 dropped_meas=1076 dropped_solver=0
UE loop: state=2 locked=0 cum_tracking_shift_samp=0 dropped_sync=0 dropped_meas=1076 dropped_solver=0
UE loop: state=2 locked=0 cum_tracking_shift_samp=0 dropped_sync=0 dropped_meas=1076 dropped_solver=0
UE loop: state=2 locked=0 cum_tracking_shift_samp=0 dropped_sync=0 dropped_meas=1076 dropped_solver=0
UE loop: state=2 locked=0 cum_tracking_shift_samp=0 dropped_sync=0 dropped_meas=1076 dropped_solver=0
UE loop: state=2 locked=0 cum_tracking_shift_samp=0 dropped_sync=0 dropped_meas=1076 dropped_solver=0
UE loop: state=2 locked=0 cum_tracking_shift_samp=0 dropped_sync=0 dropped_meas=1076 dropped_solver=0
UE loop: state=2 locked=0 cum_tracking_shift_samp=0 dropped_sync=0 dropped_meas=1076 dropped_solver=0
UE loop: state=2 locked=0 cum_tracking_shift_samp=0 dropped_sync=0 dropped_meas=1076 dropped_solver=0
UE loop: state=2 locked=0 cum_tracking_shift_samp=0 dropped_sync=0 dropped_meas=1076 dropped_solver=0
UE loop: state=2 locked=0 cum_tracking_shift_samp=0 dropped_sync=0 dropped_meas=1076 dropped_solver=0
UE loop: state=2 locked=0 cum_tracking_shift_samp=0 dropped_sync=0 dropped_meas=1076 dropped_solver=0
pss_hits: [0]nid2=0 off=399737 m=0.253 cfo=967.6 [1]nid2=1 off=46228 m=0.090 [2]nid2=0 off=488919 m=0.088 [3]nid2=2 off=620956 m=0.054
UE loop: state=2 locked=0 cum_tracking_shift_samp=0 dropped_sync=0 dropped_meas=1076 dropped_solver=0
UE loop: state=2 locked=0 cum_tracking_shift_samp=0 dropped_sync=0 dropped_meas=1076 dropped_solver=0
acq_cands: count=1
  cand[0]: pci=84 nid2=0 nid1=28 off=399657 cfo=967.6 rank=0.253 pss=0.253 hyps=1
GRID_DBG: pci=84 cfo=967.6 pss_corr=0.0697 sss_corr=0.0730 pss_ph=-114.9 sym_pow=[1927.7,3719.9,3638.3,3783.4]
  pci0_scan: pci=84 dt=0 dcfo=0 best_ssb=1 dmrs=0.1494
  pci0_scan: pci=84 dt=0 dcfo=-500 best_ssb=1 dmrs=0.1453
UE loop: state=2 locked=0 cum_tracking_shift_samp=0 dropped_sync=0 dropped_meas=1076 dropped_solver=0
  pci0_scan: pci=84 dt=0 dcfo=500 best_ssb=1 dmrs=0.1468
  pci0_scan: pci=84 dt=-1 dcfo=0 best_ssb=4 dmrs=0.1546
  pci0_scan: pci=84 dt=-1 dcfo=-500 best_ssb=4 dmrs=0.1422
UE loop: state=2 locked=0 cum_tracking_shift_samp=0 dropped_sync=0 dropped_meas=1076 dropped_solver=0
  pci0_scan: pci=84 dt=-1 dcfo=500 best_ssb=4 dmrs=0.1599
  pci0_scan: pci=84 dt=1 dcfo=0 best_ssb=1 dmrs=0.1422
  pci0_scan: pci=84 dt=1 dcfo=-500 best_ssb=1 dmrs=0.1375
UE loop: state=2 locked=0 cum_tracking_shift_samp=0 dropped_sync=0 dropped_meas=1076 dropped_solver=0
  pci0_scan: pci=84 dt=1 dcfo=500 best_ssb=1 dmrs=0.1407
  pci0_scan: pci=84 dt=-2 dcfo=0 best_ssb=4 dmrs=0.1629
  pci0_scan: pci=84 dt=-2 dcfo=-500 best_ssb=4 dmrs=0.1496
UE loop: state=2 locked=0 cum_tracking_shift_samp=0 dropped_sync=0 dropped_meas=1076 dropped_solver=0
  pci0_scan: pci=84 dt=-2 dcfo=500 best_ssb=4 dmrs=0.1688
  pci0_scan: pci=84 dt=2 dcfo=0 best_ssb=1 dmrs=0.1265
  pci0_scan: pci=84 dt=2 dcfo=-500 best_ssb=1 dmrs=0.1207
UE loop: state=2 locked=0 cum_tracking_shift_samp=0 dropped_sync=0 dropped_meas=1076 dropped_solver=0
  pci0_scan: pci=84 dt=2 dcfo=500 best_ssb=1 dmrs=0.1268
  pci0_scan: pci=84 dt=-3 dcfo=0 best_ssb=4 dmrs=0.1635
  pci0_scan: pci=84 dt=-3 dcfo=-500 best_ssb=4 dmrs=0.1502
UE loop: state=2 locked=0 cum_tracking_shift_samp=0 dropped_sync=0 dropped_meas=1076 dropped_solver=0
  pci0_scan: pci=84 dt=-3 dcfo=500 best_ssb=4 dmrs=0.1697
  pci0_scan: pci=84 dt=3 dcfo=0 best_ssb=1 dmrs=0.1044
  pci0_scan: pci=84 dt=3 dcfo=-500 best_ssb=1 dmrs=0.0973
UE loop: state=2 locked=0 cum_tracking_shift_samp=0 dropped_sync=0 dropped_meas=1076 dropped_solver=0
  pci0_scan: pci=84 dt=3 dcfo=500 best_ssb=1 dmrs=0.1069
pbch_hyps: count=8 decode=8 best_pci=84 best_ssb=4 best_dmrs=0.170 cfo=967.6
  hyp[0]: pci=84 ssb=4 dmrs=0.170 ds=0 dt=-3 dcfo=500.0
  hyp[1]: pci=84 ssb=4 dmrs=0.169 ds=0 dt=-2 dcfo=500.0
  hyp[2]: pci=84 ssb=4 dmrs=0.164 ds=0 dt=-3 dcfo=0.0
  hyp[3]: pci=84 ssb=4 dmrs=0.163 ds=0 dt=-2 dcfo=0.0
  hyp[4]: pci=84 ssb=4 dmrs=0.160 ds=0 dt=-1 dcfo=500.0
  hyp[5]: pci=84 ssb=4 dmrs=0.155 ds=0 dt=-1 dcfo=0.0
  hyp[6]: pci=84 ssb=4 dmrs=0.150 ds=0 dt=-3 dcfo=-500.0
  hyp[7]: pci=84 ssb=4 dmrs=0.150 ds=0 dt=-2 dcfo=-500.0
  pbch_try[0]: pci=84 ssb=4 dmrs=0.170 noise=0.6956 cpe=-0.019 dt=-3 dcfo=500.0
  pbch_try[1]: pci=84 ssb=4 dmrs=0.169 noise=0.6943 cpe=-0.019 dt=-2 dcfo=500.0
UE loop: state=2 locked=0 cum_tracking_shift_samp=0 dropped_sync=0 dropped_meas=1076 dropped_solver=0
  pbch_try[2]: pci=84 ssb=4 dmrs=0.164 noise=0.6989 cpe=-0.017 dt=-3 dcfo=0.0
  pbch_try[3]: pci=84 ssb=4 dmrs=0.163 noise=0.6973 cpe=-0.018 dt=-2 dcfo=0.0
UE loop: state=2 locked=0 cum_tracking_shift_samp=0 dropped_sync=0 dropped_meas=1076 dropped_solver=0
  pbch_try[4]: pci=84 ssb=4 dmrs=0.160 noise=0.6945 cpe=-0.019 dt=-1 dcfo=500.0
  pbch_try[5]: pci=84 ssb=4 dmrs=0.155 noise=0.6976 cpe=-0.017 dt=-1 dcfo=0.0
  pbch_try[6]: pci=84 ssb=4 dmrs=0.150 noise=0.7017 cpe=-0.014 dt=-3 dcfo=-500.0
  pbch_try[7]: pci=84 ssb=4 dmrs=0.150 noise=0.7000 cpe=-0.014 dt=-2 dcfo=-500.0
pbch_bch: crc-fail pci=84 ssb=4 dmrs=0.170 second=0.169 ds=0 dt=-3 dcfo=500.0 pss=0.253 snr=2.29
  pbch_cand[0]: pci=84 rc=-1 ok=0 dmrs=0.170 fail=3
iq_dump: saved tag=pbch_nearmiss reason=dmrs_weak iq=/home/jfm/桌面/TOA_USRP_LimeSDR/long_pci84_20260409_194847/iq/pbch_nearmiss_seq06_ts1268036653_cf2114550000_fs30720000_pci84_ssb4_pss253_dmrs170.c16 meta=/home/jfm/桌面/TOA_USRP_LimeSDR/long_pci84_20260409_194847/iq/pbch_nearmiss_seq06_ts1268036653_cf2114550000_fs30720000_pci84_ssb4_pss253_dmrs170.meta.txt
UE loop: state=2 locked=0 cum_tracking_shift_samp=0 dropped_sync=0 dropped_meas=1076 dropped_solver=0
UE loop: state=2 locked=0 cum_tracking_shift_samp=0 dropped_sync=0 dropped_meas=1076 dropped_solver=0
UE loop: state=2 locked=0 cum_tracking_shift_samp=0 dropped_sync=0 dropped_meas=1076 dropped_solver=0
UE loop: state=2 locked=0 cum_tracking_shift_samp=0 dropped_sync=0 dropped_meas=1076 dropped_solver=0
UE loop: state=2 locked=0 cum_tracking_shift_samp=0 dropped_sync=0 dropped_meas=1076 dropped_solver=0
UE loop: state=2 locked=0 cum_tracking_shift_samp=0 dropped_sync=0 dropped_meas=1076 dropped_solver=0
UE loop: state=2 locked=0 cum_tracking_shift_samp=0 dropped_sync=0 dropped_meas=1076 dropped_solver=0
UE loop: state=2 locked=0 cum_tracking_shift_samp=0 dropped_sync=0 dropped_meas=1076 dropped_solver=0
UE loop: state=2 locked=0 cum_tracking_shift_samp=0 dropped_sync=0 dropped_meas=1076 dropped_solver=0
UE loop: state=2 locked=0 cum_tracking_shift_samp=0 dropped_sync=0 dropped_meas=1076 dropped_solver=0
UE loop: state=2 locked=0 cum_tracking_shift_samp=0 dropped_sync=0 dropped_meas=1076 dropped_solver=0
UE loop: state=2 locked=0 cum_tracking_shift_samp=0 dropped_sync=0 dropped_meas=1076 dropped_solver=0
UE loop: state=2 locked=0 cum_tracking_shift_samp=0 dropped_sync=0 dropped_meas=1076 dropped_solver=0
UE loop: state=2 locked=0 cum_tracking_shift_samp=0 dropped_sync=0 dropped_meas=1076 dropped_solver=0
UE loop: state=2 locked=0 cum_tracking_shift_samp=0 dropped_sync=0 dropped_meas=1076 dropped_solver=0
UE loop: state=2 locked=0 cum_tracking_shift_samp=0 dropped_sync=0 dropped_meas=1076 dropped_solver=0
UE loop: state=2 locked=0 cum_tracking_shift_samp=0 dropped_sync=0 dropped_meas=1076 dropped_solver=0
UE loop: state=2 locked=0 cum_tracking_shift_samp=0 dropped_sync=0 dropped_meas=1076 dropped_solver=0
UE loop: state=2 locked=0 cum_tracking_shift_samp=0 dropped_sync=0 dropped_meas=1076 dropped_solver=0
