Outdoor SSB test
bin: /home/jfm/桌面/TOA_USRP_LimeSDR/build/nr-toa-uesoftmodem
cfg: /home/jfm/桌面/TOA_USRP_LimeSDR/targets/PROJECTS/NR-TOA/CONF/ue.toa.ssb.usrpb210.n1_422910_pci84.precise.conf
log: /tmp/nr_toa_outdoor_20260410_160824.log
iq_dump_dir: /tmp/nr_toa_iq_outdoor_20260410_160824
delay_csv: /tmp/nr_toa_delay_outdoor_20260410_160824.csv

Live success markers:
  SSB candidate seen:   pss_hits:
  PBCH tried:           pbch_cand: / pbch_bch:
  PBCH+MIB success:     SSB_LOCK_EVENT:
  Final per-cycle line: sync_result:
  Relative delay CSV:   relative_delay:

Stop with Ctrl+C.

NR-TOA UE cfg: sdr=usrp clock=internal time=internal band=1 f=2114550000 Fs=30720000 rx_gain=64.0 tx_gain=0.0 mode=0 meas_mode=0 full_band_sweep=0 strict_center_freq=1 gain_sweep=0 target_pci=84 ssb_scs=15kHz anchor_db_path=targets/PROJECTS/NR-TOA/CONF/anchors.csv n_anchors=2
NR-TOA note: SSB mode now attempts real PBCH/MIB decode; treat ssb_locked=1 with mib=0 as a decode failure, not a successful cell accept.
NR-TOA note: structured MIB context now derives a live FR1 Type0-PDCCH/SIB1 skeleton (k_SSB/CORESET0/SearchSpace0 + monitoring window).
NR-TOA note: IQ near-miss dump enabled, dir=/tmp/nr_toa_iq_outdoor_20260410_160824
relative_delay_csv: path=/tmp/nr_toa_delay_outdoor_20260410_160824.csv
[INFO] [UHD] linux; GNU C++ version 13.3.0; Boost_108300; UHD_4.8.0.HEAD-0-g308126a4
[INFO] [B200] Detected Device: B210
[INFO] [B200] Operating over USB 3.
[INFO] [B200] Initialize CODEC control...
[INFO] [B200] Initialize Radio control...
[INFO] [B200] Performing register loopback test... 
[INFO] [B200] Register loopback test passed
[INFO] [B200] Performing register loopback test... 
[INFO] [B200] Register loopback test passed
[INFO] [B200] Setting master clock rate selection to 'automatic'.
[INFO] [B200] Asking for clock rate 16.000000 MHz... 
[INFO] [B200] Actually got clock rate 16.000000 MHz.
[INFO] [B200] Asking for clock rate 30.720000 MHz... 
[INFO] [B200] Actually got clock rate 30.720000 MHz.
USRP: configured req(rate=30720000 rx=2114550000 tx=2114550000 gain=64.0) act(rate=30720000 rx=2114550000 tx=2114550000 rx_gain=64.0 tx_gain=0.0 rx_bw=56000000) lo_locked=1
USRP: RX streaming started
freq_sweep: plan_points=1 center=2114550000Hz first=2114550000Hz last=2114550000Hz step_iters=20
rx_gain_plan: count=1 start=64.0 end=64.0 current=64.0
sync_actor: ts=43614037 nsamps=623184 avg_pwr=1569358.9 peak=21302989.0
UE loop: state=2 locked=0 cum_tracking_shift_samp=0 dropped_sync=0 dropped_meas=0 dropped_solver=0
UE loop: state=2 locked=0 cum_tracking_shift_samp=0 dropped_sync=0 dropped_meas=0 dropped_solver=0
UE loop: state=2 locked=0 cum_tracking_shift_samp=0 dropped_sync=0 dropped_meas=0 dropped_solver=0
UE loop: state=2 locked=0 cum_tracking_shift_samp=0 dropped_sync=0 dropped_meas=0 dropped_solver=0
UE loop: state=2 locked=0 cum_tracking_shift_samp=0 dropped_sync=0 dropped_meas=0 dropped_solver=0
UE loop: state=2 locked=0 cum_tracking_shift_samp=0 dropped_sync=0 dropped_meas=0 dropped_solver=0
UE loop: state=2 locked=0 cum_tracking_shift_samp=0 dropped_sync=0 dropped_meas=0 dropped_solver=0
UE loop: state=2 locked=0 cum_tracking_shift_samp=0 dropped_sync=0 dropped_meas=0 dropped_solver=0
UE loop: state=2 locked=0 cum_tracking_shift_samp=0 dropped_sync=0 dropped_meas=0 dropped_solver=0
UE loop: state=2 locked=0 cum_tracking_shift_samp=0 dropped_sync=0 dropped_meas=0 dropped_solver=0
UE loop: state=2 locked=0 cum_tracking_shift_samp=0 dropped_sync=0 dropped_meas=0 dropped_solver=0
UE loop: state=2 locked=0 cum_tracking_shift_samp=0 dropped_sync=0 dropped_meas=0 dropped_solver=0
UE loop: state=2 locked=0 cum_tracking_shift_samp=0 dropped_sync=0 dropped_meas=0 dropped_solver=0
UE loop: state=2 locked=0 cum_tracking_shift_samp=0 dropped_sync=0 dropped_meas=0 dropped_solver=0
UE loop: state=2 locked=0 cum_tracking_shift_samp=0 dropped_sync=0 dropped_meas=0 dropped_solver=0
UE loop: state=2 locked=0 cum_tracking_shift_samp=0 dropped_sync=0 dropped_meas=0 dropped_solver=0
UE loop: state=2 locked=0 cum_tracking_shift_samp=0 dropped_sync=0 dropped_meas=0 dropped_solver=0
UE loop: state=2 locked=0 cum_tracking_shift_samp=0 dropped_sync=0 dropped_meas=0 dropped_solver=0
UE loop: state=2 locked=0 cum_tracking_shift_samp=0 dropped_sync=0 dropped_meas=0 dropped_solver=0
UE loop: state=2 locked=0 cum_tracking_shift_samp=0 dropped_sync=0 dropped_meas=0 dropped_solver=0
UE loop: state=2 locked=0 cum_tracking_shift_samp=0 dropped_sync=0 dropped_meas=0 dropped_solver=0
UE loop: state=2 locked=0 cum_tracking_shift_samp=0 dropped_sync=0 dropped_meas=0 dropped_solver=0
UE loop: state=2 locked=0 cum_tracking_shift_samp=0 dropped_sync=0 dropped_meas=0 dropped_solver=0
UE loop: state=2 locked=0 cum_tracking_shift_samp=0 dropped_sync=0 dropped_meas=0 dropped_solver=0
UE loop: state=2 locked=0 cum_tracking_shift_samp=0 dropped_sync=0 dropped_meas=0 dropped_solver=0
UE loop: state=2 locked=0 cum_tracking_shift_samp=0 dropped_sync=0 dropped_meas=0 dropped_solver=0
UE loop: state=2 locked=0 cum_tracking_shift_samp=0 dropped_sync=0 dropped_meas=0 dropped_solver=0
UE loop: state=2 locked=0 cum_tracking_shift_samp=0 dropped_sync=0 dropped_meas=0 dropped_solver=0
UE loop: state=2 locked=0 cum_tracking_shift_samp=0 dropped_sync=0 dropped_meas=0 dropped_solver=0
UE loop: state=2 locked=0 cum_tracking_shift_samp=0 dropped_sync=0 dropped_meas=0 dropped_solver=0
UE loop: state=2 locked=0 cum_tracking_shift_samp=0 dropped_sync=0 dropped_meas=0 dropped_solver=0
UE loop: state=2 locked=0 cum_tracking_shift_samp=0 dropped_sync=0 dropped_meas=0 dropped_solver=0
UE loop: state=2 locked=0 cum_tracking_shift_samp=0 dropped_sync=0 dropped_meas=0 dropped_solver=0
UE loop: state=2 locked=0 cum_tracking_shift_samp=0 dropped_sync=0 dropped_meas=0 dropped_solver=0
UE loop: state=2 locked=0 cum_tracking_shift_samp=0 dropped_sync=0 dropped_meas=0 dropped_solver=0
UE loop: state=2 locked=0 cum_tracking_shift_samp=0 dropped_sync=0 dropped_meas=0 dropped_solver=0
UE loop: state=2 locked=0 cum_tracking_shift_samp=0 dropped_sync=0 dropped_meas=0 dropped_solver=0
UE loop: state=2 locked=0 cum_tracking_shift_samp=0 dropped_sync=0 dropped_meas=0 dropped_solver=0
UE loop: state=2 locked=0 cum_tracking_shift_samp=0 dropped_sync=0 dropped_meas=0 dropped_solver=0
UE loop: state=2 locked=0 cum_tracking_shift_samp=0 dropped_sync=0 dropped_meas=0 dropped_solver=0
UE loop: state=2 locked=0 cum_tracking_shift_samp=0 dropped_sync=0 dropped_meas=0 dropped_solver=0
UE loop: state=2 locked=0 cum_tracking_shift_samp=0 dropped_sync=0 dropped_meas=0 dropped_solver=0
UE loop: state=2 locked=0 cum_tracking_shift_samp=0 dropped_sync=0 dropped_meas=0 dropped_solver=0
UE loop: state=2 locked=0 cum_tracking_shift_samp=0 dropped_sync=0 dropped_meas=0 dropped_solver=0
UE loop: state=2 locked=0 cum_tracking_shift_samp=0 dropped_sync=0 dropped_meas=0 dropped_solver=0
UE loop: state=2 locked=0 cum_tracking_shift_samp=0 dropped_sync=0 dropped_meas=0 dropped_solver=0
UE loop: state=2 locked=0 cum_tracking_shift_samp=0 dropped_sync=0 dropped_meas=0 dropped_solver=0
UE loop: state=2 locked=0 cum_tracking_shift_samp=0 dropped_sync=0 dropped_meas=0 dropped_solver=0
UE loop: state=2 locked=0 cum_tracking_shift_samp=0 dropped_sync=0 dropped_meas=0 dropped_solver=0
UE loop: state=2 locked=0 cum_tracking_shift_samp=0 dropped_sync=0 dropped_meas=0 dropped_solver=0
UE loop: state=2 locked=0 cum_tracking_shift_samp=0 dropped_sync=0 dropped_meas=0 dropped_solver=0
UE loop: state=2 locked=0 cum_tracking_shift_samp=0 dropped_sync=0 dropped_meas=0 dropped_solver=0
UE loop: state=2 locked=0 cum_tracking_shift_samp=0 dropped_sync=0 dropped_meas=0 dropped_solver=0
UE loop: state=2 locked=0 cum_tracking_shift_samp=0 dropped_sync=0 dropped_meas=0 dropped_solver=0
UE loop: state=2 locked=0 cum_tracking_shift_samp=0 dropped_sync=0 dropped_meas=0 dropped_solver=0
UE loop: state=2 locked=0 cum_tracking_shift_samp=0 dropped_sync=0 dropped_meas=0 dropped_solver=0
UE loop: state=2 locked=0 cum_tracking_shift_samp=0 dropped_sync=0 dropped_meas=0 dropped_solver=0
UE loop: state=2 locked=0 cum_tracking_shift_samp=0 dropped_sync=0 dropped_meas=0 dropped_solver=0
UE loop: state=2 locked=0 cum_tracking_shift_samp=0 dropped_sync=0 dropped_meas=0 dropped_solver=0
UE loop: state=2 locked=0 cum_tracking_shift_samp=0 dropped_sync=0 dropped_meas=0 dropped_solver=0
UE loop: state=2 locked=0 cum_tracking_shift_samp=0 dropped_sync=0 dropped_meas=0 dropped_solver=0
UE loop: state=2 locked=0 cum_tracking_shift_samp=0 dropped_sync=0 dropped_meas=0 dropped_solver=0
UE loop: state=2 locked=0 cum_tracking_shift_samp=0 dropped_sync=0 dropped_meas=0 dropped_solver=0
UE loop: state=2 locked=0 cum_tracking_shift_samp=0 dropped_sync=0 dropped_meas=0 dropped_solver=0
UE loop: state=2 locked=0 cum_tracking_shift_samp=0 dropped_sync=0 dropped_meas=0 dropped_solver=0
pss_hits: [0]nid2=0 off=566345 m=0.155 cfo=2434.8 [1]nid2=0 off=76816 m=0.090 [2]nid2=2 off=471051 m=0.088 [3]nid2=0 off=620940 m=0.050
UE loop: state=2 locked=0 cum_tracking_shift_samp=0 dropped_sync=0 dropped_meas=0 dropped_solver=0
UE loop: state=2 locked=0 cum_tracking_shift_samp=0 dropped_sync=0 dropped_meas=0 dropped_solver=0
acq_cands: count=1
  cand[0]: pci=84 nid2=0 nid1=28 off=566425 cfo=2434.8 rank=0.155 pss=0.155 hyps=1
GRID_DBG: pci=84 cfo=2434.8 pss_corr=0.0129 sss_corr=0.0618 pss_ph=77.1 sym_pow=[874.2,1059.0,1128.2,958.4]
  pci0_scan: pci=84 dt=0 dcfo=0 best_ssb=0 dmrs=0.0842
  pci0_scan: pci=84 dt=0 dcfo=-500 best_ssb=1 dmrs=0.0928
UE loop: state=2 locked=0 cum_tracking_shift_samp=0 dropped_sync=0 dropped_meas=0 dropped_solver=0
  pci0_scan: pci=84 dt=0 dcfo=500 best_ssb=0 dmrs=0.0822
  pci0_scan: pci=84 dt=-1 dcfo=0 best_ssb=0 dmrs=0.0968
UE loop: state=2 locked=0 cum_tracking_shift_samp=0 dropped_sync=0 dropped_meas=0 dropped_solver=0
  pci0_scan: pci=84 dt=-1 dcfo=-500 best_ssb=0 dmrs=0.0963
  pci0_scan: pci=84 dt=-1 dcfo=500 best_ssb=0 dmrs=0.0957
  pci0_scan: pci=84 dt=1 dcfo=0 best_ssb=4 dmrs=0.0909
UE loop: state=2 locked=0 cum_tracking_shift_samp=0 dropped_sync=0 dropped_meas=0 dropped_solver=0
  pci0_scan: pci=84 dt=1 dcfo=-500 best_ssb=4 dmrs=0.1015
  pci0_scan: pci=84 dt=1 dcfo=500 best_ssb=4 dmrs=0.0822
  pci0_scan: pci=84 dt=-2 dcfo=0 best_ssb=0 dmrs=0.1024
UE loop: state=2 locked=0 cum_tracking_shift_samp=0 dropped_sync=0 dropped_meas=0 dropped_solver=0
  pci0_scan: pci=84 dt=-2 dcfo=-500 best_ssb=0 dmrs=0.1025
  pci0_scan: pci=84 dt=-2 dcfo=500 best_ssb=0 dmrs=0.1014
  pci0_scan: pci=84 dt=2 dcfo=0 best_ssb=4 dmrs=0.1069
UE loop: state=2 locked=0 cum_tracking_shift_samp=0 dropped_sync=0 dropped_meas=0 dropped_solver=0
  pci0_scan: pci=84 dt=2 dcfo=-500 best_ssb=4 dmrs=0.1140
  pci0_scan: pci=84 dt=2 dcfo=500 best_ssb=4 dmrs=0.1007
UE loop: state=2 locked=0 cum_tracking_shift_samp=0 dropped_sync=0 dropped_meas=0 dropped_solver=0
  pci0_scan: pci=84 dt=-3 dcfo=0 best_ssb=3 dmrs=0.1100
  pci0_scan: pci=84 dt=-3 dcfo=-500 best_ssb=3 dmrs=0.1133
  pci0_scan: pci=84 dt=-3 dcfo=500 best_ssb=6 dmrs=0.1041
UE loop: state=2 locked=0 cum_tracking_shift_samp=0 dropped_sync=0 dropped_meas=0 dropped_solver=0
  pci0_scan: pci=84 dt=3 dcfo=0 best_ssb=4 dmrs=0.1184
  pci0_scan: pci=84 dt=3 dcfo=-500 best_ssb=4 dmrs=0.1231
  pci0_scan: pci=84 dt=3 dcfo=500 best_ssb=4 dmrs=0.1137
pbch_hyps: count=8 decode=8 best_pci=84 best_ssb=4 best_dmrs=0.123 cfo=2434.8
  hyp[0]: pci=84 ssb=4 dmrs=0.123 ds=0 dt=3 dcfo=-500.0
  hyp[1]: pci=84 ssb=4 dmrs=0.118 ds=0 dt=3 dcfo=0.0
  hyp[2]: pci=84 ssb=4 dmrs=0.114 ds=0 dt=2 dcfo=-500.0
  hyp[3]: pci=84 ssb=4 dmrs=0.114 ds=0 dt=3 dcfo=500.0
  hyp[4]: pci=84 ssb=3 dmrs=0.113 ds=0 dt=-3 dcfo=-500.0
  hyp[5]: pci=84 ssb=3 dmrs=0.110 ds=0 dt=-3 dcfo=0.0
  hyp[6]: pci=84 ssb=0 dmrs=0.108 ds=0 dt=-3 dcfo=-500.0
  hyp[7]: pci=84 ssb=4 dmrs=0.107 ds=0 dt=2 dcfo=0.0
UE loop: state=2 locked=0 cum_tracking_shift_samp=0 dropped_sync=0 dropped_meas=0 dropped_solver=0
  pbch_try[0]: pci=84 ssb=4 dmrs=0.123 noise=0.7889 cpe=-0.025 dt=3 dcfo=-500.0
  LLR_PRE_SCR: pci=84 ssb=4 mean_abs=4.68 max=93.06 pos_frac=0.516
  pbch_try[1]: pci=84 ssb=4 dmrs=0.118 noise=0.7797 cpe=-0.017 dt=3 dcfo=0.0
  pbch_try[2]: pci=84 ssb=4 dmrs=0.114 noise=0.7896 cpe=-0.026 dt=2 dcfo=-500.0
UE loop: state=2 locked=0 cum_tracking_shift_samp=0 dropped_sync=0 dropped_meas=0 dropped_solver=0
  pbch_try[3]: pci=84 ssb=4 dmrs=0.114 noise=0.7670 cpe=-0.005 dt=3 dcfo=500.0
  pbch_try[4]: pci=84 ssb=3 dmrs=0.113 noise=0.3539 cpe=0.016 dt=-3 dcfo=-500.0
  pbch_try[5]: pci=84 ssb=3 dmrs=0.110 noise=0.3629 cpe=0.007 dt=-3 dcfo=0.0
UE loop: state=2 locked=0 cum_tracking_shift_samp=0 dropped_sync=0 dropped_meas=0 dropped_solver=0
  pbch_try[6]: pci=84 ssb=0 dmrs=0.108 noise=0.5909 cpe=-0.017 dt=-3 dcfo=-500.0
  pbch_try[7]: pci=84 ssb=4 dmrs=0.107 noise=0.7805 cpe=-0.017 dt=2 dcfo=0.0
pbch_bch: crc-fail pci=84 ssb=4 dmrs=0.123 second=0.118 ds=0 dt=3 dcfo=-500.0 pss=0.155 snr=1.25
  pbch_cand[0]: pci=84 rc=-1 ok=0 dmrs=0.123 fail=3
iq_dump: saved tag=pbch_nearmiss reason=dmrs_weak iq=/tmp/nr_toa_iq_outdoor_20260410_160824/pbch_nearmiss_seq00_ts43614037_cf2114550000_fs30720000_pci84_ssb4_pss155_dmrs123.c16 meta=/tmp/nr_toa_iq_outdoor_20260410_160824/pbch_nearmiss_seq00_ts43614037_cf2114550000_fs30720000_pci84_ssb4_pss155_dmrs123.meta.txt
sync_result: not-detected ssb_locked=0 pbch=0 mib=0 pci=84 ssb=4 sfn=0 mib_payload=0x000000 freq=2114550000Hz gscn=1762 target_pci=84 offset=566428 cfo=1934.78 snr=1.25 metric=0.155 miss_streak=1 det=0 nodet=1 dropped_sync=0 dropped_meas=0 dropped_solver=0
USRP: RX overflow count=1 timeout=0
OUE loop: state=2 locked=0 cum_tracking_shift_samp=0 dropped_sync=0 dropped_meas=0 dropped_solver=0
UE loop: state=2 locked=0 cum_tracking_shift_samp=0 dropped_sync=0 dropped_meas=0 dropped_solver=0
UE loop: state=2 locked=0 cum_tracking_shift_samp=0 dropped_sync=0 dropped_meas=0 dropped_solver=0
UE loop: state=2 locked=0 cum_tracking_shift_samp=0 dropped_sync=0 dropped_meas=0 dropped_solver=0
UE loop: state=2 locked=0 cum_tracking_shift_samp=0 dropped_sync=0 dropped_meas=0 dropped_solver=0
UE loop: state=2 locked=0 cum_tracking_shift_samp=0 dropped_sync=0 dropped_meas=0 dropped_solver=0
UE loop: state=2 locked=0 cum_tracking_shift_samp=0 dropped_sync=0 dropped_meas=0 dropped_solver=0
UE loop: state=2 locked=0 cum_tracking_shift_samp=0 dropped_sync=0 dropped_meas=0 dropped_solver=0
UE loop: state=2 locked=0 cum_tracking_shift_samp=0 dropped_sync=0 dropped_meas=0 dropped_solver=0
UE loop: state=2 locked=0 cum_tracking_shift_samp=0 dropped_sync=0 dropped_meas=0 dropped_solver=0
UE loop: state=2 locked=0 cum_tracking_shift_samp=0 dropped_sync=0 dropped_meas=0 dropped_solver=0
UE loop: state=2 locked=0 cum_tracking_shift_samp=0 dropped_sync=0 dropped_meas=0 dropped_solver=0
UE loop: state=2 locked=0 cum_tracking_shift_samp=0 dropped_sync=0 dropped_meas=0 dropped_solver=0
UE loop: state=2 locked=0 cum_tracking_shift_samp=0 dropped_sync=0 dropped_meas=0 dropped_solver=0
UE loop: state=2 locked=0 cum_tracking_shift_samp=0 dropped_sync=0 dropped_meas=0 dropped_solver=0
UE loop: state=2 locked=0 cum_tracking_shift_samp=0 dropped_sync=0 dropped_meas=0 dropped_solver=0
UE loop: state=2 locked=0 cum_tracking_shift_samp=0 dropped_sync=0 dropped_meas=0 dropped_solver=0
UE loop: state=2 locked=0 cum_tracking_shift_samp=0 dropped_sync=0 dropped_meas=0 dropped_solver=0
UE loop: state=2 locked=0 cum_tracking_shift_samp=0 dropped_sync=0 dropped_meas=0 dropped_solver=0
UE loop: state=2 locked=0 cum_tracking_shift_samp=0 dropped_sync=0 dropped_meas=0 dropped_solver=0
UE loop: state=2 locked=0 cum_tracking_shift_samp=0 dropped_sync=0 dropped_meas=0 dropped_solver=0
UE loop: state=2 locked=0 cum_tracking_shift_samp=0 dropped_sync=0 dropped_meas=0 dropped_solver=0
UE loop: state=2 locked=0 cum_tracking_shift_samp=0 dropped_sync=0 dropped_meas=0 dropped_solver=0
UE loop: state=2 locked=0 cum_tracking_shift_samp=0 dropped_sync=0 dropped_meas=0 dropped_solver=0
UE loop: state=2 locked=0 cum_tracking_shift_samp=0 dropped_sync=0 dropped_meas=0 dropped_solver=0
UE loop: state=2 locked=0 cum_tracking_shift_samp=0 dropped_sync=0 dropped_meas=0 dropped_solver=0
UE loop: state=2 locked=0 cum_tracking_shift_samp=0 dropped_sync=0 dropped_meas=0 dropped_solver=0
UE loop: state=2 locked=0 cum_tracking_shift_samp=0 dropped_sync=0 dropped_meas=0 dropped_solver=0
UE loop: state=2 locked=0 cum_tracking_shift_samp=0 dropped_sync=0 dropped_meas=0 dropped_solver=0
UE loop: state=2 locked=0 cum_tracking_shift_samp=0 dropped_sync=0 dropped_meas=0 dropped_solver=0
UE loop: state=2 locked=0 cum_tracking_shift_samp=0 dropped_sync=0 dropped_meas=0 dropped_solver=0
UE loop: state=2 locked=0 cum_tracking_shift_samp=0 dropped_sync=0 dropped_meas=0 dropped_solver=0
UE loop: state=2 locked=0 cum_tracking_shift_samp=0 dropped_sync=0 dropped_meas=0 dropped_solver=0
UE loop: state=2 locked=0 cum_tracking_shift_samp=0 dropped_sync=0 dropped_meas=0 dropped_solver=0
UE loop: state=2 locked=0 cum_tracking_shift_samp=0 dropped_sync=0 dropped_meas=0 dropped_solver=0
UE loop: state=2 locked=0 cum_tracking_shift_samp=0 dropped_sync=0 dropped_meas=0 dropped_solver=0
UE loop: state=2 locked=0 cum_tracking_shift_samp=0 dropped_sync=0 dropped_meas=0 dropped_solver=0
UE loop: state=2 locked=0 cum_tracking_shift_samp=0 dropped_sync=0 dropped_meas=0 dropped_solver=0
UE loop: state=2 locked=0 cum_tracking_shift_samp=0 dropped_sync=0 dropped_meas=0 dropped_solver=0
UE loop: state=2 locked=0 cum_tracking_shift_samp=0 dropped_sync=0 dropped_meas=0 dropped_solver=0
UE loop: state=2 locked=0 cum_tracking_shift_samp=0 dropped_sync=0 dropped_meas=0 dropped_solver=0
UE loop: state=2 locked=0 cum_tracking_shift_samp=0 dropped_sync=0 dropped_meas=0 dropped_solver=0
UE loop: state=2 locked=0 cum_tracking_shift_samp=0 dropped_sync=0 dropped_meas=0 dropped_solver=0
UE loop: state=2 locked=0 cum_tracking_shift_samp=0 dropped_sync=0 dropped_meas=0 dropped_solver=0
UE loop: state=2 locked=0 cum_tracking_shift_samp=0 dropped_sync=0 dropped_meas=0 dropped_solver=0
UE loop: state=2 locked=0 cum_tracking_shift_samp=0 dropped_sync=0 dropped_meas=0 dropped_solver=0
UE loop: state=2 locked=0 cum_tracking_shift_samp=0 dropped_sync=0 dropped_meas=0 dropped_solver=0
UE loop: state=2 locked=0 cum_tracking_shift_samp=0 dropped_sync=0 dropped_meas=0 dropped_solver=0
UE loop: state=2 locked=0 cum_tracking_shift_samp=0 dropped_sync=0 dropped_meas=0 dropped_solver=0
UE loop: state=2 locked=0 cum_tracking_shift_samp=0 dropped_sync=0 dropped_meas=0 dropped_solver=0
UE loop: state=2 locked=0 cum_tracking_shift_samp=0 dropped_sync=0 dropped_meas=0 dropped_solver=0
UE loop: state=2 locked=0 cum_tracking_shift_samp=0 dropped_sync=0 dropped_meas=0 dropped_solver=0
UE loop: state=2 locked=0 cum_tracking_shift_samp=0 dropped_sync=0 dropped_meas=0 dropped_solver=0
UE loop: state=2 locked=0 cum_tracking_shift_samp=0 dropped_sync=0 dropped_meas=0 dropped_solver=0
UE loop: state=2 locked=0 cum_tracking_shift_samp=0 dropped_sync=0 dropped_meas=0 dropped_solver=0
UE loop: state=2 locked=0 cum_tracking_shift_samp=0 dropped_sync=0 dropped_meas=0 dropped_solver=0
UE loop: state=2 locked=0 cum_tracking_shift_samp=0 dropped_sync=0 dropped_meas=0 dropped_solver=0
UE loop: state=2 locked=0 cum_tracking_shift_samp=0 dropped_sync=0 dropped_meas=0 dropped_solver=0
UE loop: state=2 locked=0 cum_tracking_shift_samp=0 dropped_sync=0 dropped_meas=0 dropped_solver=0
UE loop: state=2 locked=0 cum_tracking_shift_samp=0 dropped_sync=0 dropped_meas=0 dropped_solver=0
UE loop: state=2 locked=0 cum_tracking_shift_samp=0 dropped_sync=0 dropped_meas=0 dropped_solver=0
UE loop: state=2 locked=0 cum_tracking_shift_samp=0 dropped_sync=0 dropped_meas=0 dropped_solver=0
UE loop: state=2 locked=0 cum_tracking_shift_samp=0 dropped_sync=0 dropped_meas=0 dropped_solver=0
UE loop: state=2 locked=0 cum_tracking_shift_samp=0 dropped_sync=0 dropped_meas=0 dropped_solver=0
UE loop: state=2 locked=0 cum_tracking_shift_samp=0 dropped_sync=0 dropped_meas=0 dropped_solver=0
UE loop: state=2 locked=0 cum_tracking_shift_samp=0 dropped_sync=0 dropped_meas=0 dropped_solver=0
UE loop: state=2 locked=0 cum_tracking_shift_samp=0 dropped_sync=0 dropped_meas=0 dropped_solver=0
UE loop: state=2 locked=0 cum_tracking_shift_samp=0 dropped_sync=0 dropped_meas=0 dropped_solver=0
UE loop: state=2 locked=0 cum_tracking_shift_samp=0 dropped_sync=0 dropped_meas=0 dropped_solver=0
UE loop: state=2 locked=0 cum_tracking_shift_samp=0 dropped_sync=0 dropped_meas=0 dropped_solver=0
UE loop: state=2 locked=0 cum_tracking_shift_samp=0 dropped_sync=0 dropped_meas=0 dropped_solver=0
pss_hits: [0]nid2=0 off=548777 m=0.160 cfo=1439.7 [1]nid2=0 off=411181 m=0.081 [2]nid2=1 off=46861 m=0.081 [3]nid2=2 off=620960 m=0.057
UE loop: state=2 locked=0 cum_tracking_shift_samp=0 dropped_sync=0 dropped_meas=0 dropped_solver=0
UE loop: state=2 locked=0 cum_tracking_shift_samp=0 dropped_sync=0 dropped_meas=0 dropped_solver=0
acq_cands: count=1
  cand[0]: pci=84 nid2=0 nid1=28 off=548697 cfo=1439.7 rank=0.160 pss=0.160 hyps=1
UE loop: state=2 locked=0 cum_tracking_shift_samp=0 dropped_sync=0 dropped_meas=0 dropped_solver=0
GRID_DBG: pci=84 cfo=1439.7 pss_corr=0.0531 sss_corr=0.0810 pss_ph=-3.1 sym_pow=[843.6,1071.4,1036.3,1047.2]
  pci0_scan: pci=84 dt=0 dcfo=0 best_ssb=0 dmrs=0.1269
  pci0_scan: pci=84 dt=0 dcfo=-500 best_ssb=0 dmrs=0.1381
UE loop: state=2 locked=0 cum_tracking_shift_samp=0 dropped_sync=0 dropped_meas=0 dropped_solver=0
  pci0_scan: pci=84 dt=0 dcfo=500 best_ssb=0 dmrs=0.1096
  pci0_scan: pci=84 dt=-1 dcfo=0 best_ssb=0 dmrs=0.1345
  pci0_scan: pci=84 dt=-1 dcfo=-500 best_ssb=0 dmrs=0.1473
UE loop: state=2 locked=0 cum_tracking_shift_samp=0 dropped_sync=0 dropped_meas=0 dropped_solver=0
  pci0_scan: pci=84 dt=-1 dcfo=500 best_ssb=0 dmrs=0.1152
  pci0_scan: pci=84 dt=1 dcfo=0 best_ssb=6 dmrs=0.1160
  pci0_scan: pci=84 dt=1 dcfo=-500 best_ssb=6 dmrs=0.1276
UE loop: state=2 locked=0 cum_tracking_shift_samp=0 dropped_sync=0 dropped_meas=0 dropped_solver=0
  pci0_scan: pci=84 dt=1 dcfo=500 best_ssb=6 dmrs=0.1024
  pci0_scan: pci=84 dt=-2 dcfo=0 best_ssb=0 dmrs=0.1324
  pci0_scan: pci=84 dt=-2 dcfo=-500 best_ssb=0 dmrs=0.1467
UE loop: state=2 locked=0 cum_tracking_shift_samp=0 dropped_sync=0 dropped_meas=0 dropped_solver=0
  pci0_scan: pci=84 dt=-2 dcfo=500 best_ssb=0 dmrs=0.1116
  pci0_scan: pci=84 dt=2 dcfo=0 best_ssb=6 dmrs=0.1272
  pci0_scan: pci=84 dt=2 dcfo=-500 best_ssb=6 dmrs=0.1356
UE loop: state=2 locked=0 cum_tracking_shift_samp=0 dropped_sync=0 dropped_meas=0 dropped_solver=0
  pci0_scan: pci=84 dt=2 dcfo=500 best_ssb=6 dmrs=0.1157
  pci0_scan: pci=84 dt=-3 dcfo=0 best_ssb=0 dmrs=0.1211
UE loop: state=2 locked=0 cum_tracking_shift_samp=0 dropped_sync=0 dropped_meas=0 dropped_solver=0
  pci0_scan: pci=84 dt=-3 dcfo=-500 best_ssb=0 dmrs=0.1360
  pci0_scan: pci=84 dt=-3 dcfo=500 best_ssb=0 dmrs=0.1004
  pci0_scan: pci=84 dt=3 dcfo=0 best_ssb=6 dmrs=0.1349
UE loop: state=2 locked=0 cum_tracking_shift_samp=0 dropped_sync=0 dropped_meas=0 dropped_solver=0
  pci0_scan: pci=84 dt=3 dcfo=-500 best_ssb=6 dmrs=0.1395
  pci0_scan: pci=84 dt=3 dcfo=500 best_ssb=6 dmrs=0.1262
pbch_hyps: count=8 decode=8 best_pci=84 best_ssb=0 best_dmrs=0.147 cfo=1439.7
  hyp[0]: pci=84 ssb=0 dmrs=0.147 ds=0 dt=-1 dcfo=-500.0
  hyp[1]: pci=84 ssb=0 dmrs=0.147 ds=0 dt=-2 dcfo=-500.0
  hyp[2]: pci=84 ssb=6 dmrs=0.139 ds=0 dt=3 dcfo=-500.0
  hyp[3]: pci=84 ssb=0 dmrs=0.138 ds=0 dt=0 dcfo=-500.0
  hyp[4]: pci=84 ssb=0 dmrs=0.136 ds=0 dt=-3 dcfo=-500.0
  hyp[5]: pci=84 ssb=6 dmrs=0.136 ds=0 dt=2 dcfo=-500.0
  hyp[6]: pci=84 ssb=6 dmrs=0.135 ds=0 dt=3 dcfo=0.0
  hyp[7]: pci=84 ssb=0 dmrs=0.135 ds=0 dt=-1 dcfo=0.0
UE loop: state=2 locked=0 cum_tracking_shift_samp=0 dropped_sync=0 dropped_meas=0 dropped_solver=0
  pbch_try[0]: pci=84 ssb=0 dmrs=0.147 noise=0.7804 cpe=0.022 dt=-1 dcfo=-500.0
  pbch_try[1]: pci=84 ssb=0 dmrs=0.147 noise=0.7795 cpe=0.025 dt=-2 dcfo=-500.0
UE loop: state=2 locked=0 cum_tracking_shift_samp=0 dropped_sync=0 dropped_meas=0 dropped_solver=0
  pbch_try[2]: pci=84 ssb=6 dmrs=0.139 noise=0.6948 cpe=0.016 dt=3 dcfo=-500.0
  pbch_try[3]: pci=84 ssb=0 dmrs=0.138 noise=0.7840 cpe=0.020 dt=0 dcfo=-500.0
  pbch_try[4]: pci=84 ssb=0 dmrs=0.136 noise=0.7724 cpe=0.028 dt=-3 dcfo=-500.0
UE loop: state=2 locked=0 cum_tracking_shift_samp=0 dropped_sync=0 dropped_meas=0 dropped_solver=0
  pbch_try[5]: pci=84 ssb=6 dmrs=0.136 noise=0.6926 cpe=0.014 dt=2 dcfo=-500.0
  pbch_try[6]: pci=84 ssb=6 dmrs=0.135 noise=0.6866 cpe=0.002 dt=3 dcfo=0.0
  pbch_try[7]: pci=84 ssb=0 dmrs=0.135 noise=0.7834 cpe=0.030 dt=-1 dcfo=0.0
pbch_bch: crc-fail pci=84 ssb=0 dmrs=0.147 second=0.147 ds=0 dt=-1 dcfo=-500.0 pss=0.160 snr=1.29
  pbch_cand[0]: pci=84 rc=-1 ok=0 dmrs=0.147 fail=3
iq_dump: saved tag=pbch_nearmiss reason=dmrs_weak iq=/tmp/nr_toa_iq_outdoor_20260410_160824/pbch_nearmiss_seq01_ts44860405_cf2114550000_fs30720000_pci84_ssb0_pss160_dmrs147.c16 meta=/tmp/nr_toa_iq_outdoor_20260410_160824/pbch_nearmiss_seq01_ts44860405_cf2114550000_fs30720000_pci84_ssb0_pss160_dmrs147.meta.txt
OUE loop: state=2 locked=0 cum_tracking_shift_samp=0 dropped_sync=0 dropped_meas=0 dropped_solver=0
UE loop: state=2 locked=0 cum_tracking_shift_samp=0 dropped_sync=0 dropped_meas=0 dropped_solver=0
UE loop: state=2 locked=0 cum_tracking_shift_samp=0 dropped_sync=0 dropped_meas=0 dropped_solver=0
UE loop: state=2 locked=0 cum_tracking_shift_samp=0 dropped_sync=0 dropped_meas=0 dropped_solver=0
UE loop: state=2 locked=0 cum_tracking_shift_samp=0 dropped_sync=0 dropped_meas=0 dropped_solver=0
UE loop: state=2 locked=0 cum_tracking_shift_samp=0 dropped_sync=0 dropped_meas=0 dropped_solver=0
UE loop: state=2 locked=0 cum_tracking_shift_samp=0 dropped_sync=0 dropped_meas=0 dropped_solver=0
UE loop: state=2 locked=0 cum_tracking_shift_samp=0 dropped_sync=0 dropped_meas=0 dropped_solver=0
UE loop: state=2 locked=0 cum_tracking_shift_samp=0 dropped_sync=0 dropped_meas=0 dropped_solver=0
UE loop: state=2 locked=0 cum_tracking_shift_samp=0 dropped_sync=0 dropped_meas=0 dropped_solver=0
UE loop: state=2 locked=0 cum_tracking_shift_samp=0 dropped_sync=0 dropped_meas=0 dropped_solver=0
UE loop: state=2 locked=0 cum_tracking_shift_samp=0 dropped_sync=0 dropped_meas=0 dropped_solver=0
UE loop: state=2 locked=0 cum_tracking_shift_samp=0 dropped_sync=0 dropped_meas=0 dropped_solver=0
UE loop: state=2 locked=0 cum_tracking_shift_samp=0 dropped_sync=0 dropped_meas=0 dropped_solver=0
UE loop: state=2 locked=0 cum_tracking_shift_samp=0 dropped_sync=0 dropped_meas=0 dropped_solver=0
UE loop: state=2 locked=0 cum_tracking_shift_samp=0 dropped_sync=0 dropped_meas=0 dropped_solver=0
UE loop: state=2 locked=0 cum_tracking_shift_samp=0 dropped_sync=0 dropped_meas=0 dropped_solver=0
UE loop: state=2 locked=0 cum_tracking_shift_samp=0 dropped_sync=0 dropped_meas=0 dropped_solver=0
UE loop: state=2 locked=0 cum_tracking_shift_samp=0 dropped_sync=0 dropped_meas=0 dropped_solver=0
UE loop: state=2 locked=0 cum_tracking_shift_samp=0 dropped_sync=0 dropped_meas=0 dropped_solver=0
UE loop: state=2 locked=0 cum_tracking_shift_samp=0 dropped_sync=0 dropped_meas=0 dropped_solver=0
UE loop: state=2 locked=0 cum_tracking_shift_samp=0 dropped_sync=0 dropped_meas=0 dropped_solver=0
UE loop: state=2 locked=0 cum_tracking_shift_samp=0 dropped_sync=0 dropped_meas=0 dropped_solver=0
UE loop: state=2 locked=0 cum_tracking_shift_samp=0 dropped_sync=0 dropped_meas=0 dropped_solver=0
UE loop: state=2 locked=0 cum_tracking_shift_samp=0 dropped_sync=0 dropped_meas=0 dropped_solver=0
UE loop: state=2 locked=0 cum_tracking_shift_samp=0 dropped_sync=0 dropped_meas=0 dropped_solver=0
UE loop: state=2 locked=0 cum_tracking_shift_samp=0 dropped_sync=0 dropped_meas=0 dropped_solver=0
UE loop: state=2 locked=0 cum_tracking_shift_samp=0 dropped_sync=0 dropped_meas=0 dropped_solver=0
UE loop: state=2 locked=0 cum_tracking_shift_samp=0 dropped_sync=0 dropped_meas=0 dropped_solver=0
UE loop: state=2 locked=0 cum_tracking_shift_samp=0 dropped_sync=0 dropped_meas=0 dropped_solver=0
UE loop: state=2 locked=0 cum_tracking_shift_samp=0 dropped_sync=0 dropped_meas=0 dropped_solver=0
UE loop: state=2 locked=0 cum_tracking_shift_samp=0 dropped_sync=0 dropped_meas=0 dropped_solver=0
UE loop: state=2 locked=0 cum_tracking_shift_samp=0 dropped_sync=0 dropped_meas=0 dropped_solver=0
UE loop: state=2 locked=0 cum_tracking_shift_samp=0 dropped_sync=0 dropped_meas=0 dropped_solver=0
UE loop: state=2 locked=0 cum_tracking_shift_samp=0 dropped_sync=0 dropped_meas=0 dropped_solver=0
UE loop: state=2 locked=0 cum_tracking_shift_samp=0 dropped_sync=0 dropped_meas=0 dropped_solver=0
UE loop: state=2 locked=0 cum_tracking_shift_samp=0 dropped_sync=0 dropped_meas=0 dropped_solver=0
UE loop: state=2 locked=0 cum_tracking_shift_samp=0 dropped_sync=0 dropped_meas=0 dropped_solver=0
UE loop: state=2 locked=0 cum_tracking_shift_samp=0 dropped_sync=0 dropped_meas=0 dropped_solver=0
UE loop: state=2 locked=0 cum_tracking_shift_samp=0 dropped_sync=0 dropped_meas=0 dropped_solver=0
UE loop: state=2 locked=0 cum_tracking_shift_samp=0 dropped_sync=0 dropped_meas=0 dropped_solver=0
UE loop: state=2 locked=0 cum_tracking_shift_samp=0 dropped_sync=0 dropped_meas=0 dropped_solver=0
UE loop: state=2 locked=0 cum_tracking_shift_samp=0 dropped_sync=0 dropped_meas=0 dropped_solver=0
UE loop: state=2 locked=0 cum_tracking_shift_samp=0 dropped_sync=0 dropped_meas=0 dropped_solver=0
UE loop: state=2 locked=0 cum_tracking_shift_samp=0 dropped_sync=0 dropped_meas=0 dropped_solver=0
UE loop: state=2 locked=0 cum_tracking_shift_samp=0 dropped_sync=0 dropped_meas=0 dropped_solver=0
UE loop: state=2 locked=0 cum_tracking_shift_samp=0 dropped_sync=0 dropped_meas=0 dropped_solver=0
UE loop: state=2 locked=0 cum_tracking_shift_samp=0 dropped_sync=0 dropped_meas=0 dropped_solver=0
UE loop: state=2 locked=0 cum_tracking_shift_samp=0 dropped_sync=0 dropped_meas=0 dropped_solver=0
UE loop: state=2 locked=0 cum_tracking_shift_samp=0 dropped_sync=0 dropped_meas=0 dropped_solver=0
UE loop: state=2 locked=0 cum_tracking_shift_samp=0 dropped_sync=0 dropped_meas=0 dropped_solver=0
UE loop: state=2 locked=0 cum_tracking_shift_samp=0 dropped_sync=0 dropped_meas=0 dropped_solver=0
UE loop: state=2 locked=0 cum_tracking_shift_samp=0 dropped_sync=0 dropped_meas=0 dropped_solver=0
UE loop: state=2 locked=0 cum_tracking_shift_samp=0 dropped_sync=0 dropped_meas=0 dropped_solver=0
UE loop: state=2 locked=0 cum_tracking_shift_samp=0 dropped_sync=0 dropped_meas=0 dropped_solver=0
UE loop: state=2 locked=0 cum_tracking_shift_samp=0 dropped_sync=0 dropped_meas=0 dropped_solver=0
UE loop: state=2 locked=0 cum_tracking_shift_samp=0 dropped_sync=0 dropped_meas=0 dropped_solver=0
UE loop: state=2 locked=0 cum_tracking_shift_samp=0 dropped_sync=0 dropped_meas=0 dropped_solver=0
UE loop: state=2 locked=0 cum_tracking_shift_samp=0 dropped_sync=0 dropped_meas=0 dropped_solver=0
UE loop: state=2 locked=0 cum_tracking_shift_samp=0 dropped_sync=0 dropped_meas=0 dropped_solver=0
UE loop: state=2 locked=0 cum_tracking_shift_samp=0 dropped_sync=0 dropped_meas=0 dropped_solver=0
UE loop: state=2 locked=0 cum_tracking_shift_samp=0 dropped_sync=0 dropped_meas=0 dropped_solver=0
UE loop: state=2 locked=0 cum_tracking_shift_samp=0 dropped_sync=0 dropped_meas=0 dropped_solver=0
