Outdoor SSB test
bin: /home/jfm/桌面/TOA_USRP_LimeSDR/build/nr-toa-uesoftmodem
cfg: /home/jfm/桌面/TOA_USRP_LimeSDR/targets/PROJECTS/NR-TOA/CONF/ue.toa.ssb.usrpb210.n1_422910_pci84.precise.conf
log: /tmp/nr_toa_outdoor_20260409_223531.log
iq_dump_dir: /tmp/nr_toa_iq_outdoor_20260409_223531
delay_csv: /tmp/verify_sib1_plan_delay.csv

Live success markers:
  SSB candidate seen:   pss_hits:
  PBCH tried:           pbch_cand: / pbch_bch:
  PBCH+MIB success:     SSB_LOCK_EVENT:
  Final per-cycle line: sync_result:
  Relative delay CSV:   relative_delay:

Stop with Ctrl+C.

NR-TOA UE cfg: sdr=usrp clock=internal time=internal f=2114550000 Fs=30720000 rx_gain=64.0 tx_gain=0.0 mode=0 meas_mode=0 full_band_sweep=0 strict_center_freq=1 gain_sweep=0 target_pci=84 ssb_scs=15kHz anchor_db_path=targets/PROJECTS/NR-TOA/CONF/anchors.csv n_anchors=2
NR-TOA note: SSB mode now attempts real PBCH/MIB decode; treat ssb_locked=1 with mib=0 as a decode failure, not a successful cell accept.
NR-TOA note: structured MIB context now derives a live FR1 Type0-PDCCH/SIB1 skeleton (k_SSB/CORESET0/SearchSpace0 + monitoring window).
NR-TOA note: IQ near-miss dump enabled, dir=/tmp/nr_toa_iq_outdoor_20260409_223531
relative_delay_csv: path=/tmp/verify_sib1_plan_delay.csv
[INFO] [UHD] linux; GNU C++ version 13.3.0; Boost_108300; UHD_4.8.0.HEAD-0-g308126a4
[INFO] [B200] Detected Device: B210
[INFO] [B200] Operating over USB 3.
[INFO] [B200] Initialize CODEC control...
[INFO] [B200] Initialize Radio control...
[INFO] [B200] Performing register loopback test... 
[INFO] [B200] Register loopback test passed
[INFO] [B200] Performing register loopback test... 
[INFO] [B200] Register loopback test passed
[INFO] [B200] Setting master clock rate selection to 'automatic'.
[INFO] [B200] Asking for clock rate 16.000000 MHz... 
[INFO] [B200] Actually got clock rate 16.000000 MHz.
[INFO] [B200] Asking for clock rate 30.720000 MHz... 
[INFO] [B200] Actually got clock rate 30.720000 MHz.
USRP: configured req(rate=30720000 rx=2114550000 tx=2114550000 gain=64.0) act(rate=30720000 rx=2114550000 tx=2114550000 rx_gain=64.0 tx_gain=0.0 rx_bw=56000000) lo_locked=1
USRP: RX streaming started
freq_sweep: plan_points=1 center=2114550000Hz first=2114550000Hz last=2114550000Hz step_iters=20
rx_gain_plan: count=1 start=64.0 end=64.0 current=64.0
sync_actor: ts=43621563 nsamps=623184 avg_pwr=4198749.9 peak=84912544.0
UE loop: state=2 locked=0 cum_tracking_shift_samp=0 dropped_sync=0 dropped_meas=0 dropped_solver=0
UE loop: state=2 locked=0 cum_tracking_shift_samp=0 dropped_sync=0 dropped_meas=0 dropped_solver=0
UE loop: state=2 locked=0 cum_tracking_shift_samp=0 dropped_sync=0 dropped_meas=0 dropped_solver=0
UE loop: state=2 locked=0 cum_tracking_shift_samp=0 dropped_sync=0 dropped_meas=0 dropped_solver=0
UE loop: state=2 locked=0 cum_tracking_shift_samp=0 dropped_sync=0 dropped_meas=0 dropped_solver=0
UE loop: state=2 locked=0 cum_tracking_shift_samp=0 dropped_sync=0 dropped_meas=0 dropped_solver=0
UE loop: state=2 locked=0 cum_tracking_shift_samp=0 dropped_sync=0 dropped_meas=0 dropped_solver=0
UE loop: state=2 locked=0 cum_tracking_shift_samp=0 dropped_sync=0 dropped_meas=0 dropped_solver=0
UE loop: state=2 locked=0 cum_tracking_shift_samp=0 dropped_sync=0 dropped_meas=0 dropped_solver=0
UE loop: state=2 locked=0 cum_tracking_shift_samp=0 dropped_sync=0 dropped_meas=0 dropped_solver=0
UE loop: state=2 locked=0 cum_tracking_shift_samp=0 dropped_sync=0 dropped_meas=0 dropped_solver=0
UE loop: state=2 locked=0 cum_tracking_shift_samp=0 dropped_sync=0 dropped_meas=0 dropped_solver=0
UE loop: state=2 locked=0 cum_tracking_shift_samp=0 dropped_sync=0 dropped_meas=0 dropped_solver=0
UE loop: state=2 locked=0 cum_tracking_shift_samp=0 dropped_sync=0 dropped_meas=0 dropped_solver=0
UE loop: state=2 locked=0 cum_tracking_shift_samp=0 dropped_sync=0 dropped_meas=0 dropped_solver=0
UE loop: state=2 locked=0 cum_tracking_shift_samp=0 dropped_sync=0 dropped_meas=0 dropped_solver=0
UE loop: state=2 locked=0 cum_tracking_shift_samp=0 dropped_sync=0 dropped_meas=0 dropped_solver=0
UE loop: state=2 locked=0 cum_tracking_shift_samp=0 dropped_sync=0 dropped_meas=0 dropped_solver=0
UE loop: state=2 locked=0 cum_tracking_shift_samp=0 dropped_sync=0 dropped_meas=0 dropped_solver=0
UE loop: state=2 locked=0 cum_tracking_shift_samp=0 dropped_sync=0 dropped_meas=0 dropped_solver=0
UE loop: state=2 locked=0 cum_tracking_shift_samp=0 dropped_sync=0 dropped_meas=0 dropped_solver=0
UE loop: state=2 locked=0 cum_tracking_shift_samp=0 dropped_sync=0 dropped_meas=0 dropped_solver=0
UE loop: state=2 locked=0 cum_tracking_shift_samp=0 dropped_sync=0 dropped_meas=0 dropped_solver=0
UE loop: state=2 locked=0 cum_tracking_shift_samp=0 dropped_sync=0 dropped_meas=0 dropped_solver=0
UE loop: state=2 locked=0 cum_tracking_shift_samp=0 dropped_sync=0 dropped_meas=0 dropped_solver=0
UE loop: state=2 locked=0 cum_tracking_shift_samp=0 dropped_sync=0 dropped_meas=0 dropped_solver=0
UE loop: state=2 locked=0 cum_tracking_shift_samp=0 dropped_sync=0 dropped_meas=0 dropped_solver=0
UE loop: state=2 locked=0 cum_tracking_shift_samp=0 dropped_sync=0 dropped_meas=0 dropped_solver=0
UE loop: state=2 locked=0 cum_tracking_shift_samp=0 dropped_sync=0 dropped_meas=0 dropped_solver=0
UE loop: state=2 locked=0 cum_tracking_shift_samp=0 dropped_sync=0 dropped_meas=0 dropped_solver=0
UE loop: state=2 locked=0 cum_tracking_shift_samp=0 dropped_sync=0 dropped_meas=0 dropped_solver=0
UE loop: state=2 locked=0 cum_tracking_shift_samp=0 dropped_sync=0 dropped_meas=0 dropped_solver=0
UE loop: state=2 locked=0 cum_tracking_shift_samp=0 dropped_sync=0 dropped_meas=0 dropped_solver=0
UE loop: state=2 locked=0 cum_tracking_shift_samp=0 dropped_sync=0 dropped_meas=0 dropped_solver=0
UE loop: state=2 locked=0 cum_tracking_shift_samp=0 dropped_sync=0 dropped_meas=0 dropped_solver=0
UE loop: state=2 locked=0 cum_tracking_shift_samp=0 dropped_sync=0 dropped_meas=0 dropped_solver=0
UE loop: state=2 locked=0 cum_tracking_shift_samp=0 dropped_sync=0 dropped_meas=0 dropped_solver=0
UE loop: state=2 locked=0 cum_tracking_shift_samp=0 dropped_sync=0 dropped_meas=0 dropped_solver=0
UE loop: state=2 locked=0 cum_tracking_shift_samp=0 dropped_sync=0 dropped_meas=0 dropped_solver=0
UE loop: state=2 locked=0 cum_tracking_shift_samp=0 dropped_sync=0 dropped_meas=0 dropped_solver=0
UE loop: state=2 locked=0 cum_tracking_shift_samp=0 dropped_sync=0 dropped_meas=0 dropped_solver=0
UE loop: state=2 locked=0 cum_tracking_shift_samp=0 dropped_sync=0 dropped_meas=0 dropped_solver=0
UE loop: state=2 locked=0 cum_tracking_shift_samp=0 dropped_sync=0 dropped_meas=0 dropped_solver=0
UE loop: state=2 locked=0 cum_tracking_shift_samp=0 dropped_sync=0 dropped_meas=0 dropped_solver=0
UE loop: state=2 locked=0 cum_tracking_shift_samp=0 dropped_sync=0 dropped_meas=0 dropped_solver=0
UE loop: state=2 locked=0 cum_tracking_shift_samp=0 dropped_sync=0 dropped_meas=0 dropped_solver=0
UE loop: state=2 locked=0 cum_tracking_shift_samp=0 dropped_sync=0 dropped_meas=0 dropped_solver=0
UE loop: state=2 locked=0 cum_tracking_shift_samp=0 dropped_sync=0 dropped_meas=0 dropped_solver=0
UE loop: state=2 locked=0 cum_tracking_shift_samp=0 dropped_sync=0 dropped_meas=0 dropped_solver=0
UE loop: state=2 locked=0 cum_tracking_shift_samp=0 dropped_sync=0 dropped_meas=0 dropped_solver=0
UE loop: state=2 locked=0 cum_tracking_shift_samp=0 dropped_sync=0 dropped_meas=0 dropped_solver=0
UE loop: state=2 locked=0 cum_tracking_shift_samp=0 dropped_sync=0 dropped_meas=0 dropped_solver=0
UE loop: state=2 locked=0 cum_tracking_shift_samp=0 dropped_sync=0 dropped_meas=0 dropped_solver=0
UE loop: state=2 locked=0 cum_tracking_shift_samp=0 dropped_sync=0 dropped_meas=0 dropped_solver=0
UE loop: state=2 locked=0 cum_tracking_shift_samp=0 dropped_sync=0 dropped_meas=0 dropped_solver=0
UE loop: state=2 locked=0 cum_tracking_shift_samp=0 dropped_sync=0 dropped_meas=0 dropped_solver=0
UE loop: state=2 locked=0 cum_tracking_shift_samp=0 dropped_sync=0 dropped_meas=0 dropped_solver=0
UE loop: state=2 locked=0 cum_tracking_shift_samp=0 dropped_sync=0 dropped_meas=0 dropped_solver=0
UE loop: state=2 locked=0 cum_tracking_shift_samp=0 dropped_sync=0 dropped_meas=0 dropped_solver=0
UE loop: state=2 locked=0 cum_tracking_shift_samp=0 dropped_sync=0 dropped_meas=0 dropped_solver=0
UE loop: state=2 locked=0 cum_tracking_shift_samp=0 dropped_sync=0 dropped_meas=0 dropped_solver=0
UE loop: state=2 locked=0 cum_tracking_shift_samp=0 dropped_sync=0 dropped_meas=0 dropped_solver=0
pss_hits: [0]nid2=0 off=181168 m=0.193 cfo=1914.0 [1]nid2=1 off=74065 m=0.119 [2]nid2=0 off=320774 m=0.104 [3]nid2=2 off=620974 m=0.035
UE loop: state=2 locked=0 cum_tracking_shift_samp=0 dropped_sync=0 dropped_meas=0 dropped_solver=0
UE loop: state=2 locked=0 cum_tracking_shift_samp=0 dropped_sync=0 dropped_meas=0 dropped_solver=0
acq_cands: count=1
  cand[0]: pci=84 nid2=0 nid1=28 off=181168 cfo=1914.0 rank=0.193 pss=0.193 hyps=1
GRID_DBG: pci=84 cfo=1914.0 pss_corr=0.6834 sss_corr=0.6350 pss_ph=51.1 sym_pow=[1701.4,2691.9,2718.9,2824.4]
  pci0_scan: pci=84 dt=0 dcfo=0 best_ssb=3 dmrs=0.5556
  pci0_scan: pci=84 dt=0 dcfo=-500 best_ssb=3 dmrs=0.5318
UE loop: state=2 locked=0 cum_tracking_shift_samp=0 dropped_sync=0 dropped_meas=0 dropped_solver=0
  pci0_scan: pci=84 dt=0 dcfo=500 best_ssb=3 dmrs=0.5547
  pci0_scan: pci=84 dt=-1 dcfo=0 best_ssb=3 dmrs=0.4544
UE loop: state=2 locked=0 cum_tracking_shift_samp=0 dropped_sync=0 dropped_meas=0 dropped_solver=0
  pci0_scan: pci=84 dt=-1 dcfo=-500 best_ssb=3 dmrs=0.4339
  pci0_scan: pci=84 dt=-1 dcfo=500 best_ssb=3 dmrs=0.4552
  pci0_scan: pci=84 dt=1 dcfo=0 best_ssb=3 dmrs=0.6320
UE loop: state=2 locked=0 cum_tracking_shift_samp=0 dropped_sync=0 dropped_meas=0 dropped_solver=0
  pci0_scan: pci=84 dt=1 dcfo=-500 best_ssb=3 dmrs=0.6056
  pci0_scan: pci=84 dt=1 dcfo=500 best_ssb=3 dmrs=0.6296
  pci0_scan: pci=84 dt=-2 dcfo=0 best_ssb=3 dmrs=0.3385
UE loop: state=2 locked=0 cum_tracking_shift_samp=0 dropped_sync=0 dropped_meas=0 dropped_solver=0
  pci0_scan: pci=84 dt=-2 dcfo=-500 best_ssb=3 dmrs=0.3214
  pci0_scan: pci=84 dt=-2 dcfo=500 best_ssb=3 dmrs=0.3412
  pci0_scan: pci=84 dt=2 dcfo=0 best_ssb=3 dmrs=0.6777
UE loop: state=2 locked=0 cum_tracking_shift_samp=0 dropped_sync=0 dropped_meas=0 dropped_solver=0
  pci0_scan: pci=84 dt=2 dcfo=-500 best_ssb=3 dmrs=0.6496
  pci0_scan: pci=84 dt=2 dcfo=500 best_ssb=3 dmrs=0.6741
  pci0_scan: pci=84 dt=-3 dcfo=0 best_ssb=3 dmrs=0.2186
UE loop: state=2 locked=0 cum_tracking_shift_samp=0 dropped_sync=0 dropped_meas=0 dropped_solver=0
  pci0_scan: pci=84 dt=-3 dcfo=-500 best_ssb=3 dmrs=0.2060
  pci0_scan: pci=84 dt=-3 dcfo=500 best_ssb=3 dmrs=0.2222
UE loop: state=2 locked=0 cum_tracking_shift_samp=0 dropped_sync=0 dropped_meas=0 dropped_solver=0
  pci0_scan: pci=84 dt=3 dcfo=0 best_ssb=3 dmrs=0.6877
  pci0_scan: pci=84 dt=3 dcfo=-500 best_ssb=3 dmrs=0.6596
  pci0_scan: pci=84 dt=3 dcfo=500 best_ssb=3 dmrs=0.6829
pbch_hyps: count=8 decode=8 best_pci=84 best_ssb=3 best_dmrs=0.688 cfo=1914.0
  hyp[0]: pci=84 ssb=3 dmrs=0.688 ds=0 dt=3 dcfo=0.0
  hyp[1]: pci=84 ssb=3 dmrs=0.683 ds=0 dt=3 dcfo=500.0
  hyp[2]: pci=84 ssb=3 dmrs=0.678 ds=0 dt=2 dcfo=0.0
  hyp[3]: pci=84 ssb=3 dmrs=0.674 ds=0 dt=2 dcfo=500.0
  hyp[4]: pci=84 ssb=3 dmrs=0.660 ds=0 dt=3 dcfo=-500.0
  hyp[5]: pci=84 ssb=3 dmrs=0.650 ds=0 dt=2 dcfo=-500.0
  hyp[6]: pci=84 ssb=3 dmrs=0.632 ds=0 dt=1 dcfo=0.0
  hyp[7]: pci=84 ssb=3 dmrs=0.630 ds=0 dt=1 dcfo=500.0
UE loop: state=2 locked=0 cum_tracking_shift_samp=0 dropped_sync=0 dropped_meas=0 dropped_solver=0
  pbch_try[0]: pci=84 ssb=3 dmrs=0.688 noise=0.2011 cpe=-0.011 dt=3 dcfo=0.0
  LLR_PRE_SCR: pci=84 ssb=3 mean_abs=8.81 max=128.39 pos_frac=0.512
pbch_bch: ok pci=84 ssb=3 dmrs=0.688 dt=3 dcfo=0.0 pss=0.193 snr=1.76 sfn=626 mib=0x9c2b15
  pbch_cand[0]: pci=84 rc=0 ok=1 dmrs=0.688 fail=0
iq_dump: saved tag=pbch_ok reason=none iq=/tmp/nr_toa_iq_outdoor_20260409_223531/pbch_ok_seq00_ts43621563_cf2114550000_fs30720000_pci84_ssb3_pss193_dmrs688.c16 meta=/tmp/nr_toa_iq_outdoor_20260409_223531/pbch_ok_seq00_ts43621563_cf2114550000_fs30720000_pci84_ssb3_pss193_dmrs688.meta.txt
SSB_LOCK_EVENT: pci=84 freq=2114550000Hz gscn=1762 target_pci=84 offset=181171 cfo=1914.04 snr=1.76 metric=0.193 pbch=1 mib=1 sfn=626 mib_payload=0x9c2b15 det=1 nodet=0
cell_ctx: pci=84 freq=2114550000Hz gscn=1762 ssb=3 sfn=626 scs_common=15k k_ssb=1 k_ssb_msb=0 dmrsTypeA=pos2 coreset0=11 searchSpace0=1 cellBarred=0 intraFreqResel=1 mib=0x9c2b15
type0_css: scs_ssb=15kHz scs_pdcch=15kHz mux=1 coreset_rbs=48 coreset_sym=3 rb_offset=16 first_sym=3 duration=2 period_slots=20 n0=1 nc=0 sfn_c=0 monitor_now=0 frame=626 slot=0
sib1_rx_plan: si_rnti=0xffff dci=1_0 css=common refPoint=pointA k_ssb=1 k_ssb_norm=1 coreset0_present=1 bwp_size_rb=48 bwp_start_rb=unknown pdcch_scs=15kHz dlsch_scs=15kHz first_sym=3 period_slots=20 duration=2 active_now=0 frame=626 slot=0
sib1_rx_plan_detail: bwp_start_rb=unknown coreset_num_rbs=48 coreset_num_symbols=3 coreset_rb_offset=16 ssb_start_sc_rel_dc=-120 coreset0_sc_rel_dc=[-313,262] sym_bitmap=0x0700 n0=1 nc=0 cand_count=7
sib1_dci_cand[0]: L=16 first_cce=0
sib1_dci_cand[1]: L=8 first_cce=0
sib1_dci_cand[2]: L=8 first_cce=8
sib1_dci_cand[3]: L=4 first_cce=0
sib1_dci_cand[4]: L=4 first_cce=4
sib1_dci_cand[5]: L=4 first_cce=12
sib1_dci_cand[6]: L=4 first_cce=16
sync_result: detected ssb_locked=1 pbch=1 mib=1 pci=84 ssb=3 sfn=626 mib_payload=0x9c2b15 freq=2114550000Hz gscn=1762 target_pci=84 offset=181171 cfo=1914.04 snr=1.76 metric=0.193 miss_streak=0 det=1 nodet=0 dropped_sync=0 dropped_meas=0 dropped_solver=0
cell_ctx: pci=84 freq=2114550000Hz gscn=1762 ssb=3 sfn=626 scs_common=15k k_ssb=1 k_ssb_msb=0 dmrsTypeA=pos2 coreset0=11 searchSpace0=1 cellBarred=0 intraFreqResel=1 mib=0x9c2b15
type0_css: scs_ssb=15kHz scs_pdcch=15kHz mux=1 coreset_rbs=48 coreset_sym=3 rb_offset=16 first_sym=3 duration=2 period_slots=20 n0=1 nc=0 sfn_c=0 monitor_now=0 frame=626 slot=0
sib1_rx_plan: si_rnti=0xffff dci=1_0 css=common refPoint=pointA k_ssb=1 k_ssb_norm=1 coreset0_present=1 bwp_size_rb=48 bwp_start_rb=unknown pdcch_scs=15kHz dlsch_scs=15kHz first_sym=3 period_slots=20 duration=2 active_now=0 frame=626 slot=0
sib1_rx_plan_detail: bwp_start_rb=unknown coreset_num_rbs=48 coreset_num_symbols=3 coreset_rb_offset=16 ssb_start_sc_rel_dc=-120 coreset0_sc_rel_dc=[-313,262] sym_bitmap=0x0700 n0=1 nc=0 cand_count=7
sib1_dci_cand[0]: L=16 first_cce=0
sib1_dci_cand[1]: L=8 first_cce=0
sib1_dci_cand[2]: L=8 first_cce=8
sib1_dci_cand[3]: L=4 first_cce=0
sib1_dci_cand[4]: L=4 first_cce=4
sib1_dci_cand[5]: L=4 first_cce=12
sib1_dci_cand[6]: L=4 first_cce=16
USRP: RX overflow count=1 timeout=0
Orelative_delay: row=1 rel_ns=5905177.84 ma_ns=5905177.84 jitter_ns=0.00 pci=84 ssb=3 snr=1.76 peak=5.629
relative_delay: row=2 rel_ns=5897827.02 ma_ns=5901502.43 jitter_ns=3675.41 pci=84 ssb=3 snr=1.76 peak=4.959
relative_delay: row=3 rel_ns=5897493.49 ma_ns=5900166.12 jitter_ns=3546.44 pci=84 ssb=3 snr=1.76 peak=4.352
relative_delay: row=4 rel_ns=5897656.69 ma_ns=5899538.76 jitter_ns=3257.86 pci=84 ssb=3 snr=1.76 peak=4.885
